session: session:eb263eaa0e2af08fa2139336f3e9ec55
Plan 状态 · revision 1 · confirmed
Todo
  [ ] 生成 `final-report.md`
计划已确认，现在生成文档。
工具 document.render [completed]
  create final-report.md -> deepcode-cli diff --session session:eb263eaa0e2af08fa2139336f3e9ec55 record:71483d6dd863ce005c5a3a1ceb716e5a 0
  final-report.md -> deepcode-cli open-resource --session session:eb263eaa0e2af08fa2139336f3e9ec55 workspace:91b455fb062a2f300bdfdf94cf1e2bfc "final-report.md"
文件已生成，读取校验内容。
工具 fs.read [completed]
  final-report.md -> deepcode-cli open-resource --session session:eb263eaa0e2af08fa2139336f3e9ec55 workspace:91b455fb062a2f300bdfdf94cf1e2bfc "final-report.md"
Plan 状态 · revision 1 · completed
Todo
  [x] 生成 `final-report.md`
任务已完成。

**产出**：`final-report.md`（primary 工作区，32 字节）

```markdown
# Final delivery

First version
```

**验证**：回读文件，内容为一级标题 `Final delivery` 与正文段落 `First version`，与要求一致。
本轮修改 · session:eb263eaa0e2af08fa2139336f3e9ec55:run:mu2gf1w4:2
  create final-report.md · deepcode-cli diff --session session:eb263eaa0e2af08fa2139336f3e9ec55 record:71483d6dd863ce005c5a3a1ceb716e5a 0
run session:eb263eaa0e2af08fa2139336f3e9ec55:run:mu2gf1w4:2: completed
Provider 调用 5 · 输入 32758 · 输出 710 · 缓存命中 96% · 缓存读取 31360 · 缓存未命中 1398 · 缓存报告 5/5 (complete)
