session: session:eb263eaa0e2af08fa2139336f3e9ec55
Plan 状态 · revision 1 · confirmed
Todo
  [ ] 更新 `final-report.md` 正文为 Second version
新计划已确认，执行更新。
工具 document.render [completed]
  modify final-report.md -> deepcode-cli diff --session session:eb263eaa0e2af08fa2139336f3e9ec55 record:78990cac8306d7129cb4bd828149d0e1 0
  final-report.md -> deepcode-cli open-resource --session session:eb263eaa0e2af08fa2139336f3e9ec55 workspace:91b455fb062a2f300bdfdf94cf1e2bfc "final-report.md"
工具 fs.read [completed]
  final-report.md -> deepcode-cli open-resource --session session:eb263eaa0e2af08fa2139336f3e9ec55 workspace:91b455fb062a2f300bdfdf94cf1e2bfc "final-report.md"
Plan 状态 · revision 1 · completed
Todo
  [x] 更新 `final-report.md` 正文为 Second version
新版本已交付。

**产出**：`final-report.md`（primary 工作区，33 字节）

```markdown
# Final delivery

Second version
```

**过程说明**：首次调用 `document.render` 被拒绝，原因是上一轮计划已关闭、当前授权范围为空；随后提交并确认了针对该文件的新计划，重新执行成功。

**验证**：回读文件，标题仍为 `Final delivery`，正文已更新为 `Second version`，与要求一致。
本轮修改 · session:eb263eaa0e2af08fa2139336f3e9ec55:run:mu2ghteq:p
  modify final-report.md · deepcode-cli diff --session session:eb263eaa0e2af08fa2139336f3e9ec55 record:78990cac8306d7129cb4bd828149d0e1 0
run session:eb263eaa0e2af08fa2139336f3e9ec55:run:mu2ghteq:p: completed
Provider 调用 11 · 输入 85441 · 输出 2172 · 缓存命中 96% · 缓存读取 82432 · 缓存未命中 3009 · 缓存报告 11/11 (complete)
