session: session:eb263eaa0e2af08fa2139336f3e9ec55
工具 browser.page [active]
  已执行 0.0s
工具 browser.page [completed]
  browser:pages
Plan 状态 · revision 1 · completed
Todo
  [x] 打开本地页面并输入 Reviewed 后点击 #apply
  [x] 截图保存为 native-preview.png 并保留下页面
任务全部完成。

**执行过程**
1. 以 `browser.page` 打开 `/tmp/deepcode-ah-gui-20260915/workspace/index.html`（即工作区 `index.html`，相对资源 `style.css`、`app.js` 正常加载），页面 ID 为 `preview-2`。
2. 向 `#name` 输入 `Reviewed`（`typed: true`），点击 `#apply`（`clicked: true`）。
3. 回读页面文本确认 `#result` 已由「第一版页面」变为 `Reviewed`，说明点击生效。
4. 以 `browser.capture` 截取该原生预览视口并保存为 `native-preview.png`。

**验证结果**
- `native-preview.png`：71,335 字节，`PNG image data, 958 x 1642, 8-bit/color RGBA, non-interlaced`。
- 页面状态：`preview-2` 仍为 `ready` 且 `visible: true`，按你要求保持打开，未关闭。

页面内的按钮逻辑只修改 `#result` 文本，不写入文件；本次唯一的工作区写入为截图文件。
本轮修改 · session:eb263eaa0e2af08fa2139336f3e9ec55:run:mu2gmo6v:1g
  create native-preview.png · deepcode-cli diff --session session:eb263eaa0e2af08fa2139336f3e9ec55 record:e5a9da027d3ba504e3edb716fd074409 0
run session:eb263eaa0e2af08fa2139336f3e9ec55:run:mu2gmo6v:1g: completed
Provider 调用 23 · 输入 262361 · 输出 5714 · 缓存命中 94% · 缓存读取 246784 · 缓存未命中 15577 · 缓存报告 23/23 (complete)
