session: session:eb263eaa0e2af08fa2139336f3e9ec55
工具 browser.page [completed]
  browser:preview-2
`#result` 已更新为 Reviewed。接着截图并标记第一步完成。
工具 browser.capture [active]
  已执行 0.0s
  实时输出 · stdout 0 bytes · stderr 0 bytes
Todo
  [x] 打开本地页面并输入 Reviewed 后点击 #apply
  [ ] 截图保存为 native-preview.png 并保留下页面
工具 browser.capture [completed]
  create native-preview.png -> deepcode-cli diff --session session:eb263eaa0e2af08fa2139336f3e9ec55 record:e5a9da027d3ba504e3edb716fd074409 0
  native-preview.png -> deepcode-cli open-resource --session session:eb263eaa0e2af08fa2139336f3e9ec55 workspace:91b455fb062a2f300bdfdf94cf1e2bfc "native-preview.png"
截图已生成，验证文件与页面状态。
工具 bash [completed]
  $ set -o pipefail
ls -l native-preview.png
file native-preview.png
  cwd: .
  environment: shell=/bin/bash · interactive=false · pathSource=hostPlusStandardDeveloperPaths · writeScope=kernelTemporaryOnly · homeWritable=false
  exit: 0 · 37 ms · 148 bytes
  stdout:
    -rw-r--r--@ 1 wangdi  wheel  71335 Sep 15 17:21 native-preview.png
    native-preview.png: PNG image data, 958 x 1642, 8-bit/color RGBA, non-interlaced
  . -> deepcode-cli open-resource --session session:eb263eaa0e2af08fa2139336f3e9ec55 workspace:91b455fb062a2f300bdfdf94cf1e2bfc "."
工具 browser.page [requested]
需要你批准：执行 browser.page：browser:pages
  - browser:pages
继续：输入 /reply 1 允许或 /reply 2 拒绝。
