session: session:eb263eaa0e2af08fa2139336f3e9ec55
工具 browser.page [completed]
  browser:pages
工具 bash [completed]
  $ set -o pipefail
tail -n 6 "/Users/wangdi/Library/Application Support/com.achbite.deepcode.gui/development-services/dcinstance_c8ed7b536515e5e0568ff33520cf79cbee1a1cc3d2a57ad4c99dc27c6c0b1ce6/development-5.log" 2>&1
echo "--- exit: $? ---"
  cwd: .
  environment: shell=/bin/bash · interactive=false · pathSource=hostPlusStandardDeveloperPaths · writeScope=kernelTemporaryOnly · homeWritable=false
  exit: 0 · 25 ms · 211 bytes
  stdout:
    127.0.0.1 - - [15/Sep/2026 17:25:10] "GET / HTTP/1.1" 200 -
    127.0.0.1 - - [15/Sep/2026 17:25:10] "GET /style.css HTTP/1.1" 200 -
    127.0.0.1 - - [15/Sep/2026 17:25:10] "GET /app.js HTTP/1.1" 200 -
    --- exit: 0 ---
  . -> deepcode-cli open-resource --session session:eb263eaa0e2af08fa2139336f3e9ec55 workspace:91b455fb062a2f300bdfdf94cf1e2bfc "."
开发服务生命周期检查完成，全部步骤均已验证。

**执行记录**

| 步骤 | 操作 | 结果 |
| --- | --- | --- |
| 1 | `browser.service` start：`/usr/bin/python3 -m http.server 32185 --bind 127.0.0.1`，目录 `/tmp/deepcode-ah-gui-20260915/workspace` | `development-5` 启动，PID 61626 |
| 2 | `browser.page` 打开服务 URL `http://127.0.0.1:32185/` | 页面 `preview-6` 就绪 |
| 3 | `browser.page` inspect | 返回 `index.html` 内容：标题 `DeepCode 原生预览`、正文「第一版页面」 |
| 4 | 关闭页面 `preview-6` | `status: closed` |
| 5 | 仅停止 `development-5` | `status: stopped` |

**服务可用性证据**（进程存在不等于 URL 就绪，故以实际请求为准）：服务日志记录到真实请求并返回 200：

```
127.0.0.1 - - [15/Sep/2026 17:25:10] "GET / HTTP/1.1" 200 -
127.0.0.1 - - [15/Sep/2026 17:25:10] "GET /style.css HTTP/1.1" 200 -
127.0.0.1 - - [15/Sep/2026 17:25:10] "GET /app.js HTTP/1.1" 200 -
```

**最终状态**
- `browser.service list` → `{"services":[]}`，服务已停止（仅终止了 `development-5`）。
- `browser_page list` → `{"pages":[]}`。

**一点需要说明的情况**：当前页面列表为空，说明本轮只关闭了 `preview-6`（HTTP 页面），而上一轮要求保留打开的 `preview-2`（`file://` 页面）也已不在列表中——不是我关闭的，可能是外部操作或 Reader 状态变化，特此告知。
run session:eb263eaa0e2af08fa2139336f3e9ec55:run:mu2gt3pv:3i: completed
Provider 调用 29 · 输入 386204 · 输出 8919 · 缓存命中 95% · 缓存读取 368256 · 缓存未命中 17948 · 缓存报告 29/29 (complete)
