==[build][START]== 2026-09-15T17:43:31Z
==[build]== source: /Users/wangdi/Desktop/Project/DeepCode/DeepCode-dev-main
==[build]== host=Darwin; requested stages: ui-gui; clean-cache=0
==[build]== run selected stages in the development container: ui-gui
[make] 更新开发镜像 deepcode-dev:latest（未变化层使用 Docker 缓存）...
#0 building with "default" instance using docker driver

#1 [internal] load build definition from Dockerfile.dev
#1 transferring dockerfile: 6.53kB done
#1 DONE 0.0s

#2 resolve image config for docker-image://docker.io/docker/dockerfile:1.7
#2 DONE 1.3s

#3 docker-image://docker.io/docker/dockerfile:1.7@sha256:a57df69d0ea827fb7266491f2813635de6f17269be881f696fbfdf2d83dda33e
#3 resolve docker.io/docker/dockerfile:1.7@sha256:a57df69d0ea827fb7266491f2813635de6f17269be881f696fbfdf2d83dda33e 0.0s done
#3 DONE 0.0s

#3 docker-image://docker.io/docker/dockerfile:1.7@sha256:a57df69d0ea827fb7266491f2813635de6f17269be881f696fbfdf2d83dda33e
#3 CACHED

#4 [internal] load metadata for docker.io/library/rust:1.88-bookworm
#4 DONE 0.2s

#5 [internal] load .dockerignore
#5 transferring context:
#5 transferring context: 237B done
#5 DONE 0.2s

#6 [stage-0  1/11] FROM docker.io/library/rust:1.88-bookworm@sha256:af306cfa71d987911a781c37b59d7d67d934f49684058f96cf72079c3626bfe0
#6 resolve docker.io/library/rust:1.88-bookworm@sha256:af306cfa71d987911a781c37b59d7d67d934f49684058f96cf72079c3626bfe0 0.0s done
#6 DONE 0.0s

#7 [internal] load build context
#7 transferring context: 228B done
#7 DONE 0.0s

#8 [stage-0 10/11] RUN chmod +x /usr/local/bin/entrypoint.sh
#8 CACHED

#9 [stage-0  3/11] RUN set -eux;     arch="$(dpkg --print-architecture)";     case "$arch" in         amd64) node_arch="x64" ;;         arm64) node_arch="arm64" ;;         *) echo "unsupported Node.js architecture: $arch" >&2; exit 1 ;;     esac;     node_pkg="node-v22.22.3-linux-${node_arch}.tar.xz";     curl -fsSL "https://npmmirror.com/mirrors/node/v22.22.3/${node_pkg}" -o "/tmp/${node_pkg}";     tar -xJf "/tmp/${node_pkg}" -C /usr/local --strip-components=1;     rm -f "/tmp/${node_pkg}";     win_node_pkg="node-v22.22.3-win-x64.zip";     curl -fsSL "https://npmmirror.com/mirrors/node/v22.22.3/${win_node_pkg}" -o "/tmp/${win_node_pkg}";     rm -rf /tmp/deepcode-node-win64 /opt/deepcode-node-win64;     mkdir -p /tmp/deepcode-node-win64 /opt/deepcode-node-win64;     unzip -q "/tmp/${win_node_pkg}" -d /tmp/deepcode-node-win64;     install -m 644 "/tmp/deepcode-node-win64/node-v22.22.3-win-x64/node.exe" /opt/deepcode-node-win64/node.exe;     rm -rf "/tmp/${win_node_pkg}" /tmp/deepcode-node-win64;     node --version;     npm --version;     test -f /opt/deepcode-node-win64/node.exe
#9 CACHED

#10 [stage-0  8/11] RUN --mount=type=cache,target=/var/cache/apt,sharing=locked     --mount=type=cache,target=/var/lib/apt/lists,sharing=locked     apt-get update && apt-get install -y --no-install-recommends python3-venv fonts-noto-cjk  && python3 -m venv /opt/deepcode-documents  && /opt/deepcode-documents/bin/pip install --no-cache-dir -r /opt/deepcode-documents-requirements.txt
#10 CACHED

#11 [stage-0  4/11] RUN npm config set registry "https://registry.npmmirror.com"  && env -u HTTP_PROXY -u HTTPS_PROXY -u ALL_PROXY -u http_proxy -u https_proxy -u all_proxy         COREPACK_NPM_REGISTRY="https://registry.npmmirror.com"         corepack enable  && env -u HTTP_PROXY -u HTTPS_PROXY -u ALL_PROXY -u http_proxy -u https_proxy -u all_proxy         COREPACK_NPM_REGISTRY="https://registry.npmmirror.com"         corepack prepare pnpm@9.12.0 --activate  && mkdir -p /root/.local/share/pnpm && pnpm --version
#11 CACHED

#12 [stage-0  6/11] RUN --mount=type=cache,target=/workspace/target,sharing=locked     --mount=type=cache,target=/workspace/.build-cache/sccache,sharing=locked     mkdir -p /workspace/target /workspace/.build-cache/sccache
#12 CACHED

#13 [stage-0  9/11] COPY entrypoint.sh /usr/local/bin/entrypoint.sh
#13 CACHED

#14 [stage-0  2/11] RUN --mount=type=cache,target=/var/cache/apt,sharing=locked     --mount=type=cache,target=/var/lib/apt/lists,sharing=locked     sed -i         -e "s#http://deb.debian.org/debian-security#https://mirrors.tuna.tsinghua.edu.cn/debian-security#g"         -e "s#http://deb.debian.org/debian#https://mirrors.tuna.tsinghua.edu.cn/debian#g"         /etc/apt/sources.list.d/debian.sources  && printf 'Acquire::Retries "2";\nAcquire::http::Timeout "30";\nAcquire::https::Timeout "30";\n' > /etc/apt/apt.conf.d/99deepcode-timeouts  && apt-get update && apt-get install -y --no-install-recommends         curl wget ca-certificates git         build-essential pkg-config make file bubblewrap         libssl-dev         libwebkit2gtk-4.1-dev libayatana-appindicator3-dev librsvg2-dev patchelf         gcc-mingw-w64-x86-64 g++-mingw-w64-x86-64 binutils-mingw-w64-x86-64         iputils-ping netcat-openbsd jq xz-utils unzip sccache
#14 CACHED

#15 [stage-0  5/11] RUN --mount=type=cache,target=/usr/local/rustup/downloads,sharing=locked     --mount=type=cache,target=/usr/local/cargo/registry,sharing=locked     --mount=type=cache,target=/usr/local/cargo/git,sharing=locked     env -u HTTP_PROXY -u HTTPS_PROXY -u ALL_PROXY -u http_proxy -u https_proxy -u all_proxy         rustup target add x86_64-pc-windows-gnu  && env -u HTTP_PROXY -u HTTPS_PROXY -u ALL_PROXY -u http_proxy -u https_proxy -u all_proxy         rustup component add rustfmt clippy
#15 CACHED

#16 [stage-0  7/11] COPY skills/deepcode-documents/scripts/requirements.txt /opt/deepcode-documents-requirements.txt
#16 CACHED

#17 [stage-0 11/11] WORKDIR /workspace
#17 CACHED

#18 exporting to image
#18 exporting layers 0.0s done
#18 exporting manifest sha256:8572295ffcb52b37b770c243cabffcc6dd788e3573bdc7a8e28d9efcf916b386 done
#18 exporting config sha256:c561dd3068bdb88ed5b128f11543f24c94fa61f9b819b51defa6184a29ced993 done
#18 naming to docker.io/library/deepcode-dev:latest done
#18 unpacking to docker.io/library/deepcode-dev:latest 0.0s done
#18 DONE 0.1s
[make] 容器 deepcode-dev 正在运行，直接复用
==[build][START]== 2026-09-15T17:43:35+00:00
==[build]== source: /workspace
==[build]== host=Darwin; requested stages: ui-gui; clean-cache=0
==[build][deps]== pnpm install
Scope: all 7 workspace projects
Lockfile is up to date, resolution step is skipped
Already up to date

Done in 1s
==[build][frontend-shared]== build shared userspace packages and check client types

> @deepcode/protocol@0.5.60 build /workspace/userspace/protocol
> pnpm run clean && tsc -p tsconfig.json


> @deepcode/protocol@0.5.60 clean /workspace/userspace/protocol
> rm -rf dist tsconfig.tsbuildinfo


> @deepcode/presentation-core@0.5.60 build /workspace/userspace/presentation-core
> pnpm run clean && tsc -p tsconfig.json


> @deepcode/presentation-core@0.5.60 clean /workspace/userspace/presentation-core
> rm -rf dist tsconfig.tsbuildinfo


> @deepcode/client@0.5.60 typecheck /workspace/userspace/gui
> tsc --noEmit

==[build][deepcode-gui]== build DeepCode-GUI web assets

> @deepcode/client@0.5.60 build:deepcode-gui:web /workspace/userspace/gui
> vite build --config vite.deepcode-gui.config.ts && if [ -f dist-deepcode-gui/deepcode-gui.html ]; then cp dist-deepcode-gui/deepcode-gui.html dist-deepcode-gui/index.html; fi

[36mvite v6.4.2 [32mbuilding for production...[36m[39m
transforming...
[32m✓[39m 3703 modules transformed.
rendering chunks...
computing gzip size...
[2mdist-deepcode-gui/[22m[32mpdfjs/cmaps/CNS2-V.bcmap                            [39m[1m[2m    0.09 kB[22m[1m[22m
[2mdist-deepcode-gui/[22m[32mpdfjs/cmaps/Roman.bcmap                             [39m[1m[2m    0.10 kB[22m[1m[22m
[2mdist-deepcode-gui/[22m[32mpdfjs/cmaps/Katakana.bcmap                          [39m[1m[2m    0.10 kB[22m[1m[22m
[2mdist-deepcode-gui/[22m[32mpdfjs/cmaps/ETenms-B5-H.bcmap                       [39m[1m[2m    0.10 kB[22m[1m[22m
[2mdist-deepcode-gui/[22m[32mpdfjs/cmaps/UniJIS-UCS2-HW-H.bcmap                  [39m[1m[2m    0.12 kB[22m[1m[22m
[2mdist-deepcode-gui/[22m[32mpdfjs/cmaps/Hiragana.bcmap                          [39m[1m[2m    0.12 kB[22m[1m[22m
[2mdist-deepcode-gui/[22m[32mpdfjs/cmaps/Hankaku.bcmap                           [39m[1m[2m    0.13 kB[22m[1m[22m
[2mdist-deepcode-gui/[22m[32mpdfjs/cmaps/B5-V.bcmap                              [39m[1m[2m    0.14 kB[22m[1m[22m
[2mdist-deepcode-gui/[22m[32mpdfjs/cmaps/CNS1-V.bcmap                            [39m[1m[2m    0.14 kB[22m[1m[22m
[2mdist-deepcode-gui/[22m[32mpdfjs/cmaps/B5pc-V.bcmap                            [39m[1m[2m    0.14 kB[22m[1m[22m
[2mdist-deepcode-gui/[22m[32mpdfjs/cmaps/HKdla-B5-V.bcmap                        [39m[1m[2m    0.15 kB[22m[1m[22m
[2mdist-deepcode-gui/[22m[32mpdfjs/cmaps/HKdlb-B5-V.bcmap                        [39m[1m[2m    0.15 kB[22m[1m[22m
[2mdist-deepcode-gui/[22m[32mpdfjs/cmaps/HKgccs-B5-V.bcmap                       [39m[1m[2m    0.15 kB[22m[1m[22m
[2mdist-deepcode-gui/[22m[32mpdfjs/cmaps/HKm314-B5-V.bcmap                       [39m[1m[2m    0.15 kB[22m[1m[22m
[2mdist-deepcode-gui/[22m[32mpdfjs/cmaps/HKm471-B5-V.bcmap                       [39m[1m[2m    0.15 kB[22m[1m[22m
[2mdist-deepcode-gui/[22m[32mpdfjs/cmaps/UniCNS-UCS2-V.bcmap                     [39m[1m[2m    0.16 kB[22m[1m[22m
[2mdist-deepcode-gui/[22m[32mpdfjs/cmaps/UniCNS-UTF16-V.bcmap                    [39m[1m[2m    0.16 kB[22m[1m[22m
[2mdist-deepcode-gui/[22m[32mpdfjs/cmaps/UniCNS-UTF8-V.bcmap                     [39m[1m[2m    0.16 kB[22m[1m[22m
[2mdist-deepcode-gui/[22m[32mpdfjs/cmaps/ETHK-B5-V.bcmap                         [39m[1m[2m    0.16 kB[22m[1m[22m
[2mdist-deepcode-gui/[22m[32mpdfjs/cmaps/ETen-B5-V.bcmap                         [39m[1m[2m    0.16 kB[22m[1m[22m
[2mdist-deepcode-gui/[22m[32mpdfjs/cmaps/HKscs-B5-V.bcmap                        [39m[1m[2m    0.16 kB[22m[1m[22m
[2mdist-deepcode-gui/[22m[32mpdfjs/cmaps/KSC-V.bcmap                             [39m[1m[2m    0.16 kB[22m[1m[22m
[2mdist-deepcode-gui/[22m[32mpdfjs/cmaps/UniCNS-UTF32-V.bcmap                    [39m[1m[2m    0.16 kB[22m[1m[22m
[2mdist-deepcode-gui/[22m[32mpdfjs/cmaps/KSC-EUC-V.bcmap                         [39m[1m[2m    0.16 kB[22m[1m[22m
[2mdist-deepcode-gui/[22m[32mpdfjs/cmaps/UniKS-UTF16-V.bcmap                     [39m[1m[2m    0.16 kB[22m[1m[22m
[2mdist-deepcode-gui/[22m[32mpdfjs/cmaps/KSC-Johab-V.bcmap                       [39m[1m[2m    0.17 kB[22m[1m[22m
[2mdist-deepcode-gui/[22m[32mpdfjs/cmaps/KSCms-UHC-V.bcmap                       [39m[1m[2m    0.17 kB[22m[1m[22m
[2mdist-deepcode-gui/[22m[32mpdfjs/cmaps/KSCpc-EUC-V.bcmap                       [39m[1m[2m    0.17 kB[22m[1m[22m
[2mdist-deepcode-gui/[22m[32mpdfjs/cmaps/V.bcmap                                 [39m[1m[2m    0.17 kB[22m[1m[22m
[2mdist-deepcode-gui/[22m[32mpdfjs/cmaps/UniKS-UTF32-V.bcmap                     [39m[1m[2m    0.17 kB[22m[1m[22m
[2mdist-deepcode-gui/[22m[32mpdfjs/cmaps/78-V.bcmap                              [39m[1m[2m    0.17 kB[22m[1m[22m
[2mdist-deepcode-gui/[22m[32mpdfjs/cmaps/KSCms-UHC-HW-V.bcmap                    [39m[1m[2m    0.17 kB[22m[1m[22m
[2mdist-deepcode-gui/[22m[32mpdfjs/cmaps/UniKS-UTF8-V.bcmap                      [39m[1m[2m    0.17 kB[22m[1m[22m
[2mdist-deepcode-gui/[22m[32mpdfjs/cmaps/EUC-V.bcmap                             [39m[1m[2m    0.17 kB[22m[1m[22m
[2mdist-deepcode-gui/[22m[32mpdfjs/cmaps/RKSJ-V.bcmap                            [39m[1m[2m    0.17 kB[22m[1m[22m
[2mdist-deepcode-gui/[22m[32mpdfjs/cmaps/ETenms-B5-V.bcmap                       [39m[1m[2m    0.17 kB[22m[1m[22m
[2mdist-deepcode-gui/[22m[32mpdfjs/cmaps/78-EUC-V.bcmap                          [39m[1m[2m    0.17 kB[22m[1m[22m
[2mdist-deepcode-gui/[22m[32mpdfjs/cmaps/78-RKSJ-V.bcmap                         [39m[1m[2m    0.17 kB[22m[1m[22m
[2mdist-deepcode-gui/[22m[32mpdfjs/cmaps/GB-V.bcmap                              [39m[1m[2m    0.18 kB[22m[1m[22m
[2mdist-deepcode-gui/[22m[32mpdfjs/cmaps/GBT-V.bcmap                             [39m[1m[2m    0.18 kB[22m[1m[22m
[2mdist-deepcode-gui/[22m[32mpdfjs/cmaps/UniGB-UTF16-V.bcmap                     [39m[1m[2m    0.18 kB[22m[1m[22m
[2mdist-deepcode-gui/[22m[32mpdfjs/cmaps/UniKS-UCS2-V.bcmap                      [39m[1m[2m    0.18 kB[22m[1m[22m
[2mdist-deepcode-gui/[22m[32mpdfjs/cmaps/GB-EUC-V.bcmap                          [39m[1m[2m    0.18 kB[22m[1m[22m
[2mdist-deepcode-gui/[22m[32mpdfjs/cmaps/WP-Symbol.bcmap                         [39m[1m[2m    0.18 kB[22m[1m[22m
[2mdist-deepcode-gui/[22m[32mpdfjs/cmaps/GBK-EUC-V.bcmap                         [39m[1m[2m    0.18 kB[22m[1m[22m
[2mdist-deepcode-gui/[22m[32mpdfjs/cmaps/GBT-EUC-V.bcmap                         [39m[1m[2m    0.18 kB[22m[1m[22m
[2mdist-deepcode-gui/[22m[32mpdfjs/cmaps/GBKp-EUC-V.bcmap                        [39m[1m[2m    0.18 kB[22m[1m[22m
[2mdist-deepcode-gui/[22m[32mpdfjs/cmaps/GBpc-EUC-V.bcmap                        [39m[1m[2m    0.18 kB[22m[1m[22m
[2mdist-deepcode-gui/[22m[32mpdfjs/cmaps/UniGB-UTF8-V.bcmap                      [39m[1m[2m    0.18 kB[22m[1m[22m
[2mdist-deepcode-gui/[22m[32mpdfjs/cmaps/GBTpc-EUC-V.bcmap                       [39m[1m[2m    0.18 kB[22m[1m[22m
[2mdist-deepcode-gui/[22m[32mpdfjs/cmaps/UniGB-UTF32-V.bcmap                     [39m[1m[2m    0.18 kB[22m[1m[22m
[2mdist-deepcode-gui/[22m[32mpdfjs/cmaps/UniGB-UCS2-V.bcmap                      [39m[1m[2m    0.19 kB[22m[1m[22m
[2mdist-deepcode-gui/[22m[32mpdfjs/cmaps/Ext-V.bcmap                             [39m[1m[2m    0.22 kB[22m[1m[22m
[2mdist-deepcode-gui/[22m[32mpdfjs/cmaps/Adobe-GB1-0.bcmap                       [39m[1m[2m    0.22 kB[22m[1m[22m
[2mdist-deepcode-gui/[22m[32mpdfjs/cmaps/Ext-RKSJ-V.bcmap                        [39m[1m[2m    0.22 kB[22m[1m[22m
[2mdist-deepcode-gui/[22m[32mpdfjs/cmaps/GBK2K-V.bcmap                           [39m[1m[2m    0.22 kB[22m[1m[22m
[2mdist-deepcode-gui/[22m[32mpdfjs/cmaps/Adobe-Japan1-0.bcmap                    [39m[1m[2m    0.23 kB[22m[1m[22m
[2mdist-deepcode-gui/[22m[32mpdfjs/cmaps/Adobe-Japan1-1.bcmap                    [39m[1m[2m    0.23 kB[22m[1m[22m
[2mdist-deepcode-gui/[22m[32mpdfjs/cmaps/Adobe-Japan1-2.bcmap                    [39m[1m[2m    0.23 kB[22m[1m[22m
[2mdist-deepcode-gui/[22m[32mpdfjs/cmaps/Adobe-Korea1-0.bcmap                    [39m[1m[2m    0.24 kB[22m[1m[22m
[2mdist-deepcode-gui/[22m[32mpdfjs/cmaps/Adobe-Japan1-3.bcmap                    [39m[1m[2m    0.24 kB[22m[1m[22m
[2mdist-deepcode-gui/[22m[32mpdfjs/cmaps/Adobe-GB1-1.bcmap                       [39m[1m[2m    0.25 kB[22m[1m[22m
[2mdist-deepcode-gui/[22m[32mpdfjs/cmaps/NWP-V.bcmap                             [39m[1m[2m    0.25 kB[22m[1m[22m
[2mdist-deepcode-gui/[22m[32mpdfjs/cmaps/90pv-RKSJ-V.bcmap                       [39m[1m[2m    0.26 kB[22m[1m[22m
[2mdist-deepcode-gui/[22m[32mpdfjs/cmaps/Add-V.bcmap                             [39m[1m[2m    0.28 kB[22m[1m[22m
[2mdist-deepcode-gui/[22m[32mpdfjs/cmaps/Add-RKSJ-V.bcmap                        [39m[1m[2m    0.29 kB[22m[1m[22m
[2mdist-deepcode-gui/[22m[32mpdfjs/cmaps/78ms-RKSJ-V.bcmap                       [39m[1m[2m    0.29 kB[22m[1m[22m
[2mdist-deepcode-gui/[22m[32mpdfjs/cmaps/90ms-RKSJ-V.bcmap                       [39m[1m[2m    0.29 kB[22m[1m[22m
[2mdist-deepcode-gui/[22m[32mpdfjs/cmaps/90msp-RKSJ-V.bcmap                      [39m[1m[2m    0.29 kB[22m[1m[22m
[2mdist-deepcode-gui/[22m[32mpdfjs/cmaps/Adobe-CNS1-0.bcmap                      [39m[1m[2m    0.32 kB[22m[1m[22m
[2mdist-deepcode-gui/[22m[32mpdfjs/cmaps/Adobe-Japan1-4.bcmap                    [39m[1m[2m    0.34 kB[22m[1m[22m
[2mdist-deepcode-gui/[22m[32mpdfjs/cmaps/Adobe-CNS1-1.bcmap                      [39m[1m[2m    0.37 kB[22m[1m[22m
[2mdist-deepcode-gui/[22m[32mpdfjs/cmaps/Adobe-CNS1-2.bcmap                      [39m[1m[2m    0.38 kB[22m[1m[22m
[2mdist-deepcode-gui/[22m[32mpdfjs/cmaps/Adobe-Korea1-1.bcmap                    [39m[1m[2m    0.39 kB[22m[1m[22m
[2mdist-deepcode-gui/[22m[32mpdfjs/cmaps/Adobe-Korea1-2.bcmap                    [39m[1m[2m    0.39 kB[22m[1m[22m
[2mdist-deepcode-gui/[22m[32mpdfjs/cmaps/Adobe-CNS1-3.bcmap                      [39m[1m[2m    0.40 kB[22m[1m[22m
[2mdist-deepcode-gui/[22m[32mpdfjs/cmaps/Adobe-CNS1-4.bcmap                      [39m[1m[2m    0.41 kB[22m[1m[22m
[2mdist-deepcode-gui/[22m[32mpdfjs/cmaps/Adobe-CNS1-5.bcmap                      [39m[1m[2m    0.41 kB[22m[1m[22m
[2mdist-deepcode-gui/[22m[32mpdfjs/cmaps/Adobe-CNS1-6.bcmap                      [39m[1m[2m    0.41 kB[22m[1m[22m
[2mdist-deepcode-gui/[22m[32mpdfjs/cmaps/Adobe-Japan1-5.bcmap                    [39m[1m[2m    0.43 kB[22m[1m[22m
[2mdist-deepcode-gui/[22m[32mpdfjs/cmaps/Adobe-GB1-2.bcmap                       [39m[1m[2m    0.47 kB[22m[1m[22m
[2mdist-deepcode-gui/[22m[32mpdfjs/cmaps/Adobe-GB1-3.bcmap                       [39m[1m[2m    0.47 kB[22m[1m[22m
[2mdist-deepcode-gui/[22m[32mpdfjs/cmaps/Adobe-Japan1-6.bcmap                    [39m[1m[2m    0.49 kB[22m[1m[22m
[2mdist-deepcode-gui/[22m[32mpdfjs/cmaps/CNS2-H.bcmap                            [39m[1m[2m    0.50 kB[22m[1m[22m
[2mdist-deepcode-gui/[22m[32mpdfjs/cmaps/GB-H.bcmap                              [39m[1m[2m    0.53 kB[22m[1m[22m
[2mdist-deepcode-gui/[22m[32mpdfjs/cmaps/RKSJ-H.bcmap                            [39m[1m[2m    0.53 kB[22m[1m[22m
[2mdist-deepcode-gui/[22m[32mpdfjs/cmaps/GB-EUC-H.bcmap                          [39m[1m[2m    0.55 kB[22m[1m[22m
[2mdist-deepcode-gui/[22m[32mpdfjs/cmaps/H.bcmap                                 [39m[1m[2m    0.55 kB[22m[1m[22m
[2mdist-deepcode-gui/[22m[32mpdfjs/wasm/LICENSE_PDFJS_JBIG2                      [39m[1m[2m    0.56 kB[22m[1m[22m
[2mdist-deepcode-gui/[22m[32mpdfjs/cmaps/GBpc-EUC-H.bcmap                        [39m[1m[2m    0.56 kB[22m[1m[22m
[2mdist-deepcode-gui/[22m[32mpdfjs/cmaps/EUC-H.bcmap                             [39m[1m[2m    0.58 kB[22m[1m[22m
[2mdist-deepcode-gui/[22m[32mpdfjs/cmaps/Adobe-GB1-4.bcmap                       [39m[1m[2m    0.60 kB[22m[1m[22m
[2mdist-deepcode-gui/[22m[32mpdfjs/cmaps/Adobe-GB1-5.bcmap                       [39m[1m[2m    0.63 kB[22m[1m[22m
[2mdist-deepcode-gui/[22m[32mpdfjs/cmaps/UniJIS-UTF16-V.bcmap                    [39m[1m[2m    0.64 kB[22m[1m[22m
[2mdist-deepcode-gui/[22m[32mpdfjs/cmaps/UniJIS2004-UTF16-V.bcmap                [39m[1m[2m    0.65 kB[22m[1m[22m
[2mdist-deepcode-gui/[22m[32mpdfjs/cmaps/UniJIS-UCS2-V.bcmap                     [39m[1m[2m    0.66 kB[22m[1m[22m
[2mdist-deepcode-gui/[22m[32mpdfjs/cmaps/UniJIS-UTF32-V.bcmap                    [39m[1m[2m    0.68 kB[22m[1m[22m
[2mdist-deepcode-gui/[22m[32mpdfjs/cmaps/UniJIS-UTF8-V.bcmap                     [39m[1m[2m    0.68 kB[22m[1m[22m
[2mdist-deepcode-gui/[22m[32mpdfjs/cmaps/UniJIS-UCS2-HW-V.bcmap                  [39m[1m[2m    0.68 kB[22m[1m[22m
[2mdist-deepcode-gui/[22m[32mpdfjs/cmaps/UniJIS2004-UTF32-V.bcmap                [39m[1m[2m    0.68 kB[22m[1m[22m
[2mdist-deepcode-gui/[22m[32mpdfjs/cmaps/UniJIS2004-UTF8-V.bcmap                 [39m[1m[2m    0.68 kB[22m[1m[22m
[2mdist-deepcode-gui/[22m[32mpdfjs/cmaps/UniJISX0213-UTF32-V.bcmap               [39m[1m[2m    0.68 kB[22m[1m[22m
[2mdist-deepcode-gui/[22m[32mpdfjs/cmaps/UniJISX02132004-UTF32-V.bcmap           [39m[1m[2m    0.69 kB[22m[1m[22m
[2mdist-deepcode-gui/[22m[32mpdfjs/cmaps/UniJISPro-UCS2-V.bcmap                  [39m[1m[2m    0.69 kB[22m[1m[22m
[2mdist-deepcode-gui/[22m[32mpdfjs/cmaps/UniJISPro-UCS2-HW-V.bcmap               [39m[1m[2m    0.71 kB[22m[1m[22m
[2mdist-deepcode-gui/[22m[32mpdfjs/cmaps/CNS1-H.bcmap                            [39m[1m[2m    0.71 kB[22m[1m[22m
[2mdist-deepcode-gui/[22m[32mpdfjs/cmaps/90msp-RKSJ-H.bcmap                      [39m[1m[2m    0.72 kB[22m[1m[22m
[2mdist-deepcode-gui/[22m[32mpdfjs/cmaps/90ms-RKSJ-H.bcmap                       [39m[1m[2m    0.72 kB[22m[1m[22m
[2mdist-deepcode-gui/[22m[32mpdfjs/cmaps/UniJISPro-UTF8-V.bcmap                  [39m[1m[2m    0.73 kB[22m[1m[22m
[2mdist-deepcode-gui/[22m[32mpdfjs/cmaps/83pv-RKSJ-H.bcmap                       [39m[1m[2m    0.91 kB[22m[1m[22m
[2mdist-deepcode-gui/[22m[32mpdfjs/cmaps/90pv-RKSJ-H.bcmap                       [39m[1m[2m    0.98 kB[22m[1m[22m
[2mdist-deepcode-gui/[22m[32mpdfjs/wasm/LICENSE_PDFJS_QCMS                       [39m[1m[2m    1.04 kB[22m[1m[22m
[2mdist-deepcode-gui/[22m[32mpdfjs/cmaps/B5-H.bcmap                              [39m[1m[2m    1.09 kB[22m[1m[22m
[2mdist-deepcode-gui/[22m[32mpdfjs/cmaps/B5pc-H.bcmap                            [39m[1m[2m    1.10 kB[22m[1m[22m
[2mdist-deepcode-gui/[22m[32mpdfjs/wasm/LICENSE_QCMS                             [39m[1m[2m    1.12 kB[22m[1m[22m
[2mdist-deepcode-gui/[22m[32mpdfjs/cmaps/ETen-B5-H.bcmap                         [39m[1m[2m    1.13 kB[22m[1m[22m
[2mdist-deepcode-gui/[22m[32mpdfjs/wasm/LICENSE_PDFJS_OPENJPEG                   [39m[1m[2m    1.29 kB[22m[1m[22m
[2mdist-deepcode-gui/[22m[32mpdfjs/standard_fonts/LICENSE_FOXIT                  [39m[1m[2m    1.55 kB[22m[1m[22m
[2mdist-deepcode-gui/[22m[32mpdfjs/cmaps/HKm314-B5-H.bcmap                       [39m[1m[2m    1.77 kB[22m[1m[22m
[2mdist-deepcode-gui/[22m[32mpdfjs/cmaps/CNS-EUC-H.bcmap                         [39m[1m[2m    1.78 kB[22m[1m[22m
[2mdist-deepcode-gui/[22m[32mpdfjs/cmaps/KSC-H.bcmap                             [39m[1m[2m    1.83 kB[22m[1m[22m
[2mdist-deepcode-gui/[22m[32mpdfjs/cmaps/KSC-EUC-H.bcmap                         [39m[1m[2m    1.85 kB[22m[1m[22m
[2mdist-deepcode-gui/[22m[32mpdfjs/cmaps/CNS-EUC-V.bcmap                         [39m[1m[2m    1.92 kB[22m[1m[22m
[2mdist-deepcode-gui/[22m[32mpdfjs/cmaps/KSCpc-EUC-H.bcmap                       [39m[1m[2m    2.02 kB[22m[1m[22m
[2mdist-deepcode-gui/[22m[32mpdfjs/cmaps/LICENSE                                 [39m[1m[2m    2.08 kB[22m[1m[22m
[2mdist-deepcode-gui/[22m[32mpdfjs/wasm/LICENSE_OPENJPEG                         [39m[1m[2m    2.11 kB[22m[1m[22m
[2mdist-deepcode-gui/[22m[32mpdfjs/cmaps/HKm471-B5-H.bcmap                       [39m[1m[2m    2.17 kB[22m[1m[22m
[2mdist-deepcode-gui/[22m[32mpdfjs/cmaps/HKgccs-B5-H.bcmap                       [39m[1m[2m    2.29 kB[22m[1m[22m
[2mdist-deepcode-gui/[22m[32mpdfjs/cmaps/78-H.bcmap                              [39m[1m[2m    2.38 kB[22m[1m[22m
[2mdist-deepcode-gui/[22m[32mpdfjs/cmaps/78-RKSJ-H.bcmap                         [39m[1m[2m    2.40 kB[22m[1m[22m
[2mdist-deepcode-gui/[22m[32mpdfjs/cmaps/78-EUC-H.bcmap                          [39m[1m[2m    2.40 kB[22m[1m[22m
[2mdist-deepcode-gui/[22m[32mpdfjs/cmaps/Add-RKSJ-H.bcmap                        [39m[1m[2m    2.41 kB[22m[1m[22m
[2mdist-deepcode-gui/[22m[32mpdfjs/cmaps/HKdlb-B5-H.bcmap                        [39m[1m[2m    2.41 kB[22m[1m[22m
[2mdist-deepcode-gui/[22m[32mpdfjs/cmaps/Add-H.bcmap                             [39m[1m[2m    2.42 kB[22m[1m[22m
[2mdist-deepcode-gui/[22m[32mpdfjs/cmaps/Ext-H.bcmap                             [39m[1m[2m    2.54 kB[22m[1m[22m
[2mdist-deepcode-gui/[22m[32mpdfjs/cmaps/Ext-RKSJ-H.bcmap                        [39m[1m[2m    2.54 kB[22m[1m[22m
[2mdist-deepcode-gui/[22m[32mpdfjs/cmaps/78ms-RKSJ-H.bcmap                       [39m[1m[2m    2.65 kB[22m[1m[22m
[2mdist-deepcode-gui/[22m[32mpdfjs/cmaps/HKdla-B5-H.bcmap                        [39m[1m[2m    2.65 kB[22m[1m[22m
[2mdist-deepcode-gui/[22m[32mpdfjs/cmaps/NWP-H.bcmap                             [39m[1m[2m    2.77 kB[22m[1m[22m
[2mdist-deepcode-gui/[22m[32mpdfjs/cmaps/KSCms-UHC-H.bcmap                       [39m[1m[2m    2.79 kB[22m[1m[22m
[2mdist-deepcode-gui/[22m[32mpdfjs/cmaps/KSCms-UHC-HW-H.bcmap                    [39m[1m[2m    2.79 kB[22m[1m[22m
[2mdist-deepcode-gui/[22m[32mdeepcode-gui.html                                   [39m[1m[2m    2.88 kB[22m[1m[22m[2m │ gzip:     1.14 kB[22m
[2mdist-deepcode-gui/[22m[2massets/[22m[32mfileChangeSummary.worker-UZyesPOV.js         [39m[1m[2m    3.87 kB[22m[1m[22m
[2mdist-deepcode-gui/[22m[2massets/[22m[32mKaTeX_Size3-Regular-CTq5MqoE.woff            [39m[1m[2m    4.42 kB[22m[1m[22m
[2mdist-deepcode-gui/[22m[32mpdfjs/cmaps/ETHK-B5-H.bcmap                         [39m[1m[2m    4.43 kB[22m[1m[22m
[2mdist-deepcode-gui/[22m[32mpdfjs/cmaps/HKscs-B5-H.bcmap                        [39m[1m[2m    4.44 kB[22m[1m[22m
[2mdist-deepcode-gui/[22m[2massets/[22m[32mKaTeX_Size4-Regular-Dl5lxZxV.woff2           [39m[1m[2m    4.93 kB[22m[1m[22m
[2mdist-deepcode-gui/[22m[2massets/[22m[32mKaTeX_Size2-Regular-Dy4dx90m.woff2           [39m[1m[2m    5.21 kB[22m[1m[22m
[2mdist-deepcode-gui/[22m[2massets/[22m[32mKaTeX_Size1-Regular-mCD8mA8B.woff2           [39m[1m[2m    5.47 kB[22m[1m[22m
[2mdist-deepcode-gui/[22m[2massets/[22m[32mKaTeX_Size4-Regular-BF-4gkZK.woff            [39m[1m[2m    5.98 kB[22m[1m[22m
[2mdist-deepcode-gui/[22m[2massets/[22m[32mKaTeX_Size2-Regular-oD1tc_U0.woff            [39m[1m[2m    6.19 kB[22m[1m[22m
[2mdist-deepcode-gui/[22m[32mpdfjs/wasm/quickjs-eval.js                          [39m[1m[2m    6.23 kB[22m[1m[22m
[2mdist-deepcode-gui/[22m[2massets/[22m[32mKaTeX_Size1-Regular-C195tn64.woff            [39m[1m[2m    6.50 kB[22m[1m[22m
[2mdist-deepcode-gui/[22m[2massets/[22m[32mKaTeX_Caligraphic-Regular-Di6jR-x-.woff2     [39m[1m[2m    6.91 kB[22m[1m[22m
[2mdist-deepcode-gui/[22m[2massets/[22m[32mKaTeX_Caligraphic-Bold-Dq_IR9rO.woff2        [39m[1m[2m    6.91 kB[22m[1m[22m
[2mdist-deepcode-gui/[22m[32mpdfjs/cmaps/GBT-H.bcmap                             [39m[1m[2m    7.27 kB[22m[1m[22m
[2mdist-deepcode-gui/[22m[32mpdfjs/cmaps/GBT-EUC-H.bcmap                         [39m[1m[2m    7.29 kB[22m[1m[22m
[2mdist-deepcode-gui/[22m[32mpdfjs/cmaps/GBTpc-EUC-H.bcmap                       [39m[1m[2m    7.30 kB[22m[1m[22m
[2mdist-deepcode-gui/[22m[2massets/[22m[32mKaTeX_Size3-Regular-DgpXs0kz.ttf             [39m[1m[2m    7.59 kB[22m[1m[22m
[2mdist-deepcode-gui/[22m[2massets/[22m[32mKaTeX_Caligraphic-Regular-CTRA-rTL.woff      [39m[1m[2m    7.66 kB[22m[1m[22m
[2mdist-deepcode-gui/[22m[2massets/[22m[32mKaTeX_Caligraphic-Bold-BEiXGLvX.woff         [39m[1m[2m    7.72 kB[22m[1m[22m
[2mdist-deepcode-gui/[22m[2massets/[22m[32mKaTeX_Script-Regular-D3wIWfF6.woff2          [39m[1m[2m    9.64 kB[22m[1m[22m
[2mdist-deepcode-gui/[22m[2massets/[22m[32mKaTeX_SansSerif-Regular-DDBCnlJ7.woff2       [39m[1m[2m   10.34 kB[22m[1m[22m
[2mdist-deepcode-gui/[22m[2massets/[22m[32mKaTeX_Size4-Regular-DWFBv043.ttf             [39m[1m[2m   10.36 kB[22m[1m[22m
[2mdist-deepcode-gui/[22m[2massets/[22m[32mKaTeX_Script-Regular-D5yQViql.woff           [39m[1m[2m   10.59 kB[22m[1m[22m
[2mdist-deepcode-gui/[22m[2massets/[22m[32mKaTeX_Fraktur-Regular-CTYiF6lA.woff2         [39m[1m[2m   11.32 kB[22m[1m[22m
[2mdist-deepcode-gui/[22m[2massets/[22m[32mKaTeX_Fraktur-Bold-CL6g_b3V.woff2            [39m[1m[2m   11.35 kB[22m[1m[22m
[2mdist-deepcode-gui/[22m[2massets/[22m[32mKaTeX_Size2-Regular-B7gKUWhC.ttf             [39m[1m[2m   11.51 kB[22m[1m[22m
[2mdist-deepcode-gui/[22m[2massets/[22m[32mKaTeX_SansSerif-Italic-C3H0VqGB.woff2        [39m[1m[2m   12.03 kB[22m[1m[22m
[2mdist-deepcode-gui/[22m[2massets/[22m[32mKaTeX_SansSerif-Bold-D1sUS0GD.woff2          [39m[1m[2m   12.22 kB[22m[1m[22m
[2mdist-deepcode-gui/[22m[2massets/[22m[32mKaTeX_Size1-Regular-Dbsnue_I.ttf             [39m[1m[2m   12.23 kB[22m[1m[22m
[2mdist-deepcode-gui/[22m[2massets/[22m[32mKaTeX_SansSerif-Regular-CS6fqUqJ.woff        [39m[1m[2m   12.32 kB[22m[1m[22m
[2mdist-deepcode-gui/[22m[2massets/[22m[32mKaTeX_Caligraphic-Regular-wX97UBjC.ttf       [39m[1m[2m   12.34 kB[22m[1m[22m
[2mdist-deepcode-gui/[22m[2massets/[22m[32mKaTeX_Caligraphic-Bold-ATXxdsX0.ttf          [39m[1m[2m   12.37 kB[22m[1m[22m
[2mdist-deepcode-gui/[22m[32mpdfjs/wasm/LICENSE_JBIG2                            [39m[1m[2m   12.86 kB[22m[1m[22m
[2mdist-deepcode-gui/[22m[2massets/[22m[32mKaTeX_Fraktur-Regular-Dxdc4cR9.woff          [39m[1m[2m   13.21 kB[22m[1m[22m
[2mdist-deepcode-gui/[22m[2massets/[22m[32mKaTeX_Fraktur-Bold-BsDP51OF.woff             [39m[1m[2m   13.30 kB[22m[1m[22m
[2mdist-deepcode-gui/[22m[2massets/[22m[32mKaTeX_Typewriter-Regular-CO6r4hn1.woff2      [39m[1m[2m   13.57 kB[22m[1m[22m
[2mdist-deepcode-gui/[22m[2massets/[22m[32mKaTeX_SansSerif-Italic-DN2j7dab.woff         [39m[1m[2m   14.11 kB[22m[1m[22m
[2mdist-deepcode-gui/[22m[2massets/[22m[32mKaTeX_SansSerif-Bold-DbIhKOiC.woff           [39m[1m[2m   14.41 kB[22m[1m[22m
[2mdist-deepcode-gui/[22m[32mpdfjs/cmaps/GBKp-EUC-H.bcmap                        [39m[1m[2m   14.69 kB[22m[1m[22m
[2mdist-deepcode-gui/[22m[32mpdfjs/cmaps/GBK-EUC-H.bcmap                         [39m[1m[2m   14.69 kB[22m[1m[22m
[2mdist-deepcode-gui/[22m[2massets/[22m[32mKaTeX_Typewriter-Regular-C0xS9mPB.woff       [39m[1m[2m   16.03 kB[22m[1m[22m
[2mdist-deepcode-gui/[22m[2massets/[22m[32mKaTeX_Math-BoldItalic-CZnvNsCZ.woff2         [39m[1m[2m   16.40 kB[22m[1m[22m
[2mdist-deepcode-gui/[22m[2massets/[22m[32mKaTeX_Math-Italic-t53AETM-.woff2             [39m[1m[2m   16.44 kB[22m[1m[22m
[2mdist-deepcode-gui/[22m[2massets/[22m[32mKaTeX_Script-Regular-C5JkGWo-.ttf            [39m[1m[2m   16.65 kB[22m[1m[22m
[2mdist-deepcode-gui/[22m[32mpdfjs/standard_fonts/FoxitSymbol.pfb                [39m[1m[2m   16.73 kB[22m[1m[22m
[2mdist-deepcode-gui/[22m[2massets/[22m[32mKaTeX_Main-BoldItalic-DxDJ3AOS.woff2         [39m[1m[2m   16.78 kB[22m[1m[22m
[2mdist-deepcode-gui/[22m[32mpdfjs/cmaps/KSC-Johab-H.bcmap                       [39m[1m[2m   16.79 kB[22m[1m[22m
[2mdist-deepcode-gui/[22m[2massets/[22m[32mKaTeX_Main-Italic-NWA7e6Wa.woff2             [39m[1m[2m   16.99 kB[22m[1m[22m
[2mdist-deepcode-gui/[22m[32mpdfjs/standard_fonts/FoxitFixed.pfb                 [39m[1m[2m   17.60 kB[22m[1m[22m
[2mdist-deepcode-gui/[22m[32mpdfjs/standard_fonts/FoxitFixedBold.pfb             [39m[1m[2m   18.06 kB[22m[1m[22m
[2mdist-deepcode-gui/[22m[2massets/[22m[32mKaTeX_Math-BoldItalic-iY-2wyZ7.woff          [39m[1m[2m   18.67 kB[22m[1m[22m
[2mdist-deepcode-gui/[22m[32mpdfjs/standard_fonts/FoxitFixedItalic.pfb           [39m[1m[2m   18.75 kB[22m[1m[22m
[2mdist-deepcode-gui/[22m[2massets/[22m[32mKaTeX_Math-Italic-DA0__PXp.woff              [39m[1m[2m   18.75 kB[22m[1m[22m
[2mdist-deepcode-gui/[22m[32mpdfjs/standard_fonts/FoxitFixedBoldItalic.pfb       [39m[1m[2m   19.15 kB[22m[1m[22m
[2mdist-deepcode-gui/[22m[32mpdfjs/standard_fonts/FoxitSerifBold.pfb             [39m[1m[2m   19.40 kB[22m[1m[22m
[2mdist-deepcode-gui/[22m[2massets/[22m[32mKaTeX_Main-BoldItalic-SpSLRI95.woff          [39m[1m[2m   19.41 kB[22m[1m[22m
[2mdist-deepcode-gui/[22m[2massets/[22m[32mKaTeX_SansSerif-Regular-BNo7hRIc.ttf         [39m[1m[2m   19.44 kB[22m[1m[22m
[2mdist-deepcode-gui/[22m[32mpdfjs/standard_fonts/FoxitSerif.pfb                 [39m[1m[2m   19.47 kB[22m[1m[22m
[2mdist-deepcode-gui/[22m[2massets/[22m[32mKaTeX_Fraktur-Regular-CB_wures.ttf           [39m[1m[2m   19.57 kB[22m[1m[22m
[2mdist-deepcode-gui/[22m[2massets/[22m[32mKaTeX_Fraktur-Bold-BdnERNNW.ttf              [39m[1m[2m   19.58 kB[22m[1m[22m
[2mdist-deepcode-gui/[22m[32mpdfjs/cmaps/GBK2K-H.bcmap                           [39m[1m[2m   19.66 kB[22m[1m[22m
[2mdist-deepcode-gui/[22m[2massets/[22m[32mKaTeX_Main-Italic-BMLOBm91.woff              [39m[1m[2m   19.68 kB[22m[1m[22m
[2mdist-deepcode-gui/[22m[32mpdfjs/standard_fonts/FoxitSerifBoldItalic.pfb       [39m[1m[2m   20.73 kB[22m[1m[22m
[2mdist-deepcode-gui/[22m[32mpdfjs/standard_fonts/FoxitSerifItalic.pfb           [39m[1m[2m   21.23 kB[22m[1m[22m
[2mdist-deepcode-gui/[22m[32mpdfjs/standard_fonts/LICENSE_LIBERATION             [39m[1m[2m   22.15 kB[22m[1m[22m
[2mdist-deepcode-gui/[22m[2massets/[22m[32mKaTeX_SansSerif-Italic-YYjJ1zSn.ttf          [39m[1m[2m   22.36 kB[22m[1m[22m
[2mdist-deepcode-gui/[22m[32mpdfjs/cmaps/Adobe-Korea1-UCS2.bcmap                 [39m[1m[2m   23.29 kB[22m[1m[22m
[2mdist-deepcode-gui/[22m[2massets/[22m[32mKaTeX_SansSerif-Bold-CFMepnvq.ttf            [39m[1m[2m   24.50 kB[22m[1m[22m
[2mdist-deepcode-gui/[22m[2massets/[22m[32mKaTeX_Main-Bold-Cx986IdX.woff2               [39m[1m[2m   25.32 kB[22m[1m[22m
[2mdist-deepcode-gui/[22m[32mpdfjs/cmaps/UniJIS-UCS2-H.bcmap                     [39m[1m[2m   25.44 kB[22m[1m[22m
[2mdist-deepcode-gui/[22m[32mpdfjs/cmaps/UniKS-UCS2-H.bcmap                      [39m[1m[2m   25.78 kB[22m[1m[22m
[2mdist-deepcode-gui/[22m[2massets/[22m[32mKaTeX_Main-Regular-B22Nviop.woff2            [39m[1m[2m   26.27 kB[22m[1m[22m
[2mdist-deepcode-gui/[22m[32mpdfjs/cmaps/UniKS-UTF16-H.bcmap                     [39m[1m[2m   26.33 kB[22m[1m[22m
[2mdist-deepcode-gui/[22m[32mpdfjs/cmaps/UniKS-UTF32-H.bcmap                     [39m[1m[2m   26.45 kB[22m[1m[22m
[2mdist-deepcode-gui/[22m[2massets/[22m[32mKaTeX_Typewriter-Regular-D3Ib7_Hf.ttf        [39m[1m[2m   27.56 kB[22m[1m[22m
[2mdist-deepcode-gui/[22m[32mpdfjs/cmaps/UniKS-UTF8-H.bcmap                      [39m[1m[2m   27.79 kB[22m[1m[22m
[2mdist-deepcode-gui/[22m[2massets/[22m[32mKaTeX_AMS-Regular-BQhdFMY1.woff2             [39m[1m[2m   28.08 kB[22m[1m[22m
[2mdist-deepcode-gui/[22m[32mpdfjs/standard_fonts/FoxitDingbats.pfb              [39m[1m[2m   29.51 kB[22m[1m[22m
[2mdist-deepcode-gui/[22m[2massets/[22m[32mKaTeX_Main-Bold-Jm3AIy58.woff                [39m[1m[2m   29.91 kB[22m[1m[22m
[2mdist-deepcode-gui/[22m[2massets/[22m[32mKaTeX_Main-Regular-Dr94JaBh.woff             [39m[1m[2m   30.77 kB[22m[1m[22m
[2mdist-deepcode-gui/[22m[2massets/[22m[32mKaTeX_Math-BoldItalic-B3XSjfu4.ttf           [39m[1m[2m   31.20 kB[22m[1m[22m
[2mdist-deepcode-gui/[22m[2massets/[22m[32mKaTeX_Math-Italic-flOr_0UB.ttf               [39m[1m[2m   31.31 kB[22m[1m[22m
[2mdist-deepcode-gui/[22m[2massets/[22m[32mKaTeX_Main-BoldItalic-DzxPMmG6.ttf           [39m[1m[2m   32.97 kB[22m[1m[22m
[2mdist-deepcode-gui/[22m[2massets/[22m[32mKaTeX_AMS-Regular-DMm9YOAa.woff              [39m[1m[2m   33.52 kB[22m[1m[22m
[2mdist-deepcode-gui/[22m[2massets/[22m[32mKaTeX_Main-Italic-3WenGoN9.ttf               [39m[1m[2m   33.58 kB[22m[1m[22m
[2mdist-deepcode-gui/[22m[32mpdfjs/cmaps/Adobe-GB1-UCS2.bcmap                    [39m[1m[2m   33.97 kB[22m[1m[22m
[2mdist-deepcode-gui/[22m[32mpdfjs/cmaps/UniJIS-UTF16-H.bcmap                    [39m[1m[2m   39.44 kB[22m[1m[22m
[2mdist-deepcode-gui/[22m[32mpdfjs/cmaps/UniJIS2004-UTF16-H.bcmap                [39m[1m[2m   39.53 kB[22m[1m[22m
[2mdist-deepcode-gui/[22m[32mpdfjs/cmaps/UniJISX0213-UTF32-H.bcmap               [39m[1m[2m   40.52 kB[22m[1m[22m
[2mdist-deepcode-gui/[22m[32mpdfjs/cmaps/UniJIS-UTF32-H.bcmap                    [39m[1m[2m   40.54 kB[22m[1m[22m
[2mdist-deepcode-gui/[22m[32mpdfjs/cmaps/UniJISX02132004-UTF32-H.bcmap           [39m[1m[2m   40.61 kB[22m[1m[22m
[2mdist-deepcode-gui/[22m[32mpdfjs/cmaps/UniJIS2004-UTF32-H.bcmap                [39m[1m[2m   40.63 kB[22m[1m[22m
[2mdist-deepcode-gui/[22m[32mpdfjs/cmaps/Adobe-Japan1-UCS2.bcmap                 [39m[1m[2m   40.95 kB[22m[1m[22m
[2mdist-deepcode-gui/[22m[32mpdfjs/cmaps/Adobe-CNS1-UCS2.bcmap                   [39m[1m[2m   41.19 kB[22m[1m[22m
[2mdist-deepcode-gui/[22m[32mpdfjs/cmaps/UniJIS-UTF8-H.bcmap                     [39m[1m[2m   41.70 kB[22m[1m[22m
[2mdist-deepcode-gui/[22m[32mpdfjs/cmaps/UniJIS2004-UTF8-H.bcmap                 [39m[1m[2m   41.78 kB[22m[1m[22m
[2mdist-deepcode-gui/[22m[32mpdfjs/cmaps/UniGB-UCS2-H.bcmap                      [39m[1m[2m   43.37 kB[22m[1m[22m
[2mdist-deepcode-gui/[22m[32mpdfjs/cmaps/UniGB-UTF16-H.bcmap                     [39m[1m[2m   44.09 kB[22m[1m[22m
[2mdist-deepcode-gui/[22m[32mpdfjs/cmaps/UniGB-UTF32-H.bcmap                     [39m[1m[2m   45.74 kB[22m[1m[22m
[2mdist-deepcode-gui/[22m[32mpdfjs/cmaps/UniGB-UTF8-H.bcmap                      [39m[1m[2m   46.84 kB[22m[1m[22m
[2mdist-deepcode-gui/[22m[32mpdfjs/cmaps/UniCNS-UCS2-H.bcmap                     [39m[1m[2m   48.28 kB[22m[1m[22m
[2mdist-deepcode-gui/[22m[32mpdfjs/cmaps/UniCNS-UTF16-H.bcmap                    [39m[1m[2m   50.42 kB[22m[1m[22m
[2mdist-deepcode-gui/[22m[2massets/[22m[32mKaTeX_Main-Bold-waoOVXN0.ttf                 [39m[1m[2m   51.34 kB[22m[1m[22m
[2mdist-deepcode-gui/[22m[32mpdfjs/cmaps/UniCNS-UTF32-H.bcmap                    [39m[1m[2m   52.68 kB[22m[1m[22m
[2mdist-deepcode-gui/[22m[2massets/[22m[32mKaTeX_Main-Regular-ypZvNtVU.ttf              [39m[1m[2m   53.58 kB[22m[1m[22m
[2mdist-deepcode-gui/[22m[32mpdfjs/cmaps/UniCNS-UTF8-H.bcmap                     [39m[1m[2m   53.63 kB[22m[1m[22m
[2mdist-deepcode-gui/[22m[2massets/[22m[32mKaTeX_AMS-Regular-DRggAlZN.ttf               [39m[1m[2m   63.63 kB[22m[1m[22m
[2mdist-deepcode-gui/[22m[32mpdfjs/wasm/qcms_bg.wasm                             [39m[1m[2m   96.59 kB[22m[1m[22m[2m │ gzip:    35.85 kB[22m
[2mdist-deepcode-gui/[22m[32mpdfjs/wasm/jbig2.wasm                               [39m[1m[2m  104.85 kB[22m[1m[22m[2m │ gzip:    40.49 kB[22m
[2mdist-deepcode-gui/[22m[2massets/[22m[32mcodicon-ngg6Pgfi.ttf                         [39m[1m[2m  121.97 kB[22m[1m[22m
[2mdist-deepcode-gui/[22m[32mpdfjs/standard_fonts/LiberationSans-BoldItalic.ttf  [39m[1m[2m  135.12 kB[22m[1m[22m
[2mdist-deepcode-gui/[22m[32mpdfjs/standard_fonts/LiberationSans-Bold.ttf        [39m[1m[2m  137.05 kB[22m[1m[22m
[2mdist-deepcode-gui/[22m[32mpdfjs/standard_fonts/LiberationSans-Regular.ttf     [39m[1m[2m  139.51 kB[22m[1m[22m
[2mdist-deepcode-gui/[22m[32mpdfjs/wasm/jbig2_nowasm_fallback.js                 [39m[1m[2m  145.70 kB[22m[1m[22m
[2mdist-deepcode-gui/[22m[32mpdfjs/standard_fonts/LiberationSans-Italic.ttf      [39m[1m[2m  162.04 kB[22m[1m[22m
[2mdist-deepcode-gui/[22m[2massets/[22m[32meditor.worker-Be8ye1pW-POWHJHDz.js           [39m[1m[2m  251.82 kB[22m[1m[22m
[2mdist-deepcode-gui/[22m[32mpdfjs/wasm/openjpeg.wasm                            [39m[1m[2m  252.03 kB[22m[1m[22m[2m │ gzip:    83.01 kB[22m
[2mdist-deepcode-gui/[22m[2massets/[22m[32mjson.worker-DKiEKt88-H7tvk9EQ.js             [39m[1m[2m  383.08 kB[22m[1m[22m
[2mdist-deepcode-gui/[22m[32mpdfjs/wasm/openjpeg_nowasm_fallback.js              [39m[1m[2m  451.59 kB[22m[1m[22m
[2mdist-deepcode-gui/[22m[32mpdfjs/wasm/quickjs-eval.wasm                        [39m[1m[2m  469.11 kB[22m[1m[22m[2m │ gzip:   218.89 kB[22m
[2mdist-deepcode-gui/[22m[2massets/[22m[32mhtml.worker-B51mlPHg-Deu7bBTD.js             [39m[1m[2m  693.17 kB[22m[1m[22m
[2mdist-deepcode-gui/[22m[2massets/[22m[32mcss.worker-HnVq6Ewq-BU_XuoeW.js              [39m[1m[2m1,030.37 kB[22m[1m[22m
[2mdist-deepcode-gui/[22m[2massets/[22m[32mpdf.worker.min-BmVo14Nb.mjs                  [39m[1m[2m1,317.03 kB[22m[1m[22m
[2mdist-deepcode-gui/[22m[2massets/[22m[32mts.worker-CMbG-7ft-CMa5ce-m.js               [39m[1m[2m7,011.55 kB[22m[1m[22m
[2mdist-deepcode-gui/[22m[2massets/[22m[35mindex-BuqezU5C.css                           [39m[1m[2m   17.66 kB[22m[1m[22m[2m │ gzip:     3.96 kB[22m
[2mdist-deepcode-gui/[22m[2massets/[22m[35mmarkdown-renderer-dIRGbAJA.css               [39m[1m[2m   28.93 kB[22m[1m[22m[2m │ gzip:     8.04 kB[22m
[2mdist-deepcode-gui/[22m[2massets/[22m[35mSettingsCenter-wVpas6D9.css                  [39m[1m[2m   37.10 kB[22m[1m[22m[2m │ gzip:     6.63 kB[22m
[2mdist-deepcode-gui/[22m[2massets/[22m[35mDeepCodeWorkbenchLayout-D-gKdnZw.css         [39m[1m[2m  125.04 kB[22m[1m[22m[2m │ gzip:    19.24 kB[22m
[2mdist-deepcode-gui/[22m[2massets/[22m[35mmonaco-qiF_U8vl.css                          [39m[1m[2m  146.49 kB[22m[1m[22m[2m │ gzip:    23.02 kB[22m
[2mdist-deepcode-gui/[22m[2massets/[22m[36mchannel-D6_JyNJi.js                          [39m[1m[2m    0.11 kB[22m[1m[22m[2m │ gzip:     0.13 kB[22m
[2mdist-deepcode-gui/[22m[2massets/[22m[36minit-Gi6I4Gst.js                             [39m[1m[2m    0.15 kB[22m[1m[22m[2m │ gzip:     0.13 kB[22m
[2mdist-deepcode-gui/[22m[2massets/[22m[36mchunk-QZHKN3VN-B1lBG1hE.js                   [39m[1m[2m    0.19 kB[22m[1m[22m[2m │ gzip:     0.16 kB[22m
[2mdist-deepcode-gui/[22m[2massets/[22m[36mindex-DVcdMhBM.js                            [39m[1m[2m    0.20 kB[22m[1m[22m[2m │ gzip:     0.18 kB[22m
[2mdist-deepcode-gui/[22m[2massets/[22m[36mchunk-55IACEB6-BcQk1pJd.js                   [39m[1m[2m    0.23 kB[22m[1m[22m[2m │ gzip:     0.21 kB[22m
[2mdist-deepcode-gui/[22m[2massets/[22m[36mchunk-4BX2VUAB-C874NHkV.js                   [39m[1m[2m    0.30 kB[22m[1m[22m[2m │ gzip:     0.21 kB[22m
[2mdist-deepcode-gui/[22m[2massets/[22m[36mchunk-FMBD7UC4-BPMt9cf5.js                   [39m[1m[2m    0.37 kB[22m[1m[22m[2m │ gzip:     0.27 kB[22m
[2mdist-deepcode-gui/[22m[2massets/[22m[36muiStore-BcQgtH4c.js                          [39m[1m[2m    0.37 kB[22m[1m[22m[2m │ gzip:     0.19 kB[22m
[2mdist-deepcode-gui/[22m[2massets/[22m[36mstateDiagram-v2-BHNVJYJU-CqHP7FVZ.js         [39m[1m[2m    0.43 kB[22m[1m[22m[2m │ gzip:     0.30 kB[22m
[2mdist-deepcode-gui/[22m[2massets/[22m[36mclassDiagram-4FO5ZUOK-C_BV-UNk.js            [39m[1m[2m    0.50 kB[22m[1m[22m[2m │ gzip:     0.33 kB[22m
[2mdist-deepcode-gui/[22m[2massets/[22m[36mclassDiagram-v2-Q7XG4LA2-C_BV-UNk.js         [39m[1m[2m    0.50 kB[22m[1m[22m[2m │ gzip:     0.33 kB[22m
[2mdist-deepcode-gui/[22m[2massets/[22m[36mchunk-2J33WTMH-BtLMW-IM.js                   [39m[1m[2m    0.53 kB[22m[1m[22m[2m │ gzip:     0.38 kB[22m
[2mdist-deepcode-gui/[22m[2massets/[22m[36minfoDiagram-5YYISTIA-C1hL_2aE.js             [39m[1m[2m    0.61 kB[22m[1m[22m[2m │ gzip:     0.42 kB[22m
[2mdist-deepcode-gui/[22m[2massets/[22m[36mordinal-Cboi1Yqb.js                          [39m[1m[2m    1.19 kB[22m[1m[22m[2m │ gzip:     0.57 kB[22m
[2mdist-deepcode-gui/[22m[2massets/[22m[36mnativeBrowser-CUd9zHgK.js                    [39m[1m[2m    1.33 kB[22m[1m[22m[2m │ gzip:     0.77 kB[22m
[2mdist-deepcode-gui/[22m[2massets/[22m[36mheartbeatSocket-D2foiBWr.js                  [39m[1m[2m    1.43 kB[22m[1m[22m[2m │ gzip:     0.68 kB[22m
[2mdist-deepcode-gui/[22m[2massets/[22m[36mchunk-ND2GUHAM-CpTmaYXK.js                   [39m[1m[2m    1.89 kB[22m[1m[22m[2m │ gzip:     0.83 kB[22m
[2mdist-deepcode-gui/[22m[2massets/[22m[36mdiagram-5GNKFQAL-DQmDLTRb.js                 [39m[1m[2m    2.80 kB[22m[1m[22m[2m │ gzip:     1.39 kB[22m
[2mdist-deepcode-gui/[22m[2massets/[22m[36mDocumentPreview-ByLIlgz7.js                  [39m[1m[2m    3.01 kB[22m[1m[22m[2m │ gzip:     1.37 kB[22m
[2mdist-deepcode-gui/[22m[2massets/[22m[36marc-BwziS5PY.js                              [39m[1m[2m    3.43 kB[22m[1m[22m[2m │ gzip:     1.48 kB[22m
[2mdist-deepcode-gui/[22m[2massets/[22m[36mdiagram-LMA3HP47-sWAlKbUu.js                 [39m[1m[2m    4.28 kB[22m[1m[22m[2m │ gzip:     1.88 kB[22m
[2mdist-deepcode-gui/[22m[2massets/[22m[36mdefaultLocale-CrowFXzY.js                    [39m[1m[2m    4.69 kB[22m[1m[22m[2m │ gzip:     2.18 kB[22m
[2mdist-deepcode-gui/[22m[2massets/[22m[36mpieDiagram-4H26LBE5-C2Y9QN2K.js              [39m[1m[2m    5.36 kB[22m[1m[22m[2m │ gzip:     2.39 kB[22m
[2mdist-deepcode-gui/[22m[2massets/[22m[36mlinear-yfhVfrAD.js                           [39m[1m[2m    5.66 kB[22m[1m[22m[2m │ gzip:     2.31 kB[22m
[2mdist-deepcode-gui/[22m[2massets/[22m[36mdiagram-2AECGRRQ-k8Vk7ko9.js                 [39m[1m[2m    6.01 kB[22m[1m[22m[2m │ gzip:     2.54 kB[22m
[2mdist-deepcode-gui/[22m[2massets/[22m[36mstateDiagram-AJRCARHV-faj-gUxC.js            [39m[1m[2m   10.39 kB[22m[1m[22m[2m │ gzip:     3.64 kB[22m
[2mdist-deepcode-gui/[22m[2massets/[22m[36mdiagram-KO2AKTUF-D1zqCaD-.js                 [39m[1m[2m   10.86 kB[22m[1m[22m[2m │ gzip:     4.19 kB[22m
[2mdist-deepcode-gui/[22m[2massets/[22m[36mdagre-BM42HDAG-BYZNIw8m.js                   [39m[1m[2m   11.42 kB[22m[1m[22m[2m │ gzip:     4.22 kB[22m
[2mdist-deepcode-gui/[22m[2massets/[22m[36mdiagram-OG6HWLK6-CnN0dG6F.js                 [39m[1m[2m   15.96 kB[22m[1m[22m[2m │ gzip:     5.71 kB[22m
[2mdist-deepcode-gui/[22m[2massets/[22m[36mishikawaDiagram-YF4QCWOH-B9clG6j0.js         [39m[1m[2m   17.60 kB[22m[1m[22m[2m │ gzip:     6.70 kB[22m
[2mdist-deepcode-gui/[22m[2massets/[22m[36mkanban-definition-UN3LZRKU-0G7VCSau.js       [39m[1m[2m   20.74 kB[22m[1m[22m[2m │ gzip:     7.31 kB[22m
[2mdist-deepcode-gui/[22m[2massets/[22m[36mmindmap-definition-RKZ34NQL-vwhtPoPG.js      [39m[1m[2m   23.40 kB[22m[1m[22m[2m │ gzip:     7.91 kB[22m
[2mdist-deepcode-gui/[22m[2massets/[22m[36msankeyDiagram-5OEKKPKP-BBVvvWdh.js           [39m[1m[2m   23.43 kB[22m[1m[22m[2m │ gzip:     8.60 kB[22m
[2mdist-deepcode-gui/[22m[2massets/[22m[36mjourneyDiagram-JHISSGLW-Cmks9ZPf.js          [39m[1m[2m   23.61 kB[22m[1m[22m[2m │ gzip:     8.37 kB[22m
[2mdist-deepcode-gui/[22m[2massets/[22m[36mgraph-BEmEBUp_.js                            [39m[1m[2m   23.95 kB[22m[1m[22m[2m │ gzip:     8.32 kB[22m
[2mdist-deepcode-gui/[22m[2massets/[22m[36mwardleyDiagram-YWT4CUSO-CokQjCaO.js          [39m[1m[2m   26.14 kB[22m[1m[22m[2m │ gzip:     6.96 kB[22m
[2mdist-deepcode-gui/[22m[2massets/[22m[36merDiagram-TEJ5UH35-DkU1CSLZ.js               [39m[1m[2m   27.02 kB[22m[1m[22m[2m │ gzip:     9.40 kB[22m
[2mdist-deepcode-gui/[22m[2massets/[22m[36mgitGraphDiagram-PVQCEYII-C8OrZcyn.js         [39m[1m[2m   29.98 kB[22m[1m[22m[2m │ gzip:     8.90 kB[22m
[2mdist-deepcode-gui/[22m[2massets/[22m[36mrequirementDiagram-4Y6WPE33-D7zc6jBX.js      [39m[1m[2m   31.25 kB[22m[1m[22m[2m │ gzip:     9.84 kB[22m
[2mdist-deepcode-gui/[22m[2massets/[22m[36mtimeline-definition-PNZ67QCA-DCqwH15T.js     [39m[1m[2m   31.38 kB[22m[1m[22m[2m │ gzip:    10.44 kB[22m
[2mdist-deepcode-gui/[22m[2massets/[22m[36mquadrantDiagram-W4KKPZXB-BmYeCnSz.js         [39m[1m[2m   34.54 kB[22m[1m[22m[2m │ gzip:    10.16 kB[22m
[2mdist-deepcode-gui/[22m[2massets/[22m[36mlayout-Bw0msyOw.js                           [39m[1m[2m   35.83 kB[22m[1m[22m[2m │ gzip:    12.87 kB[22m
[2mdist-deepcode-gui/[22m[2massets/[22m[36mchunk-AQP2D5EJ-DDNCxzwV.js                   [39m[1m[2m   37.58 kB[22m[1m[22m[2m │ gzip:    12.24 kB[22m
[2mdist-deepcode-gui/[22m[2massets/[22m[36mxychartDiagram-2RQKCTM6-D1KUNAN2.js          [39m[1m[2m   40.43 kB[22m[1m[22m[2m │ gzip:    11.58 kB[22m
[2mdist-deepcode-gui/[22m[2massets/[22m[36mvennDiagram-CIIHVFJN-BBn4Tepx.js             [39m[1m[2m   41.87 kB[22m[1m[22m[2m │ gzip:    15.60 kB[22m
[2mdist-deepcode-gui/[22m[2massets/[22m[36mchunk-727SXJPM-ByonSu41.js                   [39m[1m[2m   49.08 kB[22m[1m[22m[2m │ gzip:    15.75 kB[22m
[2mdist-deepcode-gui/[22m[2massets/[22m[36mflowDiagram-I6XJVG4X-DlUc383T.js             [39m[1m[2m   61.23 kB[22m[1m[22m[2m │ gzip:    19.54 kB[22m
[2mdist-deepcode-gui/[22m[2massets/[22m[36mSettingsCenter-BDiaKvIR.js                   [39m[1m[2m   68.22 kB[22m[1m[22m[2m │ gzip:    18.99 kB[22m
[2mdist-deepcode-gui/[22m[2massets/[22m[36mganttDiagram-6RSMTGT7-s0ua6uXc.js            [39m[1m[2m   69.61 kB[22m[1m[22m[2m │ gzip:    23.50 kB[22m
[2mdist-deepcode-gui/[22m[2massets/[22m[36mc4Diagram-AAUBKEIU-D5HpUqct.js               [39m[1m[2m   70.01 kB[22m[1m[22m[2m │ gzip:    19.67 kB[22m
[2mdist-deepcode-gui/[22m[2massets/[22m[36mblockDiagram-GPEHLZMM-r9wqdiIT.js            [39m[1m[2m   74.95 kB[22m[1m[22m[2m │ gzip:    21.59 kB[22m
[2mdist-deepcode-gui/[22m[2massets/[22m[36mcose-bilkent-S5V4N54A-pxIKRXez.js            [39m[1m[2m   81.75 kB[22m[1m[22m[2m │ gzip:    22.50 kB[22m
[2mdist-deepcode-gui/[22m[2massets/[22m[36msequenceDiagram-3UESZ5HK-CQCy1kr8.js         [39m[1m[2m  117.36 kB[22m[1m[22m[2m │ gzip:    31.21 kB[22m
[2mdist-deepcode-gui/[22m[2massets/[22m[36marchitectureDiagram-3BPJPVTR-B9laNWjj.js     [39m[1m[2m  149.80 kB[22m[1m[22m[2m │ gzip:    42.34 kB[22m
[2mdist-deepcode-gui/[22m[2massets/[22m[36mDeepCodeWorkbenchLayout-BX_Vh6fJ.js          [39m[1m[2m  184.41 kB[22m[1m[22m[2m │ gzip:    54.45 kB[22m
[2mdist-deepcode-gui/[22m[2massets/[22m[36mvendor-BPc5ZWf3.js                           [39m[1m[2m  194.95 kB[22m[1m[22m[2m │ gzip:    61.07 kB[22m
[2mdist-deepcode-gui/[22m[2massets/[22m[36mindex-DQVQDpeB.js                            [39m[1m[2m  207.56 kB[22m[1m[22m[2m │ gzip:    60.99 kB[22m
[2mdist-deepcode-gui/[22m[2massets/[22m[36mmarkdown-renderer-C8a1nYI2.js                [39m[1m[2m  430.66 kB[22m[1m[22m[2m │ gzip:   128.50 kB[22m
[2mdist-deepcode-gui/[22m[2massets/[22m[36mcytoscape.esm-LDYqcvCF.js                    [39m[1m[2m  442.60 kB[22m[1m[22m[2m │ gzip:   141.99 kB[22m
[2mdist-deepcode-gui/[22m[2massets/[22m[36mPdfDocumentPreview-BOmHcbhX.js               [39m[1m[2m  543.60 kB[22m[1m[22m[2m │ gzip:   166.04 kB[22m
[2mdist-deepcode-gui/[22m[2massets/[22m[36mwardley-L42UT6IY-D3evBIr9.js                 [39m[1m[2m  615.62 kB[22m[1m[22m[2m │ gzip:   148.59 kB[22m
[2mdist-deepcode-gui/[22m[2massets/[22m[36mmermaid.core-71EdP_R-.js                     [39m[1m[2m  618.71 kB[22m[1m[22m[2m │ gzip:   148.12 kB[22m
[2mdist-deepcode-gui/[22m[2massets/[22m[36mmonaco-D5GO8rA_.js                           [39m[1m[33m4,294.47 kB[39m[22m[2m │ gzip: 1,103.23 kB[22m
[33m
(!) Some chunks are larger than 650 kB after minification. Consider:
- Using dynamic import() to code-split the application
- Use build.rollupOptions.output.manualChunks to improve chunking: https://rollupjs.org/configuration-options/#output-manualchunks
- Adjust chunk size limit for this warning via build.chunkSizeWarningLimit.[39m
[32m✓ built in 16.92s[39m
warning: untracked cache is disabled on this system or location
==[build][ui]== /workspace/bin/ui/web-deepcode-gui
==[build][outputs]== /workspace/userspace/gui/dist-deepcode-gui

==[build][SUCCESS]== completed at 2026-09-15T17:44:05+00:00; elapsed=30s
