==[macos-package]== Rust toolchain ready: rustc 1.88.0 (6b00bc388 2025-06-23); cargo 1.88.0 (873a06493 2025-05-10)
==[macos-package]== Cargo cache already satisfies the requested product set
==[macos-package]== Cargo dependency readiness completed in 2s
==[macos-package]== Cargo offline mode enabled for macOS package build
==[macos-package]== reuse deepcode-dev; rebuild frontend product set from current source: deepcode-gui,gui
==[build][START]== 2026-09-15T15:39:29+00:00
==[build]== source: /workspace
==[build]== host=Darwin; requested stages: deepcode-gui gui; clean-cache=0
==[build][deps]== pnpm install
Scope: all 7 workspace projects
Lockfile is up to date, resolution step is skipped
Already up to date

Done in 2.4s
==[build][frontend-shared]== build shared userspace packages and check client types

> deepcode@0.5.60 build:userspace-shared /workspace
> pnpm --filter @deepcode/protocol build && pnpm --filter @deepcode/presentation-core build && pnpm --filter @deepcode/session-core build


> @deepcode/protocol@0.5.60 build /workspace/userspace/protocol
> pnpm run clean && tsc -p tsconfig.json


> @deepcode/protocol@0.5.60 clean /workspace/userspace/protocol
> rm -rf dist tsconfig.tsbuildinfo


> @deepcode/presentation-core@0.5.60 build /workspace/userspace/presentation-core
> pnpm run clean && tsc -p tsconfig.json


> @deepcode/presentation-core@0.5.60 clean /workspace/userspace/presentation-core
> rm -rf dist tsconfig.tsbuildinfo


> @deepcode/session-core@0.5.60 build /workspace/userspace/session-core
> pnpm run clean && tsc -p tsconfig.json


> @deepcode/session-core@0.5.60 clean /workspace/userspace/session-core
> rm -rf dist tsconfig.tsbuildinfo


> @deepcode/client@0.5.60 typecheck /workspace/userspace/gui
> tsc --noEmit

==[build][gui]== build DeepCode web assets

> @deepcode/client@0.5.60 build:web /workspace/userspace/gui
> vite build

[36mvite v6.4.2 [32mbuilding for production...[36m[39m
transforming...
[32m✓[39m 3714 modules transformed.
rendering chunks...
computing gzip size...
[2mdist/[22m[32mpdfjs/cmaps/CNS2-V.bcmap                            [39m[1m[2m    0.09 kB[22m[1m[22m
[2mdist/[22m[32mpdfjs/cmaps/Roman.bcmap                             [39m[1m[2m    0.10 kB[22m[1m[22m
[2mdist/[22m[32mpdfjs/cmaps/Katakana.bcmap                          [39m[1m[2m    0.10 kB[22m[1m[22m
[2mdist/[22m[32mpdfjs/cmaps/ETenms-B5-H.bcmap                       [39m[1m[2m    0.10 kB[22m[1m[22m
[2mdist/[22m[32mpdfjs/cmaps/UniJIS-UCS2-HW-H.bcmap                  [39m[1m[2m    0.12 kB[22m[1m[22m
[2mdist/[22m[32mpdfjs/cmaps/Hiragana.bcmap                          [39m[1m[2m    0.12 kB[22m[1m[22m
[2mdist/[22m[32mpdfjs/cmaps/Hankaku.bcmap                           [39m[1m[2m    0.13 kB[22m[1m[22m
[2mdist/[22m[32mpdfjs/cmaps/B5-V.bcmap                              [39m[1m[2m    0.14 kB[22m[1m[22m
[2mdist/[22m[32mpdfjs/cmaps/CNS1-V.bcmap                            [39m[1m[2m    0.14 kB[22m[1m[22m
[2mdist/[22m[32mpdfjs/cmaps/B5pc-V.bcmap                            [39m[1m[2m    0.14 kB[22m[1m[22m
[2mdist/[22m[32mpdfjs/cmaps/HKdla-B5-V.bcmap                        [39m[1m[2m    0.15 kB[22m[1m[22m
[2mdist/[22m[32mpdfjs/cmaps/HKdlb-B5-V.bcmap                        [39m[1m[2m    0.15 kB[22m[1m[22m
[2mdist/[22m[32mpdfjs/cmaps/HKgccs-B5-V.bcmap                       [39m[1m[2m    0.15 kB[22m[1m[22m
[2mdist/[22m[32mpdfjs/cmaps/HKm314-B5-V.bcmap                       [39m[1m[2m    0.15 kB[22m[1m[22m
[2mdist/[22m[32mpdfjs/cmaps/HKm471-B5-V.bcmap                       [39m[1m[2m    0.15 kB[22m[1m[22m
[2mdist/[22m[32mpdfjs/cmaps/UniCNS-UCS2-V.bcmap                     [39m[1m[2m    0.16 kB[22m[1m[22m
[2mdist/[22m[32mpdfjs/cmaps/UniCNS-UTF16-V.bcmap                    [39m[1m[2m    0.16 kB[22m[1m[22m
[2mdist/[22m[32mpdfjs/cmaps/UniCNS-UTF8-V.bcmap                     [39m[1m[2m    0.16 kB[22m[1m[22m
[2mdist/[22m[32mpdfjs/cmaps/ETHK-B5-V.bcmap                         [39m[1m[2m    0.16 kB[22m[1m[22m
[2mdist/[22m[32mpdfjs/cmaps/ETen-B5-V.bcmap                         [39m[1m[2m    0.16 kB[22m[1m[22m
[2mdist/[22m[32mpdfjs/cmaps/HKscs-B5-V.bcmap                        [39m[1m[2m    0.16 kB[22m[1m[22m
[2mdist/[22m[32mpdfjs/cmaps/KSC-V.bcmap                             [39m[1m[2m    0.16 kB[22m[1m[22m
[2mdist/[22m[32mpdfjs/cmaps/UniCNS-UTF32-V.bcmap                    [39m[1m[2m    0.16 kB[22m[1m[22m
[2mdist/[22m[32mpdfjs/cmaps/KSC-EUC-V.bcmap                         [39m[1m[2m    0.16 kB[22m[1m[22m
[2mdist/[22m[32mpdfjs/cmaps/UniKS-UTF16-V.bcmap                     [39m[1m[2m    0.16 kB[22m[1m[22m
[2mdist/[22m[32mpdfjs/cmaps/KSC-Johab-V.bcmap                       [39m[1m[2m    0.17 kB[22m[1m[22m
[2mdist/[22m[32mpdfjs/cmaps/KSCms-UHC-V.bcmap                       [39m[1m[2m    0.17 kB[22m[1m[22m
[2mdist/[22m[32mpdfjs/cmaps/KSCpc-EUC-V.bcmap                       [39m[1m[2m    0.17 kB[22m[1m[22m
[2mdist/[22m[32mpdfjs/cmaps/V.bcmap                                 [39m[1m[2m    0.17 kB[22m[1m[22m
[2mdist/[22m[32mpdfjs/cmaps/UniKS-UTF32-V.bcmap                     [39m[1m[2m    0.17 kB[22m[1m[22m
[2mdist/[22m[32mpdfjs/cmaps/78-V.bcmap                              [39m[1m[2m    0.17 kB[22m[1m[22m
[2mdist/[22m[32mpdfjs/cmaps/KSCms-UHC-HW-V.bcmap                    [39m[1m[2m    0.17 kB[22m[1m[22m
[2mdist/[22m[32mpdfjs/cmaps/UniKS-UTF8-V.bcmap                      [39m[1m[2m    0.17 kB[22m[1m[22m
[2mdist/[22m[32mpdfjs/cmaps/EUC-V.bcmap                             [39m[1m[2m    0.17 kB[22m[1m[22m
[2mdist/[22m[32mpdfjs/cmaps/RKSJ-V.bcmap                            [39m[1m[2m    0.17 kB[22m[1m[22m
[2mdist/[22m[32mpdfjs/cmaps/ETenms-B5-V.bcmap                       [39m[1m[2m    0.17 kB[22m[1m[22m
[2mdist/[22m[32mpdfjs/cmaps/78-EUC-V.bcmap                          [39m[1m[2m    0.17 kB[22m[1m[22m
[2mdist/[22m[32mpdfjs/cmaps/78-RKSJ-V.bcmap                         [39m[1m[2m    0.17 kB[22m[1m[22m
[2mdist/[22m[32mpdfjs/cmaps/GB-V.bcmap                              [39m[1m[2m    0.18 kB[22m[1m[22m
[2mdist/[22m[32mpdfjs/cmaps/GBT-V.bcmap                             [39m[1m[2m    0.18 kB[22m[1m[22m
[2mdist/[22m[32mpdfjs/cmaps/UniGB-UTF16-V.bcmap                     [39m[1m[2m    0.18 kB[22m[1m[22m
[2mdist/[22m[32mpdfjs/cmaps/UniKS-UCS2-V.bcmap                      [39m[1m[2m    0.18 kB[22m[1m[22m
[2mdist/[22m[32mpdfjs/cmaps/GB-EUC-V.bcmap                          [39m[1m[2m    0.18 kB[22m[1m[22m
[2mdist/[22m[32mpdfjs/cmaps/WP-Symbol.bcmap                         [39m[1m[2m    0.18 kB[22m[1m[22m
[2mdist/[22m[32mpdfjs/cmaps/GBK-EUC-V.bcmap                         [39m[1m[2m    0.18 kB[22m[1m[22m
[2mdist/[22m[32mpdfjs/cmaps/GBT-EUC-V.bcmap                         [39m[1m[2m    0.18 kB[22m[1m[22m
[2mdist/[22m[32mpdfjs/cmaps/GBKp-EUC-V.bcmap                        [39m[1m[2m    0.18 kB[22m[1m[22m
[2mdist/[22m[32mpdfjs/cmaps/GBpc-EUC-V.bcmap                        [39m[1m[2m    0.18 kB[22m[1m[22m
[2mdist/[22m[32mpdfjs/cmaps/UniGB-UTF8-V.bcmap                      [39m[1m[2m    0.18 kB[22m[1m[22m
[2mdist/[22m[32mpdfjs/cmaps/GBTpc-EUC-V.bcmap                       [39m[1m[2m    0.18 kB[22m[1m[22m
[2mdist/[22m[32mpdfjs/cmaps/UniGB-UTF32-V.bcmap                     [39m[1m[2m    0.18 kB[22m[1m[22m
[2mdist/[22m[32mpdfjs/cmaps/UniGB-UCS2-V.bcmap                      [39m[1m[2m    0.19 kB[22m[1m[22m
[2mdist/[22m[32mpdfjs/cmaps/Ext-V.bcmap                             [39m[1m[2m    0.22 kB[22m[1m[22m
[2mdist/[22m[32mpdfjs/cmaps/Adobe-GB1-0.bcmap                       [39m[1m[2m    0.22 kB[22m[1m[22m
[2mdist/[22m[32mpdfjs/cmaps/Ext-RKSJ-V.bcmap                        [39m[1m[2m    0.22 kB[22m[1m[22m
[2mdist/[22m[32mpdfjs/cmaps/GBK2K-V.bcmap                           [39m[1m[2m    0.22 kB[22m[1m[22m
[2mdist/[22m[32mpdfjs/cmaps/Adobe-Japan1-0.bcmap                    [39m[1m[2m    0.23 kB[22m[1m[22m
[2mdist/[22m[32mpdfjs/cmaps/Adobe-Japan1-1.bcmap                    [39m[1m[2m    0.23 kB[22m[1m[22m
[2mdist/[22m[32mpdfjs/cmaps/Adobe-Japan1-2.bcmap                    [39m[1m[2m    0.23 kB[22m[1m[22m
[2mdist/[22m[32mpdfjs/cmaps/Adobe-Korea1-0.bcmap                    [39m[1m[2m    0.24 kB[22m[1m[22m
[2mdist/[22m[32mpdfjs/cmaps/Adobe-Japan1-3.bcmap                    [39m[1m[2m    0.24 kB[22m[1m[22m
[2mdist/[22m[32mpdfjs/cmaps/Adobe-GB1-1.bcmap                       [39m[1m[2m    0.25 kB[22m[1m[22m
[2mdist/[22m[32mpdfjs/cmaps/NWP-V.bcmap                             [39m[1m[2m    0.25 kB[22m[1m[22m
[2mdist/[22m[32mpdfjs/cmaps/90pv-RKSJ-V.bcmap                       [39m[1m[2m    0.26 kB[22m[1m[22m
[2mdist/[22m[32mpdfjs/cmaps/Add-V.bcmap                             [39m[1m[2m    0.28 kB[22m[1m[22m
[2mdist/[22m[32mpdfjs/cmaps/Add-RKSJ-V.bcmap                        [39m[1m[2m    0.29 kB[22m[1m[22m
[2mdist/[22m[32mpdfjs/cmaps/78ms-RKSJ-V.bcmap                       [39m[1m[2m    0.29 kB[22m[1m[22m
[2mdist/[22m[32mpdfjs/cmaps/90ms-RKSJ-V.bcmap                       [39m[1m[2m    0.29 kB[22m[1m[22m
[2mdist/[22m[32mpdfjs/cmaps/90msp-RKSJ-V.bcmap                      [39m[1m[2m    0.29 kB[22m[1m[22m
[2mdist/[22m[32mpdfjs/cmaps/Adobe-CNS1-0.bcmap                      [39m[1m[2m    0.32 kB[22m[1m[22m
[2mdist/[22m[32mpdfjs/cmaps/Adobe-Japan1-4.bcmap                    [39m[1m[2m    0.34 kB[22m[1m[22m
[2mdist/[22m[32mpdfjs/cmaps/Adobe-CNS1-1.bcmap                      [39m[1m[2m    0.37 kB[22m[1m[22m
[2mdist/[22m[32mpdfjs/cmaps/Adobe-CNS1-2.bcmap                      [39m[1m[2m    0.38 kB[22m[1m[22m
[2mdist/[22m[32mpdfjs/cmaps/Adobe-Korea1-1.bcmap                    [39m[1m[2m    0.39 kB[22m[1m[22m
[2mdist/[22m[32mpdfjs/cmaps/Adobe-Korea1-2.bcmap                    [39m[1m[2m    0.39 kB[22m[1m[22m
[2mdist/[22m[32mpdfjs/cmaps/Adobe-CNS1-3.bcmap                      [39m[1m[2m    0.40 kB[22m[1m[22m
[2mdist/[22m[32mpdfjs/cmaps/Adobe-CNS1-4.bcmap                      [39m[1m[2m    0.41 kB[22m[1m[22m
[2mdist/[22m[32mpdfjs/cmaps/Adobe-CNS1-5.bcmap                      [39m[1m[2m    0.41 kB[22m[1m[22m
[2mdist/[22m[32mpdfjs/cmaps/Adobe-CNS1-6.bcmap                      [39m[1m[2m    0.41 kB[22m[1m[22m
[2mdist/[22m[32mpdfjs/cmaps/Adobe-Japan1-5.bcmap                    [39m[1m[2m    0.43 kB[22m[1m[22m
[2mdist/[22m[32mpdfjs/cmaps/Adobe-GB1-2.bcmap                       [39m[1m[2m    0.47 kB[22m[1m[22m
[2mdist/[22m[32mpdfjs/cmaps/Adobe-GB1-3.bcmap                       [39m[1m[2m    0.47 kB[22m[1m[22m
[2mdist/[22m[32mpdfjs/cmaps/Adobe-Japan1-6.bcmap                    [39m[1m[2m    0.49 kB[22m[1m[22m
[2mdist/[22m[32mpdfjs/cmaps/CNS2-H.bcmap                            [39m[1m[2m    0.50 kB[22m[1m[22m
[2mdist/[22m[32mpdfjs/cmaps/GB-H.bcmap                              [39m[1m[2m    0.53 kB[22m[1m[22m
[2mdist/[22m[32mpdfjs/cmaps/RKSJ-H.bcmap                            [39m[1m[2m    0.53 kB[22m[1m[22m
[2mdist/[22m[32mpdfjs/cmaps/GB-EUC-H.bcmap                          [39m[1m[2m    0.55 kB[22m[1m[22m
[2mdist/[22m[32mpdfjs/cmaps/H.bcmap                                 [39m[1m[2m    0.55 kB[22m[1m[22m
[2mdist/[22m[32mpdfjs/wasm/LICENSE_PDFJS_JBIG2                      [39m[1m[2m    0.56 kB[22m[1m[22m
[2mdist/[22m[32mpdfjs/cmaps/GBpc-EUC-H.bcmap                        [39m[1m[2m    0.56 kB[22m[1m[22m
[2mdist/[22m[32mpdfjs/cmaps/EUC-H.bcmap                             [39m[1m[2m    0.58 kB[22m[1m[22m
[2mdist/[22m[32mpdfjs/cmaps/Adobe-GB1-4.bcmap                       [39m[1m[2m    0.60 kB[22m[1m[22m
[2mdist/[22m[32mpdfjs/cmaps/Adobe-GB1-5.bcmap                       [39m[1m[2m    0.63 kB[22m[1m[22m
[2mdist/[22m[32mpdfjs/cmaps/UniJIS-UTF16-V.bcmap                    [39m[1m[2m    0.64 kB[22m[1m[22m
[2mdist/[22m[32mpdfjs/cmaps/UniJIS2004-UTF16-V.bcmap                [39m[1m[2m    0.65 kB[22m[1m[22m
[2mdist/[22m[32mpdfjs/cmaps/UniJIS-UCS2-V.bcmap                     [39m[1m[2m    0.66 kB[22m[1m[22m
[2mdist/[22m[32mpdfjs/cmaps/UniJIS-UTF32-V.bcmap                    [39m[1m[2m    0.68 kB[22m[1m[22m
[2mdist/[22m[32mpdfjs/cmaps/UniJIS-UTF8-V.bcmap                     [39m[1m[2m    0.68 kB[22m[1m[22m
[2mdist/[22m[32mpdfjs/cmaps/UniJIS-UCS2-HW-V.bcmap                  [39m[1m[2m    0.68 kB[22m[1m[22m
[2mdist/[22m[32mpdfjs/cmaps/UniJIS2004-UTF32-V.bcmap                [39m[1m[2m    0.68 kB[22m[1m[22m
[2mdist/[22m[32mpdfjs/cmaps/UniJIS2004-UTF8-V.bcmap                 [39m[1m[2m    0.68 kB[22m[1m[22m
[2mdist/[22m[32mpdfjs/cmaps/UniJISX0213-UTF32-V.bcmap               [39m[1m[2m    0.68 kB[22m[1m[22m
[2mdist/[22m[32mpdfjs/cmaps/UniJISX02132004-UTF32-V.bcmap           [39m[1m[2m    0.69 kB[22m[1m[22m
[2mdist/[22m[32mpdfjs/cmaps/UniJISPro-UCS2-V.bcmap                  [39m[1m[2m    0.69 kB[22m[1m[22m
[2mdist/[22m[32mpdfjs/cmaps/UniJISPro-UCS2-HW-V.bcmap               [39m[1m[2m    0.71 kB[22m[1m[22m
[2mdist/[22m[32mpdfjs/cmaps/CNS1-H.bcmap                            [39m[1m[2m    0.71 kB[22m[1m[22m
[2mdist/[22m[32mpdfjs/cmaps/90msp-RKSJ-H.bcmap                      [39m[1m[2m    0.72 kB[22m[1m[22m
[2mdist/[22m[32mpdfjs/cmaps/90ms-RKSJ-H.bcmap                       [39m[1m[2m    0.72 kB[22m[1m[22m
[2mdist/[22m[32mpdfjs/cmaps/UniJISPro-UTF8-V.bcmap                  [39m[1m[2m    0.73 kB[22m[1m[22m
[2mdist/[22m[32mpdfjs/cmaps/83pv-RKSJ-H.bcmap                       [39m[1m[2m    0.91 kB[22m[1m[22m
[2mdist/[22m[32mpdfjs/cmaps/90pv-RKSJ-H.bcmap                       [39m[1m[2m    0.98 kB[22m[1m[22m
[2mdist/[22m[32mpdfjs/wasm/LICENSE_PDFJS_QCMS                       [39m[1m[2m    1.04 kB[22m[1m[22m
[2mdist/[22m[32mpdfjs/cmaps/B5-H.bcmap                              [39m[1m[2m    1.09 kB[22m[1m[22m
[2mdist/[22m[32mpdfjs/cmaps/B5pc-H.bcmap                            [39m[1m[2m    1.10 kB[22m[1m[22m
[2mdist/[22m[32mpdfjs/wasm/LICENSE_QCMS                             [39m[1m[2m    1.12 kB[22m[1m[22m
[2mdist/[22m[32mpdfjs/cmaps/ETen-B5-H.bcmap                         [39m[1m[2m    1.13 kB[22m[1m[22m
[2mdist/[22m[32mpdfjs/wasm/LICENSE_PDFJS_OPENJPEG                   [39m[1m[2m    1.29 kB[22m[1m[22m
[2mdist/[22m[32mpdfjs/standard_fonts/LICENSE_FOXIT                  [39m[1m[2m    1.55 kB[22m[1m[22m
[2mdist/[22m[32mpdfjs/cmaps/HKm314-B5-H.bcmap                       [39m[1m[2m    1.77 kB[22m[1m[22m
[2mdist/[22m[32mpdfjs/cmaps/CNS-EUC-H.bcmap                         [39m[1m[2m    1.78 kB[22m[1m[22m
[2mdist/[22m[32mpdfjs/cmaps/KSC-H.bcmap                             [39m[1m[2m    1.83 kB[22m[1m[22m
[2mdist/[22m[32mpdfjs/cmaps/KSC-EUC-H.bcmap                         [39m[1m[2m    1.85 kB[22m[1m[22m
[2mdist/[22m[32mpdfjs/cmaps/CNS-EUC-V.bcmap                         [39m[1m[2m    1.92 kB[22m[1m[22m
[2mdist/[22m[32mpdfjs/cmaps/KSCpc-EUC-H.bcmap                       [39m[1m[2m    2.02 kB[22m[1m[22m
[2mdist/[22m[32mpdfjs/cmaps/LICENSE                                 [39m[1m[2m    2.08 kB[22m[1m[22m
[2mdist/[22m[32mpdfjs/wasm/LICENSE_OPENJPEG                         [39m[1m[2m    2.11 kB[22m[1m[22m
[2mdist/[22m[32mpdfjs/cmaps/HKm471-B5-H.bcmap                       [39m[1m[2m    2.17 kB[22m[1m[22m
[2mdist/[22m[32mpdfjs/cmaps/HKgccs-B5-H.bcmap                       [39m[1m[2m    2.29 kB[22m[1m[22m
[2mdist/[22m[32mpdfjs/cmaps/78-H.bcmap                              [39m[1m[2m    2.38 kB[22m[1m[22m
[2mdist/[22m[32mpdfjs/cmaps/78-RKSJ-H.bcmap                         [39m[1m[2m    2.40 kB[22m[1m[22m
[2mdist/[22m[32mpdfjs/cmaps/78-EUC-H.bcmap                          [39m[1m[2m    2.40 kB[22m[1m[22m
[2mdist/[22m[32mpdfjs/cmaps/Add-RKSJ-H.bcmap                        [39m[1m[2m    2.41 kB[22m[1m[22m
[2mdist/[22m[32mpdfjs/cmaps/HKdlb-B5-H.bcmap                        [39m[1m[2m    2.41 kB[22m[1m[22m
[2mdist/[22m[32mpdfjs/cmaps/Add-H.bcmap                             [39m[1m[2m    2.42 kB[22m[1m[22m
[2mdist/[22m[32mpdfjs/cmaps/Ext-H.bcmap                             [39m[1m[2m    2.54 kB[22m[1m[22m
[2mdist/[22m[32mpdfjs/cmaps/Ext-RKSJ-H.bcmap                        [39m[1m[2m    2.54 kB[22m[1m[22m
[2mdist/[22m[32mpdfjs/cmaps/78ms-RKSJ-H.bcmap                       [39m[1m[2m    2.65 kB[22m[1m[22m
[2mdist/[22m[32mpdfjs/cmaps/HKdla-B5-H.bcmap                        [39m[1m[2m    2.65 kB[22m[1m[22m
[2mdist/[22m[32mpdfjs/cmaps/NWP-H.bcmap                             [39m[1m[2m    2.77 kB[22m[1m[22m
[2mdist/[22m[32mpdfjs/cmaps/KSCms-UHC-H.bcmap                       [39m[1m[2m    2.79 kB[22m[1m[22m
[2mdist/[22m[32mpdfjs/cmaps/KSCms-UHC-HW-H.bcmap                    [39m[1m[2m    2.79 kB[22m[1m[22m
[2mdist/[22m[2massets/[22m[32mfileChangeSummary.worker-UZyesPOV.js         [39m[1m[2m    3.87 kB[22m[1m[22m
[2mdist/[22m[2massets/[22m[32mKaTeX_Size3-Regular-CTq5MqoE.woff            [39m[1m[2m    4.42 kB[22m[1m[22m
[2mdist/[22m[32mpdfjs/cmaps/ETHK-B5-H.bcmap                         [39m[1m[2m    4.43 kB[22m[1m[22m
[2mdist/[22m[32mpdfjs/cmaps/HKscs-B5-H.bcmap                        [39m[1m[2m    4.44 kB[22m[1m[22m
[2mdist/[22m[2massets/[22m[32mKaTeX_Size4-Regular-Dl5lxZxV.woff2           [39m[1m[2m    4.93 kB[22m[1m[22m
[2mdist/[22m[2massets/[22m[32mKaTeX_Size2-Regular-Dy4dx90m.woff2           [39m[1m[2m    5.21 kB[22m[1m[22m
[2mdist/[22m[2massets/[22m[32mKaTeX_Size1-Regular-mCD8mA8B.woff2           [39m[1m[2m    5.47 kB[22m[1m[22m
[2mdist/[22m[2massets/[22m[32mKaTeX_Size4-Regular-BF-4gkZK.woff            [39m[1m[2m    5.98 kB[22m[1m[22m
[2mdist/[22m[2massets/[22m[32mKaTeX_Size2-Regular-oD1tc_U0.woff            [39m[1m[2m    6.19 kB[22m[1m[22m
[2mdist/[22m[32mpdfjs/wasm/quickjs-eval.js                          [39m[1m[2m    6.23 kB[22m[1m[22m
[2mdist/[22m[2massets/[22m[32mKaTeX_Size1-Regular-C195tn64.woff            [39m[1m[2m    6.50 kB[22m[1m[22m
[2mdist/[22m[2massets/[22m[32mKaTeX_Caligraphic-Regular-Di6jR-x-.woff2     [39m[1m[2m    6.91 kB[22m[1m[22m
[2mdist/[22m[2massets/[22m[32mKaTeX_Caligraphic-Bold-Dq_IR9rO.woff2        [39m[1m[2m    6.91 kB[22m[1m[22m
[2mdist/[22m[32mpdfjs/cmaps/GBT-H.bcmap                             [39m[1m[2m    7.27 kB[22m[1m[22m
[2mdist/[22m[32mpdfjs/cmaps/GBT-EUC-H.bcmap                         [39m[1m[2m    7.29 kB[22m[1m[22m
[2mdist/[22m[32mpdfjs/cmaps/GBTpc-EUC-H.bcmap                       [39m[1m[2m    7.30 kB[22m[1m[22m
[2mdist/[22m[2massets/[22m[32mKaTeX_Size3-Regular-DgpXs0kz.ttf             [39m[1m[2m    7.59 kB[22m[1m[22m
[2mdist/[22m[2massets/[22m[32mKaTeX_Caligraphic-Regular-CTRA-rTL.woff      [39m[1m[2m    7.66 kB[22m[1m[22m
[2mdist/[22m[2massets/[22m[32mKaTeX_Caligraphic-Bold-BEiXGLvX.woff         [39m[1m[2m    7.72 kB[22m[1m[22m
[2mdist/[22m[32mindex.html                                          [39m[1m[2m    8.42 kB[22m[1m[22m[2m │ gzip:     2.23 kB[22m
[2mdist/[22m[2massets/[22m[32mKaTeX_Script-Regular-D3wIWfF6.woff2          [39m[1m[2m    9.64 kB[22m[1m[22m
[2mdist/[22m[2massets/[22m[32mKaTeX_SansSerif-Regular-DDBCnlJ7.woff2       [39m[1m[2m   10.34 kB[22m[1m[22m
[2mdist/[22m[2massets/[22m[32mKaTeX_Size4-Regular-DWFBv043.ttf             [39m[1m[2m   10.36 kB[22m[1m[22m
[2mdist/[22m[2massets/[22m[32mKaTeX_Script-Regular-D5yQViql.woff           [39m[1m[2m   10.59 kB[22m[1m[22m
[2mdist/[22m[2massets/[22m[32mKaTeX_Fraktur-Regular-CTYiF6lA.woff2         [39m[1m[2m   11.32 kB[22m[1m[22m
[2mdist/[22m[2massets/[22m[32mKaTeX_Fraktur-Bold-CL6g_b3V.woff2            [39m[1m[2m   11.35 kB[22m[1m[22m
[2mdist/[22m[2massets/[22m[32mKaTeX_Size2-Regular-B7gKUWhC.ttf             [39m[1m[2m   11.51 kB[22m[1m[22m
[2mdist/[22m[2massets/[22m[32mKaTeX_SansSerif-Italic-C3H0VqGB.woff2        [39m[1m[2m   12.03 kB[22m[1m[22m
[2mdist/[22m[2massets/[22m[32mKaTeX_SansSerif-Bold-D1sUS0GD.woff2          [39m[1m[2m   12.22 kB[22m[1m[22m
[2mdist/[22m[2massets/[22m[32mKaTeX_Size1-Regular-Dbsnue_I.ttf             [39m[1m[2m   12.23 kB[22m[1m[22m
[2mdist/[22m[2massets/[22m[32mKaTeX_SansSerif-Regular-CS6fqUqJ.woff        [39m[1m[2m   12.32 kB[22m[1m[22m
[2mdist/[22m[2massets/[22m[32mKaTeX_Caligraphic-Regular-wX97UBjC.ttf       [39m[1m[2m   12.34 kB[22m[1m[22m
[2mdist/[22m[2massets/[22m[32mKaTeX_Caligraphic-Bold-ATXxdsX0.ttf          [39m[1m[2m   12.37 kB[22m[1m[22m
[2mdist/[22m[32mpdfjs/wasm/LICENSE_JBIG2                            [39m[1m[2m   12.86 kB[22m[1m[22m
[2mdist/[22m[2massets/[22m[32mKaTeX_Fraktur-Regular-Dxdc4cR9.woff          [39m[1m[2m   13.21 kB[22m[1m[22m
[2mdist/[22m[2massets/[22m[32mKaTeX_Fraktur-Bold-BsDP51OF.woff             [39m[1m[2m   13.30 kB[22m[1m[22m
[2mdist/[22m[2massets/[22m[32mKaTeX_Typewriter-Regular-CO6r4hn1.woff2      [39m[1m[2m   13.57 kB[22m[1m[22m
[2mdist/[22m[2massets/[22m[32mKaTeX_SansSerif-Italic-DN2j7dab.woff         [39m[1m[2m   14.11 kB[22m[1m[22m
[2mdist/[22m[2massets/[22m[32mKaTeX_SansSerif-Bold-DbIhKOiC.woff           [39m[1m[2m   14.41 kB[22m[1m[22m
[2mdist/[22m[32mpdfjs/cmaps/GBKp-EUC-H.bcmap                        [39m[1m[2m   14.69 kB[22m[1m[22m
[2mdist/[22m[32mpdfjs/cmaps/GBK-EUC-H.bcmap                         [39m[1m[2m   14.69 kB[22m[1m[22m
[2mdist/[22m[2massets/[22m[32mKaTeX_Typewriter-Regular-C0xS9mPB.woff       [39m[1m[2m   16.03 kB[22m[1m[22m
[2mdist/[22m[2massets/[22m[32mKaTeX_Math-BoldItalic-CZnvNsCZ.woff2         [39m[1m[2m   16.40 kB[22m[1m[22m
[2mdist/[22m[2massets/[22m[32mKaTeX_Math-Italic-t53AETM-.woff2             [39m[1m[2m   16.44 kB[22m[1m[22m
[2mdist/[22m[2massets/[22m[32mKaTeX_Script-Regular-C5JkGWo-.ttf            [39m[1m[2m   16.65 kB[22m[1m[22m
[2mdist/[22m[32mpdfjs/standard_fonts/FoxitSymbol.pfb                [39m[1m[2m   16.73 kB[22m[1m[22m
[2mdist/[22m[2massets/[22m[32mKaTeX_Main-BoldItalic-DxDJ3AOS.woff2         [39m[1m[2m   16.78 kB[22m[1m[22m
[2mdist/[22m[32mpdfjs/cmaps/KSC-Johab-H.bcmap                       [39m[1m[2m   16.79 kB[22m[1m[22m
[2mdist/[22m[2massets/[22m[32mKaTeX_Main-Italic-NWA7e6Wa.woff2             [39m[1m[2m   16.99 kB[22m[1m[22m
[2mdist/[22m[32mpdfjs/standard_fonts/FoxitFixed.pfb                 [39m[1m[2m   17.60 kB[22m[1m[22m
[2mdist/[22m[32mpdfjs/standard_fonts/FoxitFixedBold.pfb             [39m[1m[2m   18.06 kB[22m[1m[22m
[2mdist/[22m[2massets/[22m[32mKaTeX_Math-BoldItalic-iY-2wyZ7.woff          [39m[1m[2m   18.67 kB[22m[1m[22m
[2mdist/[22m[32mpdfjs/standard_fonts/FoxitFixedItalic.pfb           [39m[1m[2m   18.75 kB[22m[1m[22m
[2mdist/[22m[2massets/[22m[32mKaTeX_Math-Italic-DA0__PXp.woff              [39m[1m[2m   18.75 kB[22m[1m[22m
[2mdist/[22m[32mpdfjs/standard_fonts/FoxitFixedBoldItalic.pfb       [39m[1m[2m   19.15 kB[22m[1m[22m
[2mdist/[22m[32mpdfjs/standard_fonts/FoxitSerifBold.pfb             [39m[1m[2m   19.40 kB[22m[1m[22m
[2mdist/[22m[2massets/[22m[32mKaTeX_Main-BoldItalic-SpSLRI95.woff          [39m[1m[2m   19.41 kB[22m[1m[22m
[2mdist/[22m[2massets/[22m[32mKaTeX_SansSerif-Regular-BNo7hRIc.ttf         [39m[1m[2m   19.44 kB[22m[1m[22m
[2mdist/[22m[32mpdfjs/standard_fonts/FoxitSerif.pfb                 [39m[1m[2m   19.47 kB[22m[1m[22m
[2mdist/[22m[2massets/[22m[32mKaTeX_Fraktur-Regular-CB_wures.ttf           [39m[1m[2m   19.57 kB[22m[1m[22m
[2mdist/[22m[2massets/[22m[32mKaTeX_Fraktur-Bold-BdnERNNW.ttf              [39m[1m[2m   19.58 kB[22m[1m[22m
[2mdist/[22m[32mpdfjs/cmaps/GBK2K-H.bcmap                           [39m[1m[2m   19.66 kB[22m[1m[22m
[2mdist/[22m[2massets/[22m[32mKaTeX_Main-Italic-BMLOBm91.woff              [39m[1m[2m   19.68 kB[22m[1m[22m
[2mdist/[22m[32mpdfjs/standard_fonts/FoxitSerifBoldItalic.pfb       [39m[1m[2m   20.73 kB[22m[1m[22m
[2mdist/[22m[32mpdfjs/standard_fonts/FoxitSerifItalic.pfb           [39m[1m[2m   21.23 kB[22m[1m[22m
[2mdist/[22m[32mpdfjs/standard_fonts/LICENSE_LIBERATION             [39m[1m[2m   22.15 kB[22m[1m[22m
[2mdist/[22m[2massets/[22m[32mKaTeX_SansSerif-Italic-YYjJ1zSn.ttf          [39m[1m[2m   22.36 kB[22m[1m[22m
[2mdist/[22m[32mpdfjs/cmaps/Adobe-Korea1-UCS2.bcmap                 [39m[1m[2m   23.29 kB[22m[1m[22m
[2mdist/[22m[2massets/[22m[32mKaTeX_SansSerif-Bold-CFMepnvq.ttf            [39m[1m[2m   24.50 kB[22m[1m[22m
[2mdist/[22m[2massets/[22m[32mKaTeX_Main-Bold-Cx986IdX.woff2               [39m[1m[2m   25.32 kB[22m[1m[22m
[2mdist/[22m[32mpdfjs/cmaps/UniJIS-UCS2-H.bcmap                     [39m[1m[2m   25.44 kB[22m[1m[22m
[2mdist/[22m[32mpdfjs/cmaps/UniKS-UCS2-H.bcmap                      [39m[1m[2m   25.78 kB[22m[1m[22m
[2mdist/[22m[2massets/[22m[32mKaTeX_Main-Regular-B22Nviop.woff2            [39m[1m[2m   26.27 kB[22m[1m[22m
[2mdist/[22m[32mpdfjs/cmaps/UniKS-UTF16-H.bcmap                     [39m[1m[2m   26.33 kB[22m[1m[22m
[2mdist/[22m[32mpdfjs/cmaps/UniKS-UTF32-H.bcmap                     [39m[1m[2m   26.45 kB[22m[1m[22m
[2mdist/[22m[2massets/[22m[32mKaTeX_Typewriter-Regular-D3Ib7_Hf.ttf        [39m[1m[2m   27.56 kB[22m[1m[22m
[2mdist/[22m[32mpdfjs/cmaps/UniKS-UTF8-H.bcmap                      [39m[1m[2m   27.79 kB[22m[1m[22m
[2mdist/[22m[2massets/[22m[32mKaTeX_AMS-Regular-BQhdFMY1.woff2             [39m[1m[2m   28.08 kB[22m[1m[22m
[2mdist/[22m[32mpdfjs/standard_fonts/FoxitDingbats.pfb              [39m[1m[2m   29.51 kB[22m[1m[22m
[2mdist/[22m[2massets/[22m[32mKaTeX_Main-Bold-Jm3AIy58.woff                [39m[1m[2m   29.91 kB[22m[1m[22m
[2mdist/[22m[2massets/[22m[32mKaTeX_Main-Regular-Dr94JaBh.woff             [39m[1m[2m   30.77 kB[22m[1m[22m
[2mdist/[22m[2massets/[22m[32mKaTeX_Math-BoldItalic-B3XSjfu4.ttf           [39m[1m[2m   31.20 kB[22m[1m[22m
[2mdist/[22m[2massets/[22m[32mKaTeX_Math-Italic-flOr_0UB.ttf               [39m[1m[2m   31.31 kB[22m[1m[22m
[2mdist/[22m[2massets/[22m[32mKaTeX_Main-BoldItalic-DzxPMmG6.ttf           [39m[1m[2m   32.97 kB[22m[1m[22m
[2mdist/[22m[2massets/[22m[32mKaTeX_AMS-Regular-DMm9YOAa.woff              [39m[1m[2m   33.52 kB[22m[1m[22m
[2mdist/[22m[2massets/[22m[32mKaTeX_Main-Italic-3WenGoN9.ttf               [39m[1m[2m   33.58 kB[22m[1m[22m
[2mdist/[22m[32mpdfjs/cmaps/Adobe-GB1-UCS2.bcmap                    [39m[1m[2m   33.97 kB[22m[1m[22m
[2mdist/[22m[32mpdfjs/cmaps/UniJIS-UTF16-H.bcmap                    [39m[1m[2m   39.44 kB[22m[1m[22m
[2mdist/[22m[32mpdfjs/cmaps/UniJIS2004-UTF16-H.bcmap                [39m[1m[2m   39.53 kB[22m[1m[22m
[2mdist/[22m[32mpdfjs/cmaps/UniJISX0213-UTF32-H.bcmap               [39m[1m[2m   40.52 kB[22m[1m[22m
[2mdist/[22m[32mpdfjs/cmaps/UniJIS-UTF32-H.bcmap                    [39m[1m[2m   40.54 kB[22m[1m[22m
[2mdist/[22m[32mpdfjs/cmaps/UniJISX02132004-UTF32-H.bcmap           [39m[1m[2m   40.61 kB[22m[1m[22m
[2mdist/[22m[32mpdfjs/cmaps/UniJIS2004-UTF32-H.bcmap                [39m[1m[2m   40.63 kB[22m[1m[22m
[2mdist/[22m[32mpdfjs/cmaps/Adobe-Japan1-UCS2.bcmap                 [39m[1m[2m   40.95 kB[22m[1m[22m
[2mdist/[22m[32mpdfjs/cmaps/Adobe-CNS1-UCS2.bcmap                   [39m[1m[2m   41.19 kB[22m[1m[22m
[2mdist/[22m[32mpdfjs/cmaps/UniJIS-UTF8-H.bcmap                     [39m[1m[2m   41.70 kB[22m[1m[22m
[2mdist/[22m[32mpdfjs/cmaps/UniJIS2004-UTF8-H.bcmap                 [39m[1m[2m   41.78 kB[22m[1m[22m
[2mdist/[22m[32mpdfjs/cmaps/UniGB-UCS2-H.bcmap                      [39m[1m[2m   43.37 kB[22m[1m[22m
[2mdist/[22m[32mpdfjs/cmaps/UniGB-UTF16-H.bcmap                     [39m[1m[2m   44.09 kB[22m[1m[22m
[2mdist/[22m[32mpdfjs/cmaps/UniGB-UTF32-H.bcmap                     [39m[1m[2m   45.74 kB[22m[1m[22m
[2mdist/[22m[32mpdfjs/cmaps/UniGB-UTF8-H.bcmap                      [39m[1m[2m   46.84 kB[22m[1m[22m
[2mdist/[22m[32mpdfjs/cmaps/UniCNS-UCS2-H.bcmap                     [39m[1m[2m   48.28 kB[22m[1m[22m
[2mdist/[22m[32mpdfjs/cmaps/UniCNS-UTF16-H.bcmap                    [39m[1m[2m   50.42 kB[22m[1m[22m
[2mdist/[22m[2massets/[22m[32mKaTeX_Main-Bold-waoOVXN0.ttf                 [39m[1m[2m   51.34 kB[22m[1m[22m
[2mdist/[22m[32mpdfjs/cmaps/UniCNS-UTF32-H.bcmap                    [39m[1m[2m   52.68 kB[22m[1m[22m
[2mdist/[22m[2massets/[22m[32mKaTeX_Main-Regular-ypZvNtVU.ttf              [39m[1m[2m   53.58 kB[22m[1m[22m
[2mdist/[22m[32mpdfjs/cmaps/UniCNS-UTF8-H.bcmap                     [39m[1m[2m   53.63 kB[22m[1m[22m
[2mdist/[22m[2massets/[22m[32mKaTeX_AMS-Regular-DRggAlZN.ttf               [39m[1m[2m   63.63 kB[22m[1m[22m
[2mdist/[22m[32mpdfjs/wasm/qcms_bg.wasm                             [39m[1m[2m   96.59 kB[22m[1m[22m[2m │ gzip:    35.85 kB[22m
[2mdist/[22m[32mpdfjs/wasm/jbig2.wasm                               [39m[1m[2m  104.85 kB[22m[1m[22m[2m │ gzip:    40.49 kB[22m
[2mdist/[22m[2massets/[22m[32mcodicon-ngg6Pgfi.ttf                         [39m[1m[2m  121.97 kB[22m[1m[22m
[2mdist/[22m[32mpdfjs/standard_fonts/LiberationSans-BoldItalic.ttf  [39m[1m[2m  135.12 kB[22m[1m[22m
[2mdist/[22m[32mpdfjs/standard_fonts/LiberationSans-Bold.ttf        [39m[1m[2m  137.05 kB[22m[1m[22m
[2mdist/[22m[32mpdfjs/standard_fonts/LiberationSans-Regular.ttf     [39m[1m[2m  139.51 kB[22m[1m[22m
[2mdist/[22m[32mpdfjs/wasm/jbig2_nowasm_fallback.js                 [39m[1m[2m  145.70 kB[22m[1m[22m
[2mdist/[22m[32mpdfjs/standard_fonts/LiberationSans-Italic.ttf      [39m[1m[2m  162.04 kB[22m[1m[22m
[2mdist/[22m[2massets/[22m[32meditor.worker-Be8ye1pW-POWHJHDz.js           [39m[1m[2m  251.82 kB[22m[1m[22m
[2mdist/[22m[32mpdfjs/wasm/openjpeg.wasm                            [39m[1m[2m  252.03 kB[22m[1m[22m[2m │ gzip:    83.01 kB[22m
[2mdist/[22m[2massets/[22m[32mjson.worker-DKiEKt88-H7tvk9EQ.js             [39m[1m[2m  383.08 kB[22m[1m[22m
[2mdist/[22m[32mpdfjs/wasm/openjpeg_nowasm_fallback.js              [39m[1m[2m  451.59 kB[22m[1m[22m
[2mdist/[22m[32mpdfjs/wasm/quickjs-eval.wasm                        [39m[1m[2m  469.11 kB[22m[1m[22m[2m │ gzip:   218.89 kB[22m
[2mdist/[22m[2massets/[22m[32mhtml.worker-B51mlPHg-Deu7bBTD.js             [39m[1m[2m  693.17 kB[22m[1m[22m
[2mdist/[22m[2massets/[22m[32mcss.worker-HnVq6Ewq-BU_XuoeW.js              [39m[1m[2m1,030.37 kB[22m[1m[22m
[2mdist/[22m[2massets/[22m[32mpdf.worker.min-BmVo14Nb.mjs                  [39m[1m[2m1,317.03 kB[22m[1m[22m
[2mdist/[22m[2massets/[22m[32mts.worker-CMbG-7ft-CMa5ce-m.js               [39m[1m[2m7,011.55 kB[22m[1m[22m
[2mdist/[22m[2massets/[22m[35mCodeWorkspaceChoiceDialog-C8MxV2CX.css       [39m[1m[2m    1.22 kB[22m[1m[22m[2m │ gzip:     0.52 kB[22m
[2mdist/[22m[2massets/[22m[35mCodeEditor-7XkC5aUm.css                      [39m[1m[2m    2.40 kB[22m[1m[22m[2m │ gzip:     0.88 kB[22m
[2mdist/[22m[2massets/[22m[35mindex-BGFgxlvB.css                           [39m[1m[2m    4.85 kB[22m[1m[22m[2m │ gzip:     1.52 kB[22m
[2mdist/[22m[2massets/[22m[35mFileTree-DrCSRUTu.css                        [39m[1m[2m    5.05 kB[22m[1m[22m[2m │ gzip:     1.34 kB[22m
[2mdist/[22m[2massets/[22m[35mNativePathDialog-tKJU4D7k.css                [39m[1m[2m    9.01 kB[22m[1m[22m[2m │ gzip:     1.89 kB[22m
[2mdist/[22m[2massets/[22m[35mTerminalPlaceholder-ChQ3bpYO.css             [39m[1m[2m   10.65 kB[22m[1m[22m[2m │ gzip:     3.24 kB[22m
[2mdist/[22m[2massets/[22m[35mWorkbenchLayout-C8ma72nO.css                 [39m[1m[2m   20.60 kB[22m[1m[22m[2m │ gzip:     4.35 kB[22m
[2mdist/[22m[2massets/[22m[35mdocumentPreview-DrIAw9Ro.css                 [39m[1m[2m   27.20 kB[22m[1m[22m[2m │ gzip:     5.49 kB[22m
[2mdist/[22m[2massets/[22m[35mmarkdown-renderer-dIRGbAJA.css               [39m[1m[2m   28.93 kB[22m[1m[22m[2m │ gzip:     8.04 kB[22m
[2mdist/[22m[2massets/[22m[35mSettingsCenter-C1ZyEwN8.css                  [39m[1m[2m   35.21 kB[22m[1m[22m[2m │ gzip:     6.28 kB[22m
[2mdist/[22m[2massets/[22m[35mLocalAgentPanel-DL-Y5nsv.css                 [39m[1m[2m   45.67 kB[22m[1m[22m[2m │ gzip:     7.48 kB[22m
[2mdist/[22m[2massets/[22m[35mmonaco-qiF_U8vl.css                          [39m[1m[2m  146.49 kB[22m[1m[22m[2m │ gzip:    23.02 kB[22m
[2mdist/[22m[2massets/[22m[36mchannel-BykxAcon.js                          [39m[1m[2m    0.11 kB[22m[1m[22m[2m │ gzip:     0.13 kB[22m
[2mdist/[22m[2massets/[22m[36minit-Gi6I4Gst.js                             [39m[1m[2m    0.15 kB[22m[1m[22m[2m │ gzip:     0.13 kB[22m
[2mdist/[22m[2massets/[22m[36mchunk-QZHKN3VN-DWIdjrvI.js                   [39m[1m[2m    0.19 kB[22m[1m[22m[2m │ gzip:     0.16 kB[22m
[2mdist/[22m[2massets/[22m[36mindex-DVcdMhBM.js                            [39m[1m[2m    0.20 kB[22m[1m[22m[2m │ gzip:     0.18 kB[22m
[2mdist/[22m[2massets/[22m[36mchunk-55IACEB6-B1RhXjP2.js                   [39m[1m[2m    0.23 kB[22m[1m[22m[2m │ gzip:     0.21 kB[22m
[2mdist/[22m[2massets/[22m[36mchunk-4BX2VUAB-XTBO4zGV.js                   [39m[1m[2m    0.30 kB[22m[1m[22m[2m │ gzip:     0.20 kB[22m
[2mdist/[22m[2massets/[22m[36mreaderState-BxB6_JLC.js                      [39m[1m[2m    0.35 kB[22m[1m[22m[2m │ gzip:     0.23 kB[22m
[2mdist/[22m[2massets/[22m[36mchunk-FMBD7UC4-DLqRD9uC.js                   [39m[1m[2m    0.37 kB[22m[1m[22m[2m │ gzip:     0.27 kB[22m
[2mdist/[22m[2massets/[22m[36muiStore-CZ2NBQCY.js                          [39m[1m[2m    0.37 kB[22m[1m[22m[2m │ gzip:     0.19 kB[22m
[2mdist/[22m[2massets/[22m[36mstateDiagram-v2-BHNVJYJU-D8dw67MX.js         [39m[1m[2m    0.43 kB[22m[1m[22m[2m │ gzip:     0.30 kB[22m
[2mdist/[22m[2massets/[22m[36mclassDiagram-4FO5ZUOK-BAGr9udD.js            [39m[1m[2m    0.50 kB[22m[1m[22m[2m │ gzip:     0.33 kB[22m
[2mdist/[22m[2massets/[22m[36mclassDiagram-v2-Q7XG4LA2-BAGr9udD.js         [39m[1m[2m    0.50 kB[22m[1m[22m[2m │ gzip:     0.33 kB[22m
[2mdist/[22m[2massets/[22m[36mchunk-2J33WTMH-kXtfwZ2E.js                   [39m[1m[2m    0.53 kB[22m[1m[22m[2m │ gzip:     0.38 kB[22m
[2mdist/[22m[2massets/[22m[36minfoDiagram-5YYISTIA-Vvo8Nn2j.js             [39m[1m[2m    0.61 kB[22m[1m[22m[2m │ gzip:     0.42 kB[22m
[2mdist/[22m[2massets/[22m[36mnativeBrowser-lPvnZ2dJ.js                    [39m[1m[2m    0.80 kB[22m[1m[22m[2m │ gzip:     0.42 kB[22m
[2mdist/[22m[2massets/[22m[36mordinal-Cboi1Yqb.js                          [39m[1m[2m    1.19 kB[22m[1m[22m[2m │ gzip:     0.57 kB[22m
[2mdist/[22m[2massets/[22m[36mNativePathDialog-cKUiYIx-.js                 [39m[1m[2m    1.26 kB[22m[1m[22m[2m │ gzip:     0.61 kB[22m
[2mdist/[22m[2massets/[22m[36mheartbeatSocket-R6tEeasi.js                  [39m[1m[2m    1.43 kB[22m[1m[22m[2m │ gzip:     0.68 kB[22m
[2mdist/[22m[2massets/[22m[36mCodeWorkspaceChoiceDialog-CgRizdNR.js        [39m[1m[2m    1.72 kB[22m[1m[22m[2m │ gzip:     0.67 kB[22m
[2mdist/[22m[2massets/[22m[36mchunk-ND2GUHAM-DbiHkkpG.js                   [39m[1m[2m    1.89 kB[22m[1m[22m[2m │ gzip:     0.83 kB[22m
[2mdist/[22m[2massets/[22m[36mDocumentPreview-y0fDFyaQ.js                  [39m[1m[2m    2.21 kB[22m[1m[22m[2m │ gzip:     1.15 kB[22m
[2mdist/[22m[2massets/[22m[36mdiagram-5GNKFQAL-R6VFhlsF.js                 [39m[1m[2m    2.80 kB[22m[1m[22m[2m │ gzip:     1.39 kB[22m
[2mdist/[22m[2massets/[22m[36marc-CkqiHLBu.js                              [39m[1m[2m    3.43 kB[22m[1m[22m[2m │ gzip:     1.48 kB[22m
[2mdist/[22m[2massets/[22m[36mdiagram-LMA3HP47-w2ftIf1X.js                 [39m[1m[2m    4.28 kB[22m[1m[22m[2m │ gzip:     1.88 kB[22m
[2mdist/[22m[2massets/[22m[36mInternalBrowserPanel-BhTiPBzN.js             [39m[1m[2m    4.47 kB[22m[1m[22m[2m │ gzip:     1.36 kB[22m
[2mdist/[22m[2massets/[22m[36mdefaultLocale-CrowFXzY.js                    [39m[1m[2m    4.69 kB[22m[1m[22m[2m │ gzip:     2.18 kB[22m
[2mdist/[22m[2massets/[22m[36mCodeEditor-9RCv7kPt.js                       [39m[1m[2m    4.80 kB[22m[1m[22m[2m │ gzip:     1.68 kB[22m
[2mdist/[22m[2massets/[22m[36mpieDiagram-4H26LBE5-DjW96EZu.js              [39m[1m[2m    5.36 kB[22m[1m[22m[2m │ gzip:     2.38 kB[22m
[2mdist/[22m[2massets/[22m[36mlinear-356Wr0Q1.js                           [39m[1m[2m    5.66 kB[22m[1m[22m[2m │ gzip:     2.31 kB[22m
[2mdist/[22m[2massets/[22m[36mdiagram-2AECGRRQ-C1mpukG4.js                 [39m[1m[2m    6.01 kB[22m[1m[22m[2m │ gzip:     2.54 kB[22m
[2mdist/[22m[2massets/[22m[36mWorkspaceOpenDialog-MbE93Cs-.js              [39m[1m[2m    7.37 kB[22m[1m[22m[2m │ gzip:     2.12 kB[22m
[2mdist/[22m[2massets/[22m[36mstateDiagram-AJRCARHV-CM6D2IUN.js            [39m[1m[2m   10.39 kB[22m[1m[22m[2m │ gzip:     3.64 kB[22m
[2mdist/[22m[2massets/[22m[36mdiagram-KO2AKTUF-BgwRyTg1.js                 [39m[1m[2m   10.86 kB[22m[1m[22m[2m │ gzip:     4.19 kB[22m
[2mdist/[22m[2massets/[22m[36mdagre-BM42HDAG-Bbuwc4Kk.js                   [39m[1m[2m   11.42 kB[22m[1m[22m[2m │ gzip:     4.22 kB[22m
[2mdist/[22m[2massets/[22m[36mFileTree-BQ_qdZ4W.js                         [39m[1m[2m   11.66 kB[22m[1m[22m[2m │ gzip:     3.94 kB[22m
[2mdist/[22m[2massets/[22m[36mWorkbenchLayout-B1AvLzte.js                  [39m[1m[2m   15.20 kB[22m[1m[22m[2m │ gzip:     4.77 kB[22m
[2mdist/[22m[2massets/[22m[36mdiagram-OG6HWLK6-BVu_GlCR.js                 [39m[1m[2m   15.96 kB[22m[1m[22m[2m │ gzip:     5.71 kB[22m
[2mdist/[22m[2massets/[22m[36mishikawaDiagram-YF4QCWOH-Aaes7uDG.js         [39m[1m[2m   17.60 kB[22m[1m[22m[2m │ gzip:     6.70 kB[22m
[2mdist/[22m[2massets/[22m[36mkanban-definition-UN3LZRKU-B91J2z8B.js       [39m[1m[2m   20.74 kB[22m[1m[22m[2m │ gzip:     7.31 kB[22m
[2mdist/[22m[2massets/[22m[36mmindmap-definition-RKZ34NQL-BP_Ms_fr.js      [39m[1m[2m   23.40 kB[22m[1m[22m[2m │ gzip:     7.91 kB[22m
[2mdist/[22m[2massets/[22m[36msankeyDiagram-5OEKKPKP-nKt0x9Gk.js           [39m[1m[2m   23.43 kB[22m[1m[22m[2m │ gzip:     8.60 kB[22m
[2mdist/[22m[2massets/[22m[36mjourneyDiagram-JHISSGLW-Bax_faqI.js          [39m[1m[2m   23.61 kB[22m[1m[22m[2m │ gzip:     8.37 kB[22m
[2mdist/[22m[2massets/[22m[36mgraph-BEmEBUp_.js                            [39m[1m[2m   23.95 kB[22m[1m[22m[2m │ gzip:     8.32 kB[22m
[2mdist/[22m[2massets/[22m[36mdocumentPreview-BWP67Bzr.js                  [39m[1m[2m   25.01 kB[22m[1m[22m[2m │ gzip:     8.92 kB[22m
[2mdist/[22m[2massets/[22m[36mwardleyDiagram-YWT4CUSO-DMqWkx0u.js          [39m[1m[2m   26.14 kB[22m[1m[22m[2m │ gzip:     6.96 kB[22m
[2mdist/[22m[2massets/[22m[36merDiagram-TEJ5UH35-DxdomwZn.js               [39m[1m[2m   27.02 kB[22m[1m[22m[2m │ gzip:     9.40 kB[22m
[2mdist/[22m[2massets/[22m[36mgitGraphDiagram-PVQCEYII-BlzY5aLM.js         [39m[1m[2m   29.98 kB[22m[1m[22m[2m │ gzip:     8.90 kB[22m
[2mdist/[22m[2massets/[22m[36mrequirementDiagram-4Y6WPE33-DbKHiB8n.js      [39m[1m[2m   31.25 kB[22m[1m[22m[2m │ gzip:     9.84 kB[22m
[2mdist/[22m[2massets/[22m[36mtimeline-definition-PNZ67QCA-kQlKUo5h.js     [39m[1m[2m   31.38 kB[22m[1m[22m[2m │ gzip:    10.44 kB[22m
[2mdist/[22m[2massets/[22m[36mquadrantDiagram-W4KKPZXB-Ch-ilGcF.js         [39m[1m[2m   34.54 kB[22m[1m[22m[2m │ gzip:    10.16 kB[22m
[2mdist/[22m[2massets/[22m[36mlayout-Bw0msyOw.js                           [39m[1m[2m   35.83 kB[22m[1m[22m[2m │ gzip:    12.87 kB[22m
[2mdist/[22m[2massets/[22m[36mchunk-AQP2D5EJ-D5beGthu.js                   [39m[1m[2m   37.58 kB[22m[1m[22m[2m │ gzip:    12.24 kB[22m
[2mdist/[22m[2massets/[22m[36mxychartDiagram-2RQKCTM6-DQHmmrHr.js          [39m[1m[2m   40.43 kB[22m[1m[22m[2m │ gzip:    11.58 kB[22m
[2mdist/[22m[2massets/[22m[36mvennDiagram-CIIHVFJN-H0gqeM-y.js             [39m[1m[2m   41.87 kB[22m[1m[22m[2m │ gzip:    15.60 kB[22m
[2mdist/[22m[2massets/[22m[36mchunk-727SXJPM-Bt2KK-fC.js                   [39m[1m[2m   49.08 kB[22m[1m[22m[2m │ gzip:    15.75 kB[22m
[2mdist/[22m[2massets/[22m[36mflowDiagram-I6XJVG4X-kWCGJWTG.js             [39m[1m[2m   61.23 kB[22m[1m[22m[2m │ gzip:    19.54 kB[22m
[2mdist/[22m[2massets/[22m[36mSettingsCenter-NFhAN0rM.js                   [39m[1m[2m   63.49 kB[22m[1m[22m[2m │ gzip:    17.46 kB[22m
[2mdist/[22m[2massets/[22m[36mganttDiagram-6RSMTGT7-Bhq1g5az.js            [39m[1m[2m   69.61 kB[22m[1m[22m[2m │ gzip:    23.50 kB[22m
[2mdist/[22m[2massets/[22m[36mc4Diagram-AAUBKEIU-COngzLNf.js               [39m[1m[2m   70.01 kB[22m[1m[22m[2m │ gzip:    19.67 kB[22m
[2mdist/[22m[2massets/[22m[36mblockDiagram-GPEHLZMM-Ce4WLv1K.js            [39m[1m[2m   74.95 kB[22m[1m[22m[2m │ gzip:    21.59 kB[22m
[2mdist/[22m[2massets/[22m[36mcose-bilkent-S5V4N54A-DLzuABRP.js            [39m[1m[2m   81.75 kB[22m[1m[22m[2m │ gzip:    22.50 kB[22m
[2mdist/[22m[2massets/[22m[36msequenceDiagram-3UESZ5HK-ETuE6asz.js         [39m[1m[2m  117.36 kB[22m[1m[22m[2m │ gzip:    31.21 kB[22m
[2mdist/[22m[2massets/[22m[36mLocalAgentPanel-VJQQYiUO.js                  [39m[1m[2m  127.64 kB[22m[1m[22m[2m │ gzip:    38.29 kB[22m
[2mdist/[22m[2massets/[22m[36marchitectureDiagram-3BPJPVTR-rvXLgpeW.js     [39m[1m[2m  149.80 kB[22m[1m[22m[2m │ gzip:    42.34 kB[22m
[2mdist/[22m[2massets/[22m[36mvendor-hm4ty368.js                           [39m[1m[2m  194.95 kB[22m[1m[22m[2m │ gzip:    61.11 kB[22m
[2mdist/[22m[2massets/[22m[36mindex-WfdMIMcW.js                            [39m[1m[2m  195.88 kB[22m[1m[22m[2m │ gzip:    57.58 kB[22m
[2mdist/[22m[2massets/[22m[36mTerminalPlaceholder-BCoaUSjo.js              [39m[1m[2m  344.60 kB[22m[1m[22m[2m │ gzip:    88.05 kB[22m
[2mdist/[22m[2massets/[22m[36mmarkdown-renderer-BS8CfNrM.js                [39m[1m[2m  430.66 kB[22m[1m[22m[2m │ gzip:   128.50 kB[22m
[2mdist/[22m[2massets/[22m[36mcytoscape.esm-LDYqcvCF.js                    [39m[1m[2m  442.60 kB[22m[1m[22m[2m │ gzip:   141.99 kB[22m
[2mdist/[22m[2massets/[22m[36mPdfDocumentPreview-CdBZ_pZL.js               [39m[1m[2m  543.26 kB[22m[1m[22m[2m │ gzip:   165.85 kB[22m
[2mdist/[22m[2massets/[22m[36mwardley-L42UT6IY-CFlqtrEW.js                 [39m[1m[2m  615.62 kB[22m[1m[22m[2m │ gzip:   148.58 kB[22m
[2mdist/[22m[2massets/[22m[36mmermaid.core-B3zBDdv4.js                     [39m[1m[2m  618.71 kB[22m[1m[22m[2m │ gzip:   148.12 kB[22m
[2mdist/[22m[2massets/[22m[36mmonaco-C2Yu2uKN.js                           [39m[1m[33m4,309.81 kB[39m[22m[2m │ gzip: 1,108.10 kB[22m
[33m
(!) Some chunks are larger than 650 kB after minification. Consider:
- Using dynamic import() to code-split the application
- Use build.rollupOptions.output.manualChunks to improve chunking: https://rollupjs.org/configuration-options/#output-manualchunks
- Adjust chunk size limit for this warning via build.chunkSizeWarningLimit.[39m
[32m✓ built in 57.84s[39m
warning: untracked cache is disabled on this system or location
==[build][deepcode-gui]== build DeepCode-GUI web assets

> @deepcode/client@0.5.60 build:deepcode-gui:web /workspace/userspace/gui
> vite build --config vite.deepcode-gui.config.ts && if [ -f dist-deepcode-gui/deepcode-gui.html ]; then cp dist-deepcode-gui/deepcode-gui.html dist-deepcode-gui/index.html; fi

[36mvite v6.4.2 [32mbuilding for production...[36m[39m
transforming...
[32m✓[39m 3692 modules transformed.
rendering chunks...
computing gzip size...
[2mdist-deepcode-gui/[22m[32mpdfjs/cmaps/CNS2-V.bcmap                            [39m[1m[2m    0.09 kB[22m[1m[22m
[2mdist-deepcode-gui/[22m[32mpdfjs/cmaps/Roman.bcmap                             [39m[1m[2m    0.10 kB[22m[1m[22m
[2mdist-deepcode-gui/[22m[32mpdfjs/cmaps/Katakana.bcmap                          [39m[1m[2m    0.10 kB[22m[1m[22m
[2mdist-deepcode-gui/[22m[32mpdfjs/cmaps/ETenms-B5-H.bcmap                       [39m[1m[2m    0.10 kB[22m[1m[22m
[2mdist-deepcode-gui/[22m[32mpdfjs/cmaps/UniJIS-UCS2-HW-H.bcmap                  [39m[1m[2m    0.12 kB[22m[1m[22m
[2mdist-deepcode-gui/[22m[32mpdfjs/cmaps/Hiragana.bcmap                          [39m[1m[2m    0.12 kB[22m[1m[22m
[2mdist-deepcode-gui/[22m[32mpdfjs/cmaps/Hankaku.bcmap                           [39m[1m[2m    0.13 kB[22m[1m[22m
[2mdist-deepcode-gui/[22m[32mpdfjs/cmaps/B5-V.bcmap                              [39m[1m[2m    0.14 kB[22m[1m[22m
[2mdist-deepcode-gui/[22m[32mpdfjs/cmaps/CNS1-V.bcmap                            [39m[1m[2m    0.14 kB[22m[1m[22m
[2mdist-deepcode-gui/[22m[32mpdfjs/cmaps/B5pc-V.bcmap                            [39m[1m[2m    0.14 kB[22m[1m[22m
[2mdist-deepcode-gui/[22m[32mpdfjs/cmaps/HKdla-B5-V.bcmap                        [39m[1m[2m    0.15 kB[22m[1m[22m
[2mdist-deepcode-gui/[22m[32mpdfjs/cmaps/HKdlb-B5-V.bcmap                        [39m[1m[2m    0.15 kB[22m[1m[22m
[2mdist-deepcode-gui/[22m[32mpdfjs/cmaps/HKgccs-B5-V.bcmap                       [39m[1m[2m    0.15 kB[22m[1m[22m
[2mdist-deepcode-gui/[22m[32mpdfjs/cmaps/HKm314-B5-V.bcmap                       [39m[1m[2m    0.15 kB[22m[1m[22m
[2mdist-deepcode-gui/[22m[32mpdfjs/cmaps/HKm471-B5-V.bcmap                       [39m[1m[2m    0.15 kB[22m[1m[22m
[2mdist-deepcode-gui/[22m[32mpdfjs/cmaps/UniCNS-UCS2-V.bcmap                     [39m[1m[2m    0.16 kB[22m[1m[22m
[2mdist-deepcode-gui/[22m[32mpdfjs/cmaps/UniCNS-UTF16-V.bcmap                    [39m[1m[2m    0.16 kB[22m[1m[22m
[2mdist-deepcode-gui/[22m[32mpdfjs/cmaps/UniCNS-UTF8-V.bcmap                     [39m[1m[2m    0.16 kB[22m[1m[22m
[2mdist-deepcode-gui/[22m[32mpdfjs/cmaps/ETHK-B5-V.bcmap                         [39m[1m[2m    0.16 kB[22m[1m[22m
[2mdist-deepcode-gui/[22m[32mpdfjs/cmaps/ETen-B5-V.bcmap                         [39m[1m[2m    0.16 kB[22m[1m[22m
[2mdist-deepcode-gui/[22m[32mpdfjs/cmaps/HKscs-B5-V.bcmap                        [39m[1m[2m    0.16 kB[22m[1m[22m
[2mdist-deepcode-gui/[22m[32mpdfjs/cmaps/KSC-V.bcmap                             [39m[1m[2m    0.16 kB[22m[1m[22m
[2mdist-deepcode-gui/[22m[32mpdfjs/cmaps/UniCNS-UTF32-V.bcmap                    [39m[1m[2m    0.16 kB[22m[1m[22m
[2mdist-deepcode-gui/[22m[32mpdfjs/cmaps/KSC-EUC-V.bcmap                         [39m[1m[2m    0.16 kB[22m[1m[22m
[2mdist-deepcode-gui/[22m[32mpdfjs/cmaps/UniKS-UTF16-V.bcmap                     [39m[1m[2m    0.16 kB[22m[1m[22m
[2mdist-deepcode-gui/[22m[32mpdfjs/cmaps/KSC-Johab-V.bcmap                       [39m[1m[2m    0.17 kB[22m[1m[22m
[2mdist-deepcode-gui/[22m[32mpdfjs/cmaps/KSCms-UHC-V.bcmap                       [39m[1m[2m    0.17 kB[22m[1m[22m
[2mdist-deepcode-gui/[22m[32mpdfjs/cmaps/KSCpc-EUC-V.bcmap                       [39m[1m[2m    0.17 kB[22m[1m[22m
[2mdist-deepcode-gui/[22m[32mpdfjs/cmaps/V.bcmap                                 [39m[1m[2m    0.17 kB[22m[1m[22m
[2mdist-deepcode-gui/[22m[32mpdfjs/cmaps/UniKS-UTF32-V.bcmap                     [39m[1m[2m    0.17 kB[22m[1m[22m
[2mdist-deepcode-gui/[22m[32mpdfjs/cmaps/78-V.bcmap                              [39m[1m[2m    0.17 kB[22m[1m[22m
[2mdist-deepcode-gui/[22m[32mpdfjs/cmaps/KSCms-UHC-HW-V.bcmap                    [39m[1m[2m    0.17 kB[22m[1m[22m
[2mdist-deepcode-gui/[22m[32mpdfjs/cmaps/UniKS-UTF8-V.bcmap                      [39m[1m[2m    0.17 kB[22m[1m[22m
[2mdist-deepcode-gui/[22m[32mpdfjs/cmaps/EUC-V.bcmap                             [39m[1m[2m    0.17 kB[22m[1m[22m
[2mdist-deepcode-gui/[22m[32mpdfjs/cmaps/RKSJ-V.bcmap                            [39m[1m[2m    0.17 kB[22m[1m[22m
[2mdist-deepcode-gui/[22m[32mpdfjs/cmaps/ETenms-B5-V.bcmap                       [39m[1m[2m    0.17 kB[22m[1m[22m
[2mdist-deepcode-gui/[22m[32mpdfjs/cmaps/78-EUC-V.bcmap                          [39m[1m[2m    0.17 kB[22m[1m[22m
[2mdist-deepcode-gui/[22m[32mpdfjs/cmaps/78-RKSJ-V.bcmap                         [39m[1m[2m    0.17 kB[22m[1m[22m
[2mdist-deepcode-gui/[22m[32mpdfjs/cmaps/GB-V.bcmap                              [39m[1m[2m    0.18 kB[22m[1m[22m
[2mdist-deepcode-gui/[22m[32mpdfjs/cmaps/GBT-V.bcmap                             [39m[1m[2m    0.18 kB[22m[1m[22m
[2mdist-deepcode-gui/[22m[32mpdfjs/cmaps/UniGB-UTF16-V.bcmap                     [39m[1m[2m    0.18 kB[22m[1m[22m
[2mdist-deepcode-gui/[22m[32mpdfjs/cmaps/UniKS-UCS2-V.bcmap                      [39m[1m[2m    0.18 kB[22m[1m[22m
[2mdist-deepcode-gui/[22m[32mpdfjs/cmaps/GB-EUC-V.bcmap                          [39m[1m[2m    0.18 kB[22m[1m[22m
[2mdist-deepcode-gui/[22m[32mpdfjs/cmaps/WP-Symbol.bcmap                         [39m[1m[2m    0.18 kB[22m[1m[22m
[2mdist-deepcode-gui/[22m[32mpdfjs/cmaps/GBK-EUC-V.bcmap                         [39m[1m[2m    0.18 kB[22m[1m[22m
[2mdist-deepcode-gui/[22m[32mpdfjs/cmaps/GBT-EUC-V.bcmap                         [39m[1m[2m    0.18 kB[22m[1m[22m
[2mdist-deepcode-gui/[22m[32mpdfjs/cmaps/GBKp-EUC-V.bcmap                        [39m[1m[2m    0.18 kB[22m[1m[22m
[2mdist-deepcode-gui/[22m[32mpdfjs/cmaps/GBpc-EUC-V.bcmap                        [39m[1m[2m    0.18 kB[22m[1m[22m
[2mdist-deepcode-gui/[22m[32mpdfjs/cmaps/UniGB-UTF8-V.bcmap                      [39m[1m[2m    0.18 kB[22m[1m[22m
[2mdist-deepcode-gui/[22m[32mpdfjs/cmaps/GBTpc-EUC-V.bcmap                       [39m[1m[2m    0.18 kB[22m[1m[22m
[2mdist-deepcode-gui/[22m[32mpdfjs/cmaps/UniGB-UTF32-V.bcmap                     [39m[1m[2m    0.18 kB[22m[1m[22m
[2mdist-deepcode-gui/[22m[32mpdfjs/cmaps/UniGB-UCS2-V.bcmap                      [39m[1m[2m    0.19 kB[22m[1m[22m
[2mdist-deepcode-gui/[22m[32mpdfjs/cmaps/Ext-V.bcmap                             [39m[1m[2m    0.22 kB[22m[1m[22m
[2mdist-deepcode-gui/[22m[32mpdfjs/cmaps/Adobe-GB1-0.bcmap                       [39m[1m[2m    0.22 kB[22m[1m[22m
[2mdist-deepcode-gui/[22m[32mpdfjs/cmaps/Ext-RKSJ-V.bcmap                        [39m[1m[2m    0.22 kB[22m[1m[22m
[2mdist-deepcode-gui/[22m[32mpdfjs/cmaps/GBK2K-V.bcmap                           [39m[1m[2m    0.22 kB[22m[1m[22m
[2mdist-deepcode-gui/[22m[32mpdfjs/cmaps/Adobe-Japan1-0.bcmap                    [39m[1m[2m    0.23 kB[22m[1m[22m
[2mdist-deepcode-gui/[22m[32mpdfjs/cmaps/Adobe-Japan1-1.bcmap                    [39m[1m[2m    0.23 kB[22m[1m[22m
[2mdist-deepcode-gui/[22m[32mpdfjs/cmaps/Adobe-Japan1-2.bcmap                    [39m[1m[2m    0.23 kB[22m[1m[22m
[2mdist-deepcode-gui/[22m[32mpdfjs/cmaps/Adobe-Korea1-0.bcmap                    [39m[1m[2m    0.24 kB[22m[1m[22m
[2mdist-deepcode-gui/[22m[32mpdfjs/cmaps/Adobe-Japan1-3.bcmap                    [39m[1m[2m    0.24 kB[22m[1m[22m
[2mdist-deepcode-gui/[22m[32mpdfjs/cmaps/Adobe-GB1-1.bcmap                       [39m[1m[2m    0.25 kB[22m[1m[22m
[2mdist-deepcode-gui/[22m[32mpdfjs/cmaps/NWP-V.bcmap                             [39m[1m[2m    0.25 kB[22m[1m[22m
[2mdist-deepcode-gui/[22m[32mpdfjs/cmaps/90pv-RKSJ-V.bcmap                       [39m[1m[2m    0.26 kB[22m[1m[22m
[2mdist-deepcode-gui/[22m[32mpdfjs/cmaps/Add-V.bcmap                             [39m[1m[2m    0.28 kB[22m[1m[22m
[2mdist-deepcode-gui/[22m[32mpdfjs/cmaps/Add-RKSJ-V.bcmap                        [39m[1m[2m    0.29 kB[22m[1m[22m
[2mdist-deepcode-gui/[22m[32mpdfjs/cmaps/78ms-RKSJ-V.bcmap                       [39m[1m[2m    0.29 kB[22m[1m[22m
[2mdist-deepcode-gui/[22m[32mpdfjs/cmaps/90ms-RKSJ-V.bcmap                       [39m[1m[2m    0.29 kB[22m[1m[22m
[2mdist-deepcode-gui/[22m[32mpdfjs/cmaps/90msp-RKSJ-V.bcmap                      [39m[1m[2m    0.29 kB[22m[1m[22m
[2mdist-deepcode-gui/[22m[32mpdfjs/cmaps/Adobe-CNS1-0.bcmap                      [39m[1m[2m    0.32 kB[22m[1m[22m
[2mdist-deepcode-gui/[22m[32mpdfjs/cmaps/Adobe-Japan1-4.bcmap                    [39m[1m[2m    0.34 kB[22m[1m[22m
[2mdist-deepcode-gui/[22m[32mpdfjs/cmaps/Adobe-CNS1-1.bcmap                      [39m[1m[2m    0.37 kB[22m[1m[22m
[2mdist-deepcode-gui/[22m[32mpdfjs/cmaps/Adobe-CNS1-2.bcmap                      [39m[1m[2m    0.38 kB[22m[1m[22m
[2mdist-deepcode-gui/[22m[32mpdfjs/cmaps/Adobe-Korea1-1.bcmap                    [39m[1m[2m    0.39 kB[22m[1m[22m
[2mdist-deepcode-gui/[22m[32mpdfjs/cmaps/Adobe-Korea1-2.bcmap                    [39m[1m[2m    0.39 kB[22m[1m[22m
[2mdist-deepcode-gui/[22m[32mpdfjs/cmaps/Adobe-CNS1-3.bcmap                      [39m[1m[2m    0.40 kB[22m[1m[22m
[2mdist-deepcode-gui/[22m[32mpdfjs/cmaps/Adobe-CNS1-4.bcmap                      [39m[1m[2m    0.41 kB[22m[1m[22m
[2mdist-deepcode-gui/[22m[32mpdfjs/cmaps/Adobe-CNS1-5.bcmap                      [39m[1m[2m    0.41 kB[22m[1m[22m
[2mdist-deepcode-gui/[22m[32mpdfjs/cmaps/Adobe-CNS1-6.bcmap                      [39m[1m[2m    0.41 kB[22m[1m[22m
[2mdist-deepcode-gui/[22m[32mpdfjs/cmaps/Adobe-Japan1-5.bcmap                    [39m[1m[2m    0.43 kB[22m[1m[22m
[2mdist-deepcode-gui/[22m[32mpdfjs/cmaps/Adobe-GB1-2.bcmap                       [39m[1m[2m    0.47 kB[22m[1m[22m
[2mdist-deepcode-gui/[22m[32mpdfjs/cmaps/Adobe-GB1-3.bcmap                       [39m[1m[2m    0.47 kB[22m[1m[22m
[2mdist-deepcode-gui/[22m[32mpdfjs/cmaps/Adobe-Japan1-6.bcmap                    [39m[1m[2m    0.49 kB[22m[1m[22m
[2mdist-deepcode-gui/[22m[32mpdfjs/cmaps/CNS2-H.bcmap                            [39m[1m[2m    0.50 kB[22m[1m[22m
[2mdist-deepcode-gui/[22m[32mpdfjs/cmaps/GB-H.bcmap                              [39m[1m[2m    0.53 kB[22m[1m[22m
[2mdist-deepcode-gui/[22m[32mpdfjs/cmaps/RKSJ-H.bcmap                            [39m[1m[2m    0.53 kB[22m[1m[22m
[2mdist-deepcode-gui/[22m[32mpdfjs/cmaps/GB-EUC-H.bcmap                          [39m[1m[2m    0.55 kB[22m[1m[22m
[2mdist-deepcode-gui/[22m[32mpdfjs/cmaps/H.bcmap                                 [39m[1m[2m    0.55 kB[22m[1m[22m
[2mdist-deepcode-gui/[22m[32mpdfjs/wasm/LICENSE_PDFJS_JBIG2                      [39m[1m[2m    0.56 kB[22m[1m[22m
[2mdist-deepcode-gui/[22m[32mpdfjs/cmaps/GBpc-EUC-H.bcmap                        [39m[1m[2m    0.56 kB[22m[1m[22m
[2mdist-deepcode-gui/[22m[32mpdfjs/cmaps/EUC-H.bcmap                             [39m[1m[2m    0.58 kB[22m[1m[22m
[2mdist-deepcode-gui/[22m[32mpdfjs/cmaps/Adobe-GB1-4.bcmap                       [39m[1m[2m    0.60 kB[22m[1m[22m
[2mdist-deepcode-gui/[22m[32mpdfjs/cmaps/Adobe-GB1-5.bcmap                       [39m[1m[2m    0.63 kB[22m[1m[22m
[2mdist-deepcode-gui/[22m[32mpdfjs/cmaps/UniJIS-UTF16-V.bcmap                    [39m[1m[2m    0.64 kB[22m[1m[22m
[2mdist-deepcode-gui/[22m[32mpdfjs/cmaps/UniJIS2004-UTF16-V.bcmap                [39m[1m[2m    0.65 kB[22m[1m[22m
[2mdist-deepcode-gui/[22m[32mpdfjs/cmaps/UniJIS-UCS2-V.bcmap                     [39m[1m[2m    0.66 kB[22m[1m[22m
[2mdist-deepcode-gui/[22m[32mpdfjs/cmaps/UniJIS-UTF32-V.bcmap                    [39m[1m[2m    0.68 kB[22m[1m[22m
[2mdist-deepcode-gui/[22m[32mpdfjs/cmaps/UniJIS-UTF8-V.bcmap                     [39m[1m[2m    0.68 kB[22m[1m[22m
[2mdist-deepcode-gui/[22m[32mpdfjs/cmaps/UniJIS-UCS2-HW-V.bcmap                  [39m[1m[2m    0.68 kB[22m[1m[22m
[2mdist-deepcode-gui/[22m[32mpdfjs/cmaps/UniJIS2004-UTF32-V.bcmap                [39m[1m[2m    0.68 kB[22m[1m[22m
[2mdist-deepcode-gui/[22m[32mpdfjs/cmaps/UniJIS2004-UTF8-V.bcmap                 [39m[1m[2m    0.68 kB[22m[1m[22m
[2mdist-deepcode-gui/[22m[32mpdfjs/cmaps/UniJISX0213-UTF32-V.bcmap               [39m[1m[2m    0.68 kB[22m[1m[22m
[2mdist-deepcode-gui/[22m[32mpdfjs/cmaps/UniJISX02132004-UTF32-V.bcmap           [39m[1m[2m    0.69 kB[22m[1m[22m
[2mdist-deepcode-gui/[22m[32mpdfjs/cmaps/UniJISPro-UCS2-V.bcmap                  [39m[1m[2m    0.69 kB[22m[1m[22m
[2mdist-deepcode-gui/[22m[32mpdfjs/cmaps/UniJISPro-UCS2-HW-V.bcmap               [39m[1m[2m    0.71 kB[22m[1m[22m
[2mdist-deepcode-gui/[22m[32mpdfjs/cmaps/CNS1-H.bcmap                            [39m[1m[2m    0.71 kB[22m[1m[22m
[2mdist-deepcode-gui/[22m[32mpdfjs/cmaps/90msp-RKSJ-H.bcmap                      [39m[1m[2m    0.72 kB[22m[1m[22m
[2mdist-deepcode-gui/[22m[32mpdfjs/cmaps/90ms-RKSJ-H.bcmap                       [39m[1m[2m    0.72 kB[22m[1m[22m
[2mdist-deepcode-gui/[22m[32mpdfjs/cmaps/UniJISPro-UTF8-V.bcmap                  [39m[1m[2m    0.73 kB[22m[1m[22m
[2mdist-deepcode-gui/[22m[32mpdfjs/cmaps/83pv-RKSJ-H.bcmap                       [39m[1m[2m    0.91 kB[22m[1m[22m
[2mdist-deepcode-gui/[22m[32mpdfjs/cmaps/90pv-RKSJ-H.bcmap                       [39m[1m[2m    0.98 kB[22m[1m[22m
[2mdist-deepcode-gui/[22m[32mpdfjs/wasm/LICENSE_PDFJS_QCMS                       [39m[1m[2m    1.04 kB[22m[1m[22m
[2mdist-deepcode-gui/[22m[32mpdfjs/cmaps/B5-H.bcmap                              [39m[1m[2m    1.09 kB[22m[1m[22m
[2mdist-deepcode-gui/[22m[32mpdfjs/cmaps/B5pc-H.bcmap                            [39m[1m[2m    1.10 kB[22m[1m[22m
[2mdist-deepcode-gui/[22m[32mpdfjs/wasm/LICENSE_QCMS                             [39m[1m[2m    1.12 kB[22m[1m[22m
[2mdist-deepcode-gui/[22m[32mpdfjs/cmaps/ETen-B5-H.bcmap                         [39m[1m[2m    1.13 kB[22m[1m[22m
[2mdist-deepcode-gui/[22m[32mpdfjs/wasm/LICENSE_PDFJS_OPENJPEG                   [39m[1m[2m    1.29 kB[22m[1m[22m
[2mdist-deepcode-gui/[22m[32mpdfjs/standard_fonts/LICENSE_FOXIT                  [39m[1m[2m    1.55 kB[22m[1m[22m
[2mdist-deepcode-gui/[22m[32mpdfjs/cmaps/HKm314-B5-H.bcmap                       [39m[1m[2m    1.77 kB[22m[1m[22m
[2mdist-deepcode-gui/[22m[32mpdfjs/cmaps/CNS-EUC-H.bcmap                         [39m[1m[2m    1.78 kB[22m[1m[22m
[2mdist-deepcode-gui/[22m[32mpdfjs/cmaps/KSC-H.bcmap                             [39m[1m[2m    1.83 kB[22m[1m[22m
[2mdist-deepcode-gui/[22m[32mpdfjs/cmaps/KSC-EUC-H.bcmap                         [39m[1m[2m    1.85 kB[22m[1m[22m
[2mdist-deepcode-gui/[22m[32mpdfjs/cmaps/CNS-EUC-V.bcmap                         [39m[1m[2m    1.92 kB[22m[1m[22m
[2mdist-deepcode-gui/[22m[32mpdfjs/cmaps/KSCpc-EUC-H.bcmap                       [39m[1m[2m    2.02 kB[22m[1m[22m
[2mdist-deepcode-gui/[22m[32mpdfjs/cmaps/LICENSE                                 [39m[1m[2m    2.08 kB[22m[1m[22m
[2mdist-deepcode-gui/[22m[32mpdfjs/wasm/LICENSE_OPENJPEG                         [39m[1m[2m    2.11 kB[22m[1m[22m
[2mdist-deepcode-gui/[22m[32mpdfjs/cmaps/HKm471-B5-H.bcmap                       [39m[1m[2m    2.17 kB[22m[1m[22m
[2mdist-deepcode-gui/[22m[32mpdfjs/cmaps/HKgccs-B5-H.bcmap                       [39m[1m[2m    2.29 kB[22m[1m[22m
[2mdist-deepcode-gui/[22m[32mpdfjs/cmaps/78-H.bcmap                              [39m[1m[2m    2.38 kB[22m[1m[22m
[2mdist-deepcode-gui/[22m[32mpdfjs/cmaps/78-RKSJ-H.bcmap                         [39m[1m[2m    2.40 kB[22m[1m[22m
[2mdist-deepcode-gui/[22m[32mpdfjs/cmaps/78-EUC-H.bcmap                          [39m[1m[2m    2.40 kB[22m[1m[22m
[2mdist-deepcode-gui/[22m[32mpdfjs/cmaps/Add-RKSJ-H.bcmap                        [39m[1m[2m    2.41 kB[22m[1m[22m
[2mdist-deepcode-gui/[22m[32mpdfjs/cmaps/HKdlb-B5-H.bcmap                        [39m[1m[2m    2.41 kB[22m[1m[22m
[2mdist-deepcode-gui/[22m[32mpdfjs/cmaps/Add-H.bcmap                             [39m[1m[2m    2.42 kB[22m[1m[22m
[2mdist-deepcode-gui/[22m[32mpdfjs/cmaps/Ext-H.bcmap                             [39m[1m[2m    2.54 kB[22m[1m[22m
[2mdist-deepcode-gui/[22m[32mpdfjs/cmaps/Ext-RKSJ-H.bcmap                        [39m[1m[2m    2.54 kB[22m[1m[22m
[2mdist-deepcode-gui/[22m[32mpdfjs/cmaps/78ms-RKSJ-H.bcmap                       [39m[1m[2m    2.65 kB[22m[1m[22m
[2mdist-deepcode-gui/[22m[32mpdfjs/cmaps/HKdla-B5-H.bcmap                        [39m[1m[2m    2.65 kB[22m[1m[22m
[2mdist-deepcode-gui/[22m[32mpdfjs/cmaps/NWP-H.bcmap                             [39m[1m[2m    2.77 kB[22m[1m[22m
[2mdist-deepcode-gui/[22m[32mpdfjs/cmaps/KSCms-UHC-H.bcmap                       [39m[1m[2m    2.79 kB[22m[1m[22m
[2mdist-deepcode-gui/[22m[32mpdfjs/cmaps/KSCms-UHC-HW-H.bcmap                    [39m[1m[2m    2.79 kB[22m[1m[22m
[2mdist-deepcode-gui/[22m[32mdeepcode-gui.html                                   [39m[1m[2m    2.88 kB[22m[1m[22m[2m │ gzip:     1.14 kB[22m
[2mdist-deepcode-gui/[22m[2massets/[22m[32mfileChangeSummary.worker-UZyesPOV.js         [39m[1m[2m    3.87 kB[22m[1m[22m
[2mdist-deepcode-gui/[22m[2massets/[22m[32mKaTeX_Size3-Regular-CTq5MqoE.woff            [39m[1m[2m    4.42 kB[22m[1m[22m
[2mdist-deepcode-gui/[22m[32mpdfjs/cmaps/ETHK-B5-H.bcmap                         [39m[1m[2m    4.43 kB[22m[1m[22m
[2mdist-deepcode-gui/[22m[32mpdfjs/cmaps/HKscs-B5-H.bcmap                        [39m[1m[2m    4.44 kB[22m[1m[22m
[2mdist-deepcode-gui/[22m[2massets/[22m[32mKaTeX_Size4-Regular-Dl5lxZxV.woff2           [39m[1m[2m    4.93 kB[22m[1m[22m
[2mdist-deepcode-gui/[22m[2massets/[22m[32mKaTeX_Size2-Regular-Dy4dx90m.woff2           [39m[1m[2m    5.21 kB[22m[1m[22m
[2mdist-deepcode-gui/[22m[2massets/[22m[32mKaTeX_Size1-Regular-mCD8mA8B.woff2           [39m[1m[2m    5.47 kB[22m[1m[22m
[2mdist-deepcode-gui/[22m[2massets/[22m[32mKaTeX_Size4-Regular-BF-4gkZK.woff            [39m[1m[2m    5.98 kB[22m[1m[22m
[2mdist-deepcode-gui/[22m[2massets/[22m[32mKaTeX_Size2-Regular-oD1tc_U0.woff            [39m[1m[2m    6.19 kB[22m[1m[22m
[2mdist-deepcode-gui/[22m[32mpdfjs/wasm/quickjs-eval.js                          [39m[1m[2m    6.23 kB[22m[1m[22m
[2mdist-deepcode-gui/[22m[2massets/[22m[32mKaTeX_Size1-Regular-C195tn64.woff            [39m[1m[2m    6.50 kB[22m[1m[22m
[2mdist-deepcode-gui/[22m[2massets/[22m[32mKaTeX_Caligraphic-Regular-Di6jR-x-.woff2     [39m[1m[2m    6.91 kB[22m[1m[22m
[2mdist-deepcode-gui/[22m[2massets/[22m[32mKaTeX_Caligraphic-Bold-Dq_IR9rO.woff2        [39m[1m[2m    6.91 kB[22m[1m[22m
[2mdist-deepcode-gui/[22m[32mpdfjs/cmaps/GBT-H.bcmap                             [39m[1m[2m    7.27 kB[22m[1m[22m
[2mdist-deepcode-gui/[22m[32mpdfjs/cmaps/GBT-EUC-H.bcmap                         [39m[1m[2m    7.29 kB[22m[1m[22m
[2mdist-deepcode-gui/[22m[32mpdfjs/cmaps/GBTpc-EUC-H.bcmap                       [39m[1m[2m    7.30 kB[22m[1m[22m
[2mdist-deepcode-gui/[22m[2massets/[22m[32mKaTeX_Size3-Regular-DgpXs0kz.ttf             [39m[1m[2m    7.59 kB[22m[1m[22m
[2mdist-deepcode-gui/[22m[2massets/[22m[32mKaTeX_Caligraphic-Regular-CTRA-rTL.woff      [39m[1m[2m    7.66 kB[22m[1m[22m
[2mdist-deepcode-gui/[22m[2massets/[22m[32mKaTeX_Caligraphic-Bold-BEiXGLvX.woff         [39m[1m[2m    7.72 kB[22m[1m[22m
[2mdist-deepcode-gui/[22m[2massets/[22m[32mKaTeX_Script-Regular-D3wIWfF6.woff2          [39m[1m[2m    9.64 kB[22m[1m[22m
[2mdist-deepcode-gui/[22m[2massets/[22m[32mKaTeX_SansSerif-Regular-DDBCnlJ7.woff2       [39m[1m[2m   10.34 kB[22m[1m[22m
[2mdist-deepcode-gui/[22m[2massets/[22m[32mKaTeX_Size4-Regular-DWFBv043.ttf             [39m[1m[2m   10.36 kB[22m[1m[22m
[2mdist-deepcode-gui/[22m[2massets/[22m[32mKaTeX_Script-Regular-D5yQViql.woff           [39m[1m[2m   10.59 kB[22m[1m[22m
[2mdist-deepcode-gui/[22m[2massets/[22m[32mKaTeX_Fraktur-Regular-CTYiF6lA.woff2         [39m[1m[2m   11.32 kB[22m[1m[22m
[2mdist-deepcode-gui/[22m[2massets/[22m[32mKaTeX_Fraktur-Bold-CL6g_b3V.woff2            [39m[1m[2m   11.35 kB[22m[1m[22m
[2mdist-deepcode-gui/[22m[2massets/[22m[32mKaTeX_Size2-Regular-B7gKUWhC.ttf             [39m[1m[2m   11.51 kB[22m[1m[22m
[2mdist-deepcode-gui/[22m[2massets/[22m[32mKaTeX_SansSerif-Italic-C3H0VqGB.woff2        [39m[1m[2m   12.03 kB[22m[1m[22m
[2mdist-deepcode-gui/[22m[2massets/[22m[32mKaTeX_SansSerif-Bold-D1sUS0GD.woff2          [39m[1m[2m   12.22 kB[22m[1m[22m
[2mdist-deepcode-gui/[22m[2massets/[22m[32mKaTeX_Size1-Regular-Dbsnue_I.ttf             [39m[1m[2m   12.23 kB[22m[1m[22m
[2mdist-deepcode-gui/[22m[2massets/[22m[32mKaTeX_SansSerif-Regular-CS6fqUqJ.woff        [39m[1m[2m   12.32 kB[22m[1m[22m
[2mdist-deepcode-gui/[22m[2massets/[22m[32mKaTeX_Caligraphic-Regular-wX97UBjC.ttf       [39m[1m[2m   12.34 kB[22m[1m[22m
[2mdist-deepcode-gui/[22m[2massets/[22m[32mKaTeX_Caligraphic-Bold-ATXxdsX0.ttf          [39m[1m[2m   12.37 kB[22m[1m[22m
[2mdist-deepcode-gui/[22m[32mpdfjs/wasm/LICENSE_JBIG2                            [39m[1m[2m   12.86 kB[22m[1m[22m
[2mdist-deepcode-gui/[22m[2massets/[22m[32mKaTeX_Fraktur-Regular-Dxdc4cR9.woff          [39m[1m[2m   13.21 kB[22m[1m[22m
[2mdist-deepcode-gui/[22m[2massets/[22m[32mKaTeX_Fraktur-Bold-BsDP51OF.woff             [39m[1m[2m   13.30 kB[22m[1m[22m
[2mdist-deepcode-gui/[22m[2massets/[22m[32mKaTeX_Typewriter-Regular-CO6r4hn1.woff2      [39m[1m[2m   13.57 kB[22m[1m[22m
[2mdist-deepcode-gui/[22m[2massets/[22m[32mKaTeX_SansSerif-Italic-DN2j7dab.woff         [39m[1m[2m   14.11 kB[22m[1m[22m
[2mdist-deepcode-gui/[22m[2massets/[22m[32mKaTeX_SansSerif-Bold-DbIhKOiC.woff           [39m[1m[2m   14.41 kB[22m[1m[22m
[2mdist-deepcode-gui/[22m[32mpdfjs/cmaps/GBKp-EUC-H.bcmap                        [39m[1m[2m   14.69 kB[22m[1m[22m
[2mdist-deepcode-gui/[22m[32mpdfjs/cmaps/GBK-EUC-H.bcmap                         [39m[1m[2m   14.69 kB[22m[1m[22m
[2mdist-deepcode-gui/[22m[2massets/[22m[32mKaTeX_Typewriter-Regular-C0xS9mPB.woff       [39m[1m[2m   16.03 kB[22m[1m[22m
[2mdist-deepcode-gui/[22m[2massets/[22m[32mKaTeX_Math-BoldItalic-CZnvNsCZ.woff2         [39m[1m[2m   16.40 kB[22m[1m[22m
[2mdist-deepcode-gui/[22m[2massets/[22m[32mKaTeX_Math-Italic-t53AETM-.woff2             [39m[1m[2m   16.44 kB[22m[1m[22m
[2mdist-deepcode-gui/[22m[2massets/[22m[32mKaTeX_Script-Regular-C5JkGWo-.ttf            [39m[1m[2m   16.65 kB[22m[1m[22m
[2mdist-deepcode-gui/[22m[32mpdfjs/standard_fonts/FoxitSymbol.pfb                [39m[1m[2m   16.73 kB[22m[1m[22m
[2mdist-deepcode-gui/[22m[2massets/[22m[32mKaTeX_Main-BoldItalic-DxDJ3AOS.woff2         [39m[1m[2m   16.78 kB[22m[1m[22m
[2mdist-deepcode-gui/[22m[32mpdfjs/cmaps/KSC-Johab-H.bcmap                       [39m[1m[2m   16.79 kB[22m[1m[22m
[2mdist-deepcode-gui/[22m[2massets/[22m[32mKaTeX_Main-Italic-NWA7e6Wa.woff2             [39m[1m[2m   16.99 kB[22m[1m[22m
[2mdist-deepcode-gui/[22m[32mpdfjs/standard_fonts/FoxitFixed.pfb                 [39m[1m[2m   17.60 kB[22m[1m[22m
[2mdist-deepcode-gui/[22m[32mpdfjs/standard_fonts/FoxitFixedBold.pfb             [39m[1m[2m   18.06 kB[22m[1m[22m
[2mdist-deepcode-gui/[22m[2massets/[22m[32mKaTeX_Math-BoldItalic-iY-2wyZ7.woff          [39m[1m[2m   18.67 kB[22m[1m[22m
[2mdist-deepcode-gui/[22m[32mpdfjs/standard_fonts/FoxitFixedItalic.pfb           [39m[1m[2m   18.75 kB[22m[1m[22m
[2mdist-deepcode-gui/[22m[2massets/[22m[32mKaTeX_Math-Italic-DA0__PXp.woff              [39m[1m[2m   18.75 kB[22m[1m[22m
[2mdist-deepcode-gui/[22m[32mpdfjs/standard_fonts/FoxitFixedBoldItalic.pfb       [39m[1m[2m   19.15 kB[22m[1m[22m
[2mdist-deepcode-gui/[22m[32mpdfjs/standard_fonts/FoxitSerifBold.pfb             [39m[1m[2m   19.40 kB[22m[1m[22m
[2mdist-deepcode-gui/[22m[2massets/[22m[32mKaTeX_Main-BoldItalic-SpSLRI95.woff          [39m[1m[2m   19.41 kB[22m[1m[22m
[2mdist-deepcode-gui/[22m[2massets/[22m[32mKaTeX_SansSerif-Regular-BNo7hRIc.ttf         [39m[1m[2m   19.44 kB[22m[1m[22m
[2mdist-deepcode-gui/[22m[32mpdfjs/standard_fonts/FoxitSerif.pfb                 [39m[1m[2m   19.47 kB[22m[1m[22m
[2mdist-deepcode-gui/[22m[2massets/[22m[32mKaTeX_Fraktur-Regular-CB_wures.ttf           [39m[1m[2m   19.57 kB[22m[1m[22m
[2mdist-deepcode-gui/[22m[2massets/[22m[32mKaTeX_Fraktur-Bold-BdnERNNW.ttf              [39m[1m[2m   19.58 kB[22m[1m[22m
[2mdist-deepcode-gui/[22m[32mpdfjs/cmaps/GBK2K-H.bcmap                           [39m[1m[2m   19.66 kB[22m[1m[22m
[2mdist-deepcode-gui/[22m[2massets/[22m[32mKaTeX_Main-Italic-BMLOBm91.woff              [39m[1m[2m   19.68 kB[22m[1m[22m
[2mdist-deepcode-gui/[22m[32mpdfjs/standard_fonts/FoxitSerifBoldItalic.pfb       [39m[1m[2m   20.73 kB[22m[1m[22m
[2mdist-deepcode-gui/[22m[32mpdfjs/standard_fonts/FoxitSerifItalic.pfb           [39m[1m[2m   21.23 kB[22m[1m[22m
[2mdist-deepcode-gui/[22m[32mpdfjs/standard_fonts/LICENSE_LIBERATION             [39m[1m[2m   22.15 kB[22m[1m[22m
[2mdist-deepcode-gui/[22m[2massets/[22m[32mKaTeX_SansSerif-Italic-YYjJ1zSn.ttf          [39m[1m[2m   22.36 kB[22m[1m[22m
[2mdist-deepcode-gui/[22m[32mpdfjs/cmaps/Adobe-Korea1-UCS2.bcmap                 [39m[1m[2m   23.29 kB[22m[1m[22m
[2mdist-deepcode-gui/[22m[2massets/[22m[32mKaTeX_SansSerif-Bold-CFMepnvq.ttf            [39m[1m[2m   24.50 kB[22m[1m[22m
[2mdist-deepcode-gui/[22m[2massets/[22m[32mKaTeX_Main-Bold-Cx986IdX.woff2               [39m[1m[2m   25.32 kB[22m[1m[22m
[2mdist-deepcode-gui/[22m[32mpdfjs/cmaps/UniJIS-UCS2-H.bcmap                     [39m[1m[2m   25.44 kB[22m[1m[22m
[2mdist-deepcode-gui/[22m[32mpdfjs/cmaps/UniKS-UCS2-H.bcmap                      [39m[1m[2m   25.78 kB[22m[1m[22m
[2mdist-deepcode-gui/[22m[2massets/[22m[32mKaTeX_Main-Regular-B22Nviop.woff2            [39m[1m[2m   26.27 kB[22m[1m[22m
[2mdist-deepcode-gui/[22m[32mpdfjs/cmaps/UniKS-UTF16-H.bcmap                     [39m[1m[2m   26.33 kB[22m[1m[22m
[2mdist-deepcode-gui/[22m[32mpdfjs/cmaps/UniKS-UTF32-H.bcmap                     [39m[1m[2m   26.45 kB[22m[1m[22m
[2mdist-deepcode-gui/[22m[2massets/[22m[32mKaTeX_Typewriter-Regular-D3Ib7_Hf.ttf        [39m[1m[2m   27.56 kB[22m[1m[22m
[2mdist-deepcode-gui/[22m[32mpdfjs/cmaps/UniKS-UTF8-H.bcmap                      [39m[1m[2m   27.79 kB[22m[1m[22m
[2mdist-deepcode-gui/[22m[2massets/[22m[32mKaTeX_AMS-Regular-BQhdFMY1.woff2             [39m[1m[2m   28.08 kB[22m[1m[22m
[2mdist-deepcode-gui/[22m[32mpdfjs/standard_fonts/FoxitDingbats.pfb              [39m[1m[2m   29.51 kB[22m[1m[22m
[2mdist-deepcode-gui/[22m[2massets/[22m[32mKaTeX_Main-Bold-Jm3AIy58.woff                [39m[1m[2m   29.91 kB[22m[1m[22m
[2mdist-deepcode-gui/[22m[2massets/[22m[32mKaTeX_Main-Regular-Dr94JaBh.woff             [39m[1m[2m   30.77 kB[22m[1m[22m
[2mdist-deepcode-gui/[22m[2massets/[22m[32mKaTeX_Math-BoldItalic-B3XSjfu4.ttf           [39m[1m[2m   31.20 kB[22m[1m[22m
[2mdist-deepcode-gui/[22m[2massets/[22m[32mKaTeX_Math-Italic-flOr_0UB.ttf               [39m[1m[2m   31.31 kB[22m[1m[22m
[2mdist-deepcode-gui/[22m[2massets/[22m[32mKaTeX_Main-BoldItalic-DzxPMmG6.ttf           [39m[1m[2m   32.97 kB[22m[1m[22m
[2mdist-deepcode-gui/[22m[2massets/[22m[32mKaTeX_AMS-Regular-DMm9YOAa.woff              [39m[1m[2m   33.52 kB[22m[1m[22m
[2mdist-deepcode-gui/[22m[2massets/[22m[32mKaTeX_Main-Italic-3WenGoN9.ttf               [39m[1m[2m   33.58 kB[22m[1m[22m
[2mdist-deepcode-gui/[22m[32mpdfjs/cmaps/Adobe-GB1-UCS2.bcmap                    [39m[1m[2m   33.97 kB[22m[1m[22m
[2mdist-deepcode-gui/[22m[32mpdfjs/cmaps/UniJIS-UTF16-H.bcmap                    [39m[1m[2m   39.44 kB[22m[1m[22m
[2mdist-deepcode-gui/[22m[32mpdfjs/cmaps/UniJIS2004-UTF16-H.bcmap                [39m[1m[2m   39.53 kB[22m[1m[22m
[2mdist-deepcode-gui/[22m[32mpdfjs/cmaps/UniJISX0213-UTF32-H.bcmap               [39m[1m[2m   40.52 kB[22m[1m[22m
[2mdist-deepcode-gui/[22m[32mpdfjs/cmaps/UniJIS-UTF32-H.bcmap                    [39m[1m[2m   40.54 kB[22m[1m[22m
[2mdist-deepcode-gui/[22m[32mpdfjs/cmaps/UniJISX02132004-UTF32-H.bcmap           [39m[1m[2m   40.61 kB[22m[1m[22m
[2mdist-deepcode-gui/[22m[32mpdfjs/cmaps/UniJIS2004-UTF32-H.bcmap                [39m[1m[2m   40.63 kB[22m[1m[22m
[2mdist-deepcode-gui/[22m[32mpdfjs/cmaps/Adobe-Japan1-UCS2.bcmap                 [39m[1m[2m   40.95 kB[22m[1m[22m
[2mdist-deepcode-gui/[22m[32mpdfjs/cmaps/Adobe-CNS1-UCS2.bcmap                   [39m[1m[2m   41.19 kB[22m[1m[22m
[2mdist-deepcode-gui/[22m[32mpdfjs/cmaps/UniJIS-UTF8-H.bcmap                     [39m[1m[2m   41.70 kB[22m[1m[22m
[2mdist-deepcode-gui/[22m[32mpdfjs/cmaps/UniJIS2004-UTF8-H.bcmap                 [39m[1m[2m   41.78 kB[22m[1m[22m
[2mdist-deepcode-gui/[22m[32mpdfjs/cmaps/UniGB-UCS2-H.bcmap                      [39m[1m[2m   43.37 kB[22m[1m[22m
[2mdist-deepcode-gui/[22m[32mpdfjs/cmaps/UniGB-UTF16-H.bcmap                     [39m[1m[2m   44.09 kB[22m[1m[22m
[2mdist-deepcode-gui/[22m[32mpdfjs/cmaps/UniGB-UTF32-H.bcmap                     [39m[1m[2m   45.74 kB[22m[1m[22m
[2mdist-deepcode-gui/[22m[32mpdfjs/cmaps/UniGB-UTF8-H.bcmap                      [39m[1m[2m   46.84 kB[22m[1m[22m
[2mdist-deepcode-gui/[22m[32mpdfjs/cmaps/UniCNS-UCS2-H.bcmap                     [39m[1m[2m   48.28 kB[22m[1m[22m
[2mdist-deepcode-gui/[22m[32mpdfjs/cmaps/UniCNS-UTF16-H.bcmap                    [39m[1m[2m   50.42 kB[22m[1m[22m
[2mdist-deepcode-gui/[22m[2massets/[22m[32mKaTeX_Main-Bold-waoOVXN0.ttf                 [39m[1m[2m   51.34 kB[22m[1m[22m
[2mdist-deepcode-gui/[22m[32mpdfjs/cmaps/UniCNS-UTF32-H.bcmap                    [39m[1m[2m   52.68 kB[22m[1m[22m
[2mdist-deepcode-gui/[22m[2massets/[22m[32mKaTeX_Main-Regular-ypZvNtVU.ttf              [39m[1m[2m   53.58 kB[22m[1m[22m
[2mdist-deepcode-gui/[22m[32mpdfjs/cmaps/UniCNS-UTF8-H.bcmap                     [39m[1m[2m   53.63 kB[22m[1m[22m
[2mdist-deepcode-gui/[22m[2massets/[22m[32mKaTeX_AMS-Regular-DRggAlZN.ttf               [39m[1m[2m   63.63 kB[22m[1m[22m
[2mdist-deepcode-gui/[22m[32mpdfjs/wasm/qcms_bg.wasm                             [39m[1m[2m   96.59 kB[22m[1m[22m[2m │ gzip:    35.85 kB[22m
[2mdist-deepcode-gui/[22m[32mpdfjs/wasm/jbig2.wasm                               [39m[1m[2m  104.85 kB[22m[1m[22m[2m │ gzip:    40.49 kB[22m
[2mdist-deepcode-gui/[22m[2massets/[22m[32mcodicon-ngg6Pgfi.ttf                         [39m[1m[2m  121.97 kB[22m[1m[22m
[2mdist-deepcode-gui/[22m[32mpdfjs/standard_fonts/LiberationSans-BoldItalic.ttf  [39m[1m[2m  135.12 kB[22m[1m[22m
[2mdist-deepcode-gui/[22m[32mpdfjs/standard_fonts/LiberationSans-Bold.ttf        [39m[1m[2m  137.05 kB[22m[1m[22m
[2mdist-deepcode-gui/[22m[32mpdfjs/standard_fonts/LiberationSans-Regular.ttf     [39m[1m[2m  139.51 kB[22m[1m[22m
[2mdist-deepcode-gui/[22m[32mpdfjs/wasm/jbig2_nowasm_fallback.js                 [39m[1m[2m  145.70 kB[22m[1m[22m
[2mdist-deepcode-gui/[22m[32mpdfjs/standard_fonts/LiberationSans-Italic.ttf      [39m[1m[2m  162.04 kB[22m[1m[22m
[2mdist-deepcode-gui/[22m[2massets/[22m[32meditor.worker-Be8ye1pW-POWHJHDz.js           [39m[1m[2m  251.82 kB[22m[1m[22m
[2mdist-deepcode-gui/[22m[32mpdfjs/wasm/openjpeg.wasm                            [39m[1m[2m  252.03 kB[22m[1m[22m[2m │ gzip:    83.01 kB[22m
[2mdist-deepcode-gui/[22m[2massets/[22m[32mjson.worker-DKiEKt88-H7tvk9EQ.js             [39m[1m[2m  383.08 kB[22m[1m[22m
[2mdist-deepcode-gui/[22m[32mpdfjs/wasm/openjpeg_nowasm_fallback.js              [39m[1m[2m  451.59 kB[22m[1m[22m
[2mdist-deepcode-gui/[22m[32mpdfjs/wasm/quickjs-eval.wasm                        [39m[1m[2m  469.11 kB[22m[1m[22m[2m │ gzip:   218.89 kB[22m
[2mdist-deepcode-gui/[22m[2massets/[22m[32mhtml.worker-B51mlPHg-Deu7bBTD.js             [39m[1m[2m  693.17 kB[22m[1m[22m
[2mdist-deepcode-gui/[22m[2massets/[22m[32mcss.worker-HnVq6Ewq-BU_XuoeW.js              [39m[1m[2m1,030.37 kB[22m[1m[22m
[2mdist-deepcode-gui/[22m[2massets/[22m[32mpdf.worker.min-BmVo14Nb.mjs                  [39m[1m[2m1,317.03 kB[22m[1m[22m
[2mdist-deepcode-gui/[22m[2massets/[22m[32mts.worker-CMbG-7ft-CMa5ce-m.js               [39m[1m[2m7,011.55 kB[22m[1m[22m
[2mdist-deepcode-gui/[22m[2massets/[22m[35mindex-Dl2YheDx.css                           [39m[1m[2m   15.55 kB[22m[1m[22m[2m │ gzip:     3.53 kB[22m
[2mdist-deepcode-gui/[22m[2massets/[22m[35mmarkdown-renderer-dIRGbAJA.css               [39m[1m[2m   28.93 kB[22m[1m[22m[2m │ gzip:     8.04 kB[22m
[2mdist-deepcode-gui/[22m[2massets/[22m[35mSettingsCenter-C1ZyEwN8.css                  [39m[1m[2m   35.21 kB[22m[1m[22m[2m │ gzip:     6.28 kB[22m
[2mdist-deepcode-gui/[22m[2massets/[22m[35mDeepCodeWorkbenchLayout-tG2TfRSr.css         [39m[1m[2m  119.91 kB[22m[1m[22m[2m │ gzip:    18.47 kB[22m
[2mdist-deepcode-gui/[22m[2massets/[22m[35mmonaco-qiF_U8vl.css                          [39m[1m[2m  146.49 kB[22m[1m[22m[2m │ gzip:    23.02 kB[22m
[2mdist-deepcode-gui/[22m[2massets/[22m[36mchannel-DINc5bCq.js                          [39m[1m[2m    0.11 kB[22m[1m[22m[2m │ gzip:     0.13 kB[22m
[2mdist-deepcode-gui/[22m[2massets/[22m[36minit-Gi6I4Gst.js                             [39m[1m[2m    0.15 kB[22m[1m[22m[2m │ gzip:     0.13 kB[22m
[2mdist-deepcode-gui/[22m[2massets/[22m[36mchunk-QZHKN3VN-DGwe8aDw.js                   [39m[1m[2m    0.19 kB[22m[1m[22m[2m │ gzip:     0.16 kB[22m
[2mdist-deepcode-gui/[22m[2massets/[22m[36mindex-DVcdMhBM.js                            [39m[1m[2m    0.20 kB[22m[1m[22m[2m │ gzip:     0.18 kB[22m
[2mdist-deepcode-gui/[22m[2massets/[22m[36mchunk-55IACEB6-C1i3p31u.js                   [39m[1m[2m    0.23 kB[22m[1m[22m[2m │ gzip:     0.21 kB[22m
[2mdist-deepcode-gui/[22m[2massets/[22m[36mchunk-4BX2VUAB-CiCuZu23.js                   [39m[1m[2m    0.30 kB[22m[1m[22m[2m │ gzip:     0.21 kB[22m
[2mdist-deepcode-gui/[22m[2massets/[22m[36mchunk-FMBD7UC4-Ch7kD_lb.js                   [39m[1m[2m    0.37 kB[22m[1m[22m[2m │ gzip:     0.27 kB[22m
[2mdist-deepcode-gui/[22m[2massets/[22m[36muiStore-CZ2NBQCY.js                          [39m[1m[2m    0.37 kB[22m[1m[22m[2m │ gzip:     0.19 kB[22m
[2mdist-deepcode-gui/[22m[2massets/[22m[36mstateDiagram-v2-BHNVJYJU-CTgwgz4Q.js         [39m[1m[2m    0.43 kB[22m[1m[22m[2m │ gzip:     0.30 kB[22m
[2mdist-deepcode-gui/[22m[2massets/[22m[36mclassDiagram-4FO5ZUOK-Ct2JKUho.js            [39m[1m[2m    0.50 kB[22m[1m[22m[2m │ gzip:     0.33 kB[22m
[2mdist-deepcode-gui/[22m[2massets/[22m[36mclassDiagram-v2-Q7XG4LA2-Ct2JKUho.js         [39m[1m[2m    0.50 kB[22m[1m[22m[2m │ gzip:     0.33 kB[22m
[2mdist-deepcode-gui/[22m[2massets/[22m[36mchunk-2J33WTMH-BznKv_MQ.js                   [39m[1m[2m    0.53 kB[22m[1m[22m[2m │ gzip:     0.38 kB[22m
[2mdist-deepcode-gui/[22m[2massets/[22m[36minfoDiagram-5YYISTIA-DAJDqgeO.js             [39m[1m[2m    0.61 kB[22m[1m[22m[2m │ gzip:     0.42 kB[22m
[2mdist-deepcode-gui/[22m[2massets/[22m[36mnativeBrowser-lPvnZ2dJ.js                    [39m[1m[2m    0.80 kB[22m[1m[22m[2m │ gzip:     0.42 kB[22m
[2mdist-deepcode-gui/[22m[2massets/[22m[36mordinal-Cboi1Yqb.js                          [39m[1m[2m    1.19 kB[22m[1m[22m[2m │ gzip:     0.57 kB[22m
[2mdist-deepcode-gui/[22m[2massets/[22m[36mheartbeatSocket-CqQoEzCJ.js                  [39m[1m[2m    1.43 kB[22m[1m[22m[2m │ gzip:     0.68 kB[22m
[2mdist-deepcode-gui/[22m[2massets/[22m[36mchunk-ND2GUHAM-Xrff6LWK.js                   [39m[1m[2m    1.89 kB[22m[1m[22m[2m │ gzip:     0.83 kB[22m
[2mdist-deepcode-gui/[22m[2massets/[22m[36mDocumentPreview-CPITyRH8.js                  [39m[1m[2m    2.47 kB[22m[1m[22m[2m │ gzip:     1.22 kB[22m
[2mdist-deepcode-gui/[22m[2massets/[22m[36mdiagram-5GNKFQAL-Dh6pcZr1.js                 [39m[1m[2m    2.80 kB[22m[1m[22m[2m │ gzip:     1.39 kB[22m
[2mdist-deepcode-gui/[22m[2massets/[22m[36marc-BhARagIz.js                              [39m[1m[2m    3.43 kB[22m[1m[22m[2m │ gzip:     1.48 kB[22m
[2mdist-deepcode-gui/[22m[2massets/[22m[36mdiagram-LMA3HP47-mVkKFOmf.js                 [39m[1m[2m    4.28 kB[22m[1m[22m[2m │ gzip:     1.88 kB[22m
[2mdist-deepcode-gui/[22m[2massets/[22m[36mdefaultLocale-CrowFXzY.js                    [39m[1m[2m    4.69 kB[22m[1m[22m[2m │ gzip:     2.18 kB[22m
[2mdist-deepcode-gui/[22m[2massets/[22m[36mpieDiagram-4H26LBE5-C9YnRiZU.js              [39m[1m[2m    5.36 kB[22m[1m[22m[2m │ gzip:     2.38 kB[22m
[2mdist-deepcode-gui/[22m[2massets/[22m[36mlinear-B7_0s4We.js                           [39m[1m[2m    5.66 kB[22m[1m[22m[2m │ gzip:     2.31 kB[22m
[2mdist-deepcode-gui/[22m[2massets/[22m[36mdiagram-2AECGRRQ-CfZN2U-Y.js                 [39m[1m[2m    6.01 kB[22m[1m[22m[2m │ gzip:     2.54 kB[22m
[2mdist-deepcode-gui/[22m[2massets/[22m[36mstateDiagram-AJRCARHV-idDw2G6Y.js            [39m[1m[2m   10.39 kB[22m[1m[22m[2m │ gzip:     3.64 kB[22m
[2mdist-deepcode-gui/[22m[2massets/[22m[36mdiagram-KO2AKTUF-3RjjPIU5.js                 [39m[1m[2m   10.86 kB[22m[1m[22m[2m │ gzip:     4.19 kB[22m
[2mdist-deepcode-gui/[22m[2massets/[22m[36mdagre-BM42HDAG-C6id22tw.js                   [39m[1m[2m   11.42 kB[22m[1m[22m[2m │ gzip:     4.22 kB[22m
[2mdist-deepcode-gui/[22m[2massets/[22m[36mdiagram-OG6HWLK6-BbDZ4W2z.js                 [39m[1m[2m   15.96 kB[22m[1m[22m[2m │ gzip:     5.71 kB[22m
[2mdist-deepcode-gui/[22m[2massets/[22m[36mishikawaDiagram-YF4QCWOH-B0sPw9Of.js         [39m[1m[2m   17.60 kB[22m[1m[22m[2m │ gzip:     6.70 kB[22m
[2mdist-deepcode-gui/[22m[2massets/[22m[36mkanban-definition-UN3LZRKU-uPdRA7BW.js       [39m[1m[2m   20.74 kB[22m[1m[22m[2m │ gzip:     7.31 kB[22m
[2mdist-deepcode-gui/[22m[2massets/[22m[36mmindmap-definition-RKZ34NQL-Tig65AR9.js      [39m[1m[2m   23.40 kB[22m[1m[22m[2m │ gzip:     7.91 kB[22m
[2mdist-deepcode-gui/[22m[2massets/[22m[36msankeyDiagram-5OEKKPKP-C_f8BApW.js           [39m[1m[2m   23.43 kB[22m[1m[22m[2m │ gzip:     8.60 kB[22m
[2mdist-deepcode-gui/[22m[2massets/[22m[36mjourneyDiagram-JHISSGLW-DYbFYouf.js          [39m[1m[2m   23.61 kB[22m[1m[22m[2m │ gzip:     8.37 kB[22m
[2mdist-deepcode-gui/[22m[2massets/[22m[36mgraph-BEmEBUp_.js                            [39m[1m[2m   23.95 kB[22m[1m[22m[2m │ gzip:     8.32 kB[22m
[2mdist-deepcode-gui/[22m[2massets/[22m[36mwardleyDiagram-YWT4CUSO-CHvGZbEW.js          [39m[1m[2m   26.14 kB[22m[1m[22m[2m │ gzip:     6.96 kB[22m
[2mdist-deepcode-gui/[22m[2massets/[22m[36merDiagram-TEJ5UH35-B79-96YF.js               [39m[1m[2m   27.02 kB[22m[1m[22m[2m │ gzip:     9.40 kB[22m
[2mdist-deepcode-gui/[22m[2massets/[22m[36mgitGraphDiagram-PVQCEYII-BFKBjKio.js         [39m[1m[2m   29.98 kB[22m[1m[22m[2m │ gzip:     8.90 kB[22m
[2mdist-deepcode-gui/[22m[2massets/[22m[36mrequirementDiagram-4Y6WPE33-BSym5WIZ.js      [39m[1m[2m   31.25 kB[22m[1m[22m[2m │ gzip:     9.84 kB[22m
[2mdist-deepcode-gui/[22m[2massets/[22m[36mtimeline-definition-PNZ67QCA-BUfNvtbZ.js     [39m[1m[2m   31.38 kB[22m[1m[22m[2m │ gzip:    10.44 kB[22m
[2mdist-deepcode-gui/[22m[2massets/[22m[36mquadrantDiagram-W4KKPZXB-CWEvdgNL.js         [39m[1m[2m   34.54 kB[22m[1m[22m[2m │ gzip:    10.16 kB[22m
[2mdist-deepcode-gui/[22m[2massets/[22m[36mlayout-Bw0msyOw.js                           [39m[1m[2m   35.83 kB[22m[1m[22m[2m │ gzip:    12.87 kB[22m
[2mdist-deepcode-gui/[22m[2massets/[22m[36mchunk-AQP2D5EJ-iL77LA5M.js                   [39m[1m[2m   37.58 kB[22m[1m[22m[2m │ gzip:    12.24 kB[22m
[2mdist-deepcode-gui/[22m[2massets/[22m[36mxychartDiagram-2RQKCTM6-CYpqbFlj.js          [39m[1m[2m   40.43 kB[22m[1m[22m[2m │ gzip:    11.58 kB[22m
[2mdist-deepcode-gui/[22m[2massets/[22m[36mvennDiagram-CIIHVFJN-C6ZafbtB.js             [39m[1m[2m   41.87 kB[22m[1m[22m[2m │ gzip:    15.60 kB[22m
[2mdist-deepcode-gui/[22m[2massets/[22m[36mchunk-727SXJPM-D5q4L6SI.js                   [39m[1m[2m   49.08 kB[22m[1m[22m[2m │ gzip:    15.75 kB[22m
[2mdist-deepcode-gui/[22m[2massets/[22m[36mflowDiagram-I6XJVG4X-YVsGYpaW.js             [39m[1m[2m   61.23 kB[22m[1m[22m[2m │ gzip:    19.54 kB[22m
[2mdist-deepcode-gui/[22m[2massets/[22m[36mSettingsCenter-D9fnEYLs.js                   [39m[1m[2m   63.49 kB[22m[1m[22m[2m │ gzip:    17.45 kB[22m
[2mdist-deepcode-gui/[22m[2massets/[22m[36mganttDiagram-6RSMTGT7-BsW2yWTC.js            [39m[1m[2m   69.61 kB[22m[1m[22m[2m │ gzip:    23.50 kB[22m
[2mdist-deepcode-gui/[22m[2massets/[22m[36mc4Diagram-AAUBKEIU-B-COfbqa.js               [39m[1m[2m   70.01 kB[22m[1m[22m[2m │ gzip:    19.67 kB[22m
[2mdist-deepcode-gui/[22m[2massets/[22m[36mblockDiagram-GPEHLZMM-CTuet7e6.js            [39m[1m[2m   74.95 kB[22m[1m[22m[2m │ gzip:    21.59 kB[22m
[2mdist-deepcode-gui/[22m[2massets/[22m[36mcose-bilkent-S5V4N54A-D3YQ1i_6.js            [39m[1m[2m   81.75 kB[22m[1m[22m[2m │ gzip:    22.50 kB[22m
[2mdist-deepcode-gui/[22m[2massets/[22m[36msequenceDiagram-3UESZ5HK-RNXrrLDO.js         [39m[1m[2m  117.36 kB[22m[1m[22m[2m │ gzip:    31.21 kB[22m
[2mdist-deepcode-gui/[22m[2massets/[22m[36marchitectureDiagram-3BPJPVTR-DJBeixtC.js     [39m[1m[2m  149.80 kB[22m[1m[22m[2m │ gzip:    42.34 kB[22m
[2mdist-deepcode-gui/[22m[2massets/[22m[36mDeepCodeWorkbenchLayout-CUVwGCas.js          [39m[1m[2m  181.88 kB[22m[1m[22m[2m │ gzip:    53.55 kB[22m
[2mdist-deepcode-gui/[22m[2massets/[22m[36mindex-Dp8DmW2d.js                            [39m[1m[2m  194.79 kB[22m[1m[22m[2m │ gzip:    57.05 kB[22m
[2mdist-deepcode-gui/[22m[2massets/[22m[36mvendor-hm4ty368.js                           [39m[1m[2m  194.95 kB[22m[1m[22m[2m │ gzip:    61.11 kB[22m
[2mdist-deepcode-gui/[22m[2massets/[22m[36mmarkdown-renderer-BS8CfNrM.js                [39m[1m[2m  430.66 kB[22m[1m[22m[2m │ gzip:   128.50 kB[22m
[2mdist-deepcode-gui/[22m[2massets/[22m[36mcytoscape.esm-LDYqcvCF.js                    [39m[1m[2m  442.60 kB[22m[1m[22m[2m │ gzip:   141.99 kB[22m
[2mdist-deepcode-gui/[22m[2massets/[22m[36mPdfDocumentPreview-q97BDdlr.js               [39m[1m[2m  543.41 kB[22m[1m[22m[2m │ gzip:   165.95 kB[22m
[2mdist-deepcode-gui/[22m[2massets/[22m[36mwardley-L42UT6IY-D3evBIr9.js                 [39m[1m[2m  615.62 kB[22m[1m[22m[2m │ gzip:   148.59 kB[22m
[2mdist-deepcode-gui/[22m[2massets/[22m[36mmermaid.core-HIhuBQw7.js                     [39m[1m[2m  618.71 kB[22m[1m[22m[2m │ gzip:   148.12 kB[22m
[2mdist-deepcode-gui/[22m[2massets/[22m[36mmonaco-D5GO8rA_.js                           [39m[1m[33m4,294.47 kB[39m[22m[2m │ gzip: 1,103.23 kB[22m
[33m
(!) Some chunks are larger than 650 kB after minification. Consider:
- Using dynamic import() to code-split the application
- Use build.rollupOptions.output.manualChunks to improve chunking: https://rollupjs.org/configuration-options/#output-manualchunks
- Adjust chunk size limit for this warning via build.chunkSizeWarningLimit.[39m
[32m✓ built in 57.58s[39m
warning: untracked cache is disabled on this system or location
==[build][outputs]== /workspace/userspace/gui/dist
==[build][outputs]== /workspace/userspace/gui/dist-deepcode-gui

==[build][SUCCESS]== completed at 2026-09-15T15:42:23+00:00; elapsed=174s
==[macos-package]== frontend product set completed in 175s
==[macos-package]== build Darwin Kernel/private Host proxy/CLI/TUI release binaries
warning: function `unavailable` is never used
  --> crates/deepcode-kernel-runtime/src/workspace_sandbox.rs:59:15
   |
59 | pub(crate) fn unavailable(tool: &str, message: impl Into<String>) -> KernelError {
   |               ^^^^^^^^^^^
   |
   = note: `#[warn(dead_code)]` on by default

warning: function `writable_paths` is never used
  --> crates/deepcode-kernel-runtime/src/workspace_sandbox.rs:74:15
   |
74 | pub(crate) fn writable_paths(
   |               ^^^^^^^^^^^^^^

warning: `deepcode-kernel-runtime` (lib) generated 2 warnings
   Compiling deepcode-kernel-daemon v0.5.60 (/Users/wangdi/Desktop/Project/DeepCode/DeepCode-dev-main/crates/deepcode-kernel-daemon)
    Finished `release` profile [optimized] target(s) in 42.00s
==[macos-package]== Darwin shared binaries completed in 42s
==[macos-package]== build macOS DeepCode-GUI Tauri shell binary
    Finished `release` profile [optimized] target(s) in 0.98s
==[macos-package]== DeepCode-GUI Tauri shell completed in 1s
==[macos-package]== stage DeepCode-GUI.app
==[macos-package]== DeepCode-GUI bundled frontend assets: assets/index-Dl2YheDx.css assets/index-Dp8DmW2d.js assets/monaco-D5GO8rA_.js assets/monaco-qiF_U8vl.css assets/vendor-hm4ty368.js
==[macos-package]== ad-hoc sign DeepCode-GUI.app
==[macos-package]== DeepCode-GUI app staging completed in 2s
==[macos-package]== build macOS DeepCode Tauri shell binary
    Finished `release` profile [optimized] target(s) in 0.70s
==[macos-package]== DeepCode Tauri shell completed in 1s
==[macos-package]== stage DeepCode.app
==[macos-package]== DeepCode bundled frontend assets: assets/index-BGFgxlvB.css assets/index-WfdMIMcW.js assets/monaco-C2Yu2uKN.js assets/monaco-qiF_U8vl.css assets/vendor-hm4ty368.js
==[macos-package]== ad-hoc sign DeepCode.app
==[macos-package]== DeepCode app staging completed in 1s
==[macos-package]== prepare shared runtime in /Users/wangdi/Desktop/Project/DeepCode/DeepCode-dev-main/bin/macos-arm64
==[macos-package]== prepare portable config and Session root
==[macos-package]== shared runtime assembly completed in 1s
==[macos-package]== DeepCode bundled frontend assets: assets/index-BGFgxlvB.css assets/index-WfdMIMcW.js assets/monaco-C2Yu2uKN.js assets/monaco-qiF_U8vl.css assets/vendor-hm4ty368.js
==[macos-package]== product-set publish completed in 3s
==[macos-package]== done: /Users/wangdi/Desktop/Project/DeepCode/DeepCode-dev-main/bin/macos-arm64
==[macos-package]== GUI: open /Users/wangdi/Desktop/Project/DeepCode/DeepCode-dev-main/bin/macos-arm64/DeepCode-GUI.app
==[macos-package]== GUI: open /Users/wangdi/Desktop/Project/DeepCode/DeepCode-dev-main/bin/macos-arm64/DeepCode.app
==[macos-package]== TUI: open /Users/wangdi/Desktop/Project/DeepCode/DeepCode-dev-main/bin/macos-arm64/DeepCode-TUI.command
==[macos-package]== CLI: open /Users/wangdi/Desktop/Project/DeepCode/DeepCode-dev-main/bin/macos-arm64/DeepCode-CLI.command or run it with arguments
